Component: ARM Compiler 5.06 update 6 (build 750) Tool: armlink [4d35ed]

==============================================================================

Section Cross References

    startup_stm32f407xx.o(STACK) refers (Special) to heapauxi.o(.text) for __use_two_region_memory
    startup_stm32f407xx.o(HEAP) refers (Special) to heapauxi.o(.text) for __use_two_region_memory
    startup_stm32f407xx.o(RESET) refers (Special) to heapauxi.o(.text) for __use_two_region_memory
    startup_stm32f407xx.o(RESET) refers to startup_stm32f407xx.o(STACK) for __initial_sp
    startup_stm32f407xx.o(RESET) refers to startup_stm32f407xx.o(.text) for Reset_Handler
    startup_stm32f407xx.o(RESET) refers to stm32f4xx_it.o(i.NMI_Handler) for NMI_Handler
    startup_stm32f407xx.o(RESET) refers to stm32f4xx_it.o(i.HardFault_Handler) for HardFault_Handler
    startup_stm32f407xx.o(RESET) refers to stm32f4xx_it.o(i.MemManage_Handler) for MemManage_Handler
    startup_stm32f407xx.o(RESET) refers to stm32f4xx_it.o(i.BusFault_Handler) for BusFault_Handler
    startup_stm32f407xx.o(RESET) refers to stm32f4xx_it.o(i.UsageFault_Handler) for UsageFault_Handler
    startup_stm32f407xx.o(RESET) refers to stm32f4xx_it.o(i.SVC_Handler) for SVC_Handler
    startup_stm32f407xx.o(RESET) refers to stm32f4xx_it.o(i.DebugMon_Handler) for DebugMon_Handler
    startup_stm32f407xx.o(RESET) refers to stm32f4xx_it.o(i.PendSV_Handler) for PendSV_Handler
    startup_stm32f407xx.o(RESET) refers to stm32f4xx_it.o(i.SysTick_Handler) for SysTick_Handler
    startup_stm32f407xx.o(RESET) refers to stm32f4xx_it.o(i.DMA1_Stream1_IRQHandler) for DMA1_Stream1_IRQHandler
    startup_stm32f407xx.o(RESET) refers to stm32f4xx_it.o(i.DMA1_Stream3_IRQHandler) for DMA1_Stream3_IRQHandler
    startup_stm32f407xx.o(RESET) refers to stm32f4xx_it.o(i.DMA1_Stream5_IRQHandler) for DMA1_Stream5_IRQHandler
    startup_stm32f407xx.o(RESET) refers to stm32f4xx_it.o(i.DMA1_Stream6_IRQHandler) for DMA1_Stream6_IRQHandler
    startup_stm32f407xx.o(RESET) refers to stm32f4xx_it.o(i.TIM4_IRQHandler) for TIM4_IRQHandler
    startup_stm32f407xx.o(RESET) refers to stm32f4xx_it.o(i.DMA2_Stream0_IRQHandler) for DMA2_Stream0_IRQHandler
    startup_stm32f407xx.o(RESET) refers to stm32f4xx_it.o(i.DMA2_Stream2_IRQHandler) for DMA2_Stream2_IRQHandler
    startup_stm32f407xx.o(RESET) refers to stm32f4xx_it.o(i.DMA2_Stream7_IRQHandler) for DMA2_Stream7_IRQHandler
    startup_stm32f407xx.o(.text) refers (Special) to heapauxi.o(.text) for __use_two_region_memory
    startup_stm32f407xx.o(.text) refers to system_stm32f4xx_1.o(i.SystemInit) for SystemInit
    startup_stm32f407xx.o(.text) refers to __main.o(!!!main) for __main
    startup_stm32f407xx.o(.text) refers to startup_stm32f407xx.o(HEAP) for Heap_Mem
    startup_stm32f407xx.o(.text) refers to startup_stm32f407xx.o(STACK) for Stack_Mem
    motor.o(i.Left_Behind_Back) refers to stm32f4xx_hal_gpio.o(i.HAL_GPIO_WritePin) for HAL_GPIO_WritePin
    motor.o(i.Left_Behind_Go) refers to stm32f4xx_hal_gpio.o(i.HAL_GPIO_WritePin) for HAL_GPIO_WritePin
    motor.o(i.Left_Behind_Stop) refers to stm32f4xx_hal_gpio.o(i.HAL_GPIO_WritePin) for HAL_GPIO_WritePin
    motor.o(i.Left_Front_Back) refers to stm32f4xx_hal_gpio.o(i.HAL_GPIO_WritePin) for HAL_GPIO_WritePin
    motor.o(i.Left_Front_Go) refers to stm32f4xx_hal_gpio.o(i.HAL_GPIO_WritePin) for HAL_GPIO_WritePin
    motor.o(i.Left_Front_Stop) refers to stm32f4xx_hal_gpio.o(i.HAL_GPIO_WritePin) for HAL_GPIO_WritePin
    motor.o(i.MotorControl) refers to motor.o(i.Left_Front_Stop) for Left_Front_Stop
    motor.o(i.MotorControl) refers to motor.o(i.Right_Front_Stop) for Right_Front_Stop
    motor.o(i.MotorControl) refers to motor.o(i.Left_Behind_Stop) for Left_Behind_Stop
    motor.o(i.MotorControl) refers to motor.o(i.Right_Behind_Stop) for Right_Behind_Stop
    motor.o(i.MotorControl) refers to motor.o(i.Left_Front_Go) for Left_Front_Go
    motor.o(i.MotorControl) refers to motor.o(i.Right_Front_Go) for Right_Front_Go
    motor.o(i.MotorControl) refers to motor.o(i.Left_Behind_Go) for Left_Behind_Go
    motor.o(i.MotorControl) refers to motor.o(i.Left_Front_Back) for Left_Front_Back
    motor.o(i.MotorControl) refers to motor.o(i.Right_Front_Back) for Right_Front_Back
    motor.o(i.MotorControl) refers to motor.o(i.Left_Behind_Back) for Left_Behind_Back
    motor.o(i.MotorControl) refers to motor.o(i.Right_Behind_Back) for Right_Behind_Back
    motor.o(i.MotorControl) refers to motor.o(i.Right_Behind_Go) for Right_Behind_Go
    motor.o(i.MotorControl) refers to tim.o(.bss) for htim3
    motor.o(i.Right_Behind_Back) refers to stm32f4xx_hal_gpio.o(i.HAL_GPIO_WritePin) for HAL_GPIO_WritePin
    motor.o(i.Right_Behind_Go) refers to stm32f4xx_hal_gpio.o(i.HAL_GPIO_WritePin) for HAL_GPIO_WritePin
    motor.o(i.Right_Behind_Stop) refers to stm32f4xx_hal_gpio.o(i.HAL_GPIO_WritePin) for HAL_GPIO_WritePin
    motor.o(i.Right_Front_Back) refers to stm32f4xx_hal_gpio.o(i.HAL_GPIO_WritePin) for HAL_GPIO_WritePin
[...]
    ..\Drivers\STM32F4xx_HAL_Driver\Src\stm32f4xx_hal_flash_ex.c 0x00000000   Number         0  stm32f4xx_hal_flash_ex.o ABSOLUTE
    ..\Drivers\STM32F4xx_HAL_Driver\Src\stm32f4xx_hal_flash_ramfunc.c 0x00000000   Number         0  stm32f4xx_hal_flash_ramfunc.o ABSOLUTE
    ..\Drivers\STM32F4xx_HAL_Driver\Src\stm32f4xx_hal_gpio.c 0x00000000   Number         0  stm32f4xx_hal_gpio.o ABSOLUTE
    ..\Drivers\STM32F4xx_HAL_Driver\Src\stm32f4xx_hal_i2c.c 0x00000000   Number         0  stm32f4xx_hal_i2c.o ABSOLUTE
    ..\Drivers\STM32F4xx_HAL_Driver\Src\stm32f4xx_hal_i2c_ex.c 0x00000000   Number         0  stm32f4xx_hal_i2c_ex.o ABSOLUTE
    ..\Drivers\STM32F4xx_HAL_Driver\Src\stm32f4xx_hal_pwr.c 0x00000000   Number         0  stm32f4xx_hal_pwr.o ABSOLUTE
    ..\Drivers\STM32F4xx_HAL_Driver\Src\stm32f4xx_hal_pwr_ex.c 0x00000000   Number         0  stm32f4xx_hal_pwr_ex.o ABSOLUTE
    ..\Drivers\STM32F4xx_HAL_Driver\Src\stm32f4xx_hal_rcc.c 0x00000000   Number         0  stm32f4xx_hal_rcc.o ABSOLUTE
    ..\Drivers\STM32F4xx_HAL_Driver\Src\stm32f4xx_hal_rcc_ex.c 0x00000000   Number         0  stm32f4xx_hal_rcc_ex.o ABSOLUTE
    ..\Drivers\STM32F4xx_HAL_Driver\Src\stm32f4xx_hal_tim.c 0x00000000   Number         0  stm32f4xx_hal_tim.o ABSOLUTE
    ..\Drivers\STM32F4xx_HAL_Driver\Src\stm32f4xx_hal_tim_ex.c 0x00000000   Number         0  stm32f4xx_hal_tim_ex.o ABSOLUTE
    ..\Drivers\STM32F4xx_HAL_Driver\Src\stm32f4xx_hal_uart.c 0x00000000   Number         0  stm32f4xx_hal_uart.o ABSOLUTE
    ..\\Core\\Src\\usart.c                   0x00000000   Number         0  usart.o ABSOLUTE
    dc.s                                     0x00000000   Number         0  dc.o ABSOLUTE
    startup_stm32f407xx.s                    0x00000000   Number         0  startup_stm32f407xx.o ABSOLUTE
    track.c                                  0x00000000   Number         0  track_1.o ABSOLUTE
    track.c                                  0x00000000   Number         0  track_1.o ABSOLUTE
    user\\communication.c                    0x00000000   Number         0  communication.o ABSOLUTE
    user\\loop.c                             0x00000000   Number         0  loop.o ABSOLUTE
    user\\motor.c                            0x00000000   Number         0  motor.o ABSOLUTE
    user\communication.c                     0x00000000   Number         0  communication.o ABSOLUTE
    user\loop.c                              0x00000000   Number         0  loop.o ABSOLUTE
    user\motor.c                             0x00000000   Number         0  motor.o ABSOLUTE
    RESET                                    0x08000000   Section      392  startup_stm32f407xx.o(RESET)
    !!!main                                  0x08000188   Section        8  __main.o(!!!main)
    !!!scatter                               0x08000190   Section       52  __scatter.o(!!!scatter)
    !!handler_copy                           0x080001c4   Section       26  __scatter_copy.o(!!handler_copy)
    !!handler_zi                             0x080001e0   Section       28  __scatter_zi.o(!!handler_zi)
    .ARM.Collect$$libinit$$00000000          0x080001fc   Section        2  libinit.o(.ARM.Collect$$libinit$$00000000)
    .ARM.Collect$$libinit$$00000001          0x080001fe   Section        4  libinit2.o(.ARM.Collect$$libinit$$00000001)
    .ARM.Collect$$libinit$$00000004          0x08000202   Section        0  libinit2.o(.ARM.Collect$$libinit$$00000004)
    .ARM.Collect$$libinit$$0000000A          0x08000202   Section        0  libinit2.o(.ARM.Collect$$libinit$$0000000A)
    .ARM.Collect$$libinit$$0000000C          0x08000202   Section        0  libinit2.o(.ARM.Collect$$libinit$$0000000C)
    .ARM.Collect$$libinit$$0000000E          0x08000202   Section        0  libinit2.o(.ARM.Collect$$libinit$$0000000E)
    .ARM.Collect$$libinit$$00000011          0x08000202   Section        0  libinit2.o(.ARM.Collect$$libinit$$00000011)
    .ARM.Collect$$libinit$$00000013          0x08000202   Section        0  libinit2.o(.ARM.Collect$$libinit$$00000013)
    .ARM.Collect$$libinit$$00000015          0x08000202   Section        0  libinit2.o(.ARM.Collect$$libinit$$00000015)
    .ARM.Collect$$libinit$$00000017          0x08000202   Section        0  libinit2.o(.ARM.Collect$$libinit$$00000017)
    .ARM.Collect$$libinit$$00000019          0x08000202   Section        0  libinit2.o(.ARM.Collect$$libinit$$00000019)
    .ARM.Collect$$libinit$$0000001B          0x08000202   Section        0  libinit2.o(.ARM.Collect$$libinit$$0000001B)
    .ARM.Collect$$libinit$$0000001D          0x08000202   Section        0  libinit2.o(.ARM.Collect$$libinit$$0000001D)
    .ARM.Collect$$libinit$$0000001F          0x08000202   Section        0  libinit2.o(.ARM.Collect$$libinit$$0000001F)
    .ARM.Collect$$libinit$$00000021          0x08000202   Section        0  libinit2.o(.ARM.Collect$$libinit$$00000021)
    .ARM.Collect$$libinit$$00000023          0x08000202   Section        0  libinit2.o(.ARM.Collect$$libinit$$00000023)
    .ARM.Collect$$libinit$$00000025          0x08000202   Section        0  libinit2.o(.ARM.Collect$$libinit$$00000025)
    .ARM.Collect$$libinit$$0000002C          0x08000202   Section        0  libinit2.o(.ARM.Collect$$libinit$$0000002C)
    .ARM.Collect$$libinit$$0000002E          0x08000202   Section        0  libinit2.o(.ARM.Collect$$libinit$$0000002E)
    .ARM.Collect$$libinit$$00000030          0x08000202   Section        0  libinit2.o(.ARM.Collect$$libinit$$00000030)
    .ARM.Collect$$libinit$$00000032          0x08000202   Section        0  libinit2.o(.ARM.Collect$$libinit$$00000032)
    .ARM.Collect$$libinit$$00000033          0x08000202   Section        2  libinit2.o(.ARM.Collect$$libinit$$00000033)
    .ARM.Collect$$libshutdown$$00000000      0x08000204   Section        2  libshutdown.o(.ARM.Collect$$libshutdown$$00000000)
    .ARM.Collect$$libshutdown$$00000002      0x08000206   Section        0  libshutdown2.o(.ARM.Collect$$libshutdown$$00000002)
    .ARM.Collect$$libshutdown$$00000004      0x08000206   Section        0  libshutdown2.o(.ARM.Collect$$libshutdown$$00000004)
    .ARM.Collect$$libshutdown$$00000007      0x08000206   Section        0  libshutdown2.o(.ARM.Collect$$libshutdown$$00000007)
    .ARM.Collect$$libshutdown$$0000000A      0x08000206   Section        0  libshutdown2.o(.ARM.Collect$$libshutdown$$0000000A)
    .ARM.Collect$$libshutdown$$0000000C      0x08000206   Section        0  libshutdown2.o(.ARM.Collect$$libshutdown$$0000000C)
    .ARM.Collect$$libshutdown$$0000000F      0x08000206   Section        0  libshutdown2.o(.ARM.Collect$$libshutdown$$0000000F)
    .ARM.Collect$$libshutdown$$00000010      0x08000206   Section        2  libshutdown2.o(.ARM.Collect$$libshutdown$$00000010)
    .ARM.Collect$$rtentry$$00000000          0x08000208   Section        0  __rtentry.o(.ARM.Collect$$rtentry$$00000000)
    .ARM.Collect$$rtentry$$00000002          0x08000208   Section        0  __rtentry2.o(.ARM.Collect$$rtentry$$00000002)
    .ARM.Collect$$rtentry$$00000004          0x08000208   Section        6  __rtentry4.o(.ARM.Collect$$rtentry$$00000004)
    .ARM.Collect$$rtentry$$00000009          0x0800020e   Section        0  __rtentry2.o(.ARM.Collect$$rtentry$$00000009)
    .ARM.Collect$$rtentry$$0000000A          0x0800020e   Section        4  __rtentry2.o(.ARM.Collect$$rtentry$$0000000A)
    .ARM.Collect$$rtentry$$0000000C          0x08000212   Section        0  __rtentry2.o(.ARM.Collect$$rtentry$$0000000C)
    .ARM.Collect$$rtentry$$0000000D          0x08000212   Section        8  __rtentry2.o(.ARM.Collect$$rtentry$$0000000D)
    .ARM.Collect$$rtexit$$00000000           0x0800021a   Section        2  rtexit.o(.ARM.Collect$$rtexit$$00000000)
    .ARM.Collect$$rtexit$$00000002           0x0800021c   Section        0  rtexit2.o(.ARM.Collect$$rtexit$$00000002)
    .ARM.Collect$$rtexit$$00000003           0x0800021c   Section        4  rtexit2.o(.ARM.Collect$$rtexit$$00000003)
    .ARM.Collect$$rtexit$$00000004           0x08000220   Section        6  rtexit2.o(.ARM.Collect$$rtexit$$00000004)
    .text                                    0x08000228   Section       64  startup_stm32f407xx.o(.text)
    $v0                                      0x08000228   Number         0  startup_stm32f407xx.o(.text)
    .text                                    0x08000268   Section      238  lludivv7m.o(.text)
    .text                                    0x08000356   Section        0  strlen.o(.text)
    .text                                    0x08000394   Section       68  rt_memclr.o(.text)
    .text                                    0x080003d8   Section       78  rt_memclr_w.o(.text)
    .text                                    0x08000426   Section        0  heapauxi.o(.text)
    .text                                    0x0800042c   Section       74  sys_stackheap_outer.o(.text)
    .text                                    0x08000476   Section        0  exit.o(.text)
    .text                                    0x08000488   Section        8  libspace.o(.text)
    .text                                    0x08000490   Section        0  sys_exit.o(.text)
    .text                                    0x0800049c   Section        2  use_no_semi.o(.text)
    .text                                    0x0800049e   Section        0  indicate_semi.o(.text)
    i.ADC_DMAConvCplt                        0x0800049e   Section        0  stm32f4xx_hal_adc.o(i.ADC_DMAConvCplt)
    ADC_DMAConvCplt                          0x0800049f   Thumb Code   110  stm32f4xx_hal_adc.o(i.ADC_DMAConvCplt)
    i.ADC_DMAError                           0x0800050c   Section        0  stm32f4xx_hal_adc.o(i.ADC_DMAError)
    ADC_DMAError                             0x0800050d   Thumb Code    22  stm32f4xx_hal_adc.o(i.ADC_DMAError)
    i.ADC_DMAHalfConvCplt                    0x08000522   Section        0  stm32f4xx_hal_adc.o(i.ADC_DMAHalfConvCplt)
    ADC_DMAHalfConvCplt                      0x08000523   Thumb Code    10  stm32f4xx_hal_adc.o(i.ADC_DMAHalfConvCplt)
    i.ADC_Init                               0x0800052c   Section        0  stm32f4xx_hal_adc.o(i.ADC_Init)
    ADC_Init                                 0x0800052d   Thumb Code   284  stm32f4xx_hal_adc.o(i.ADC_Init)
    i.BusFault_Handler                       0x08000654   Section        0  stm32f4xx_it.o(i.BusFault_Handler)
    i.DMA1_Stream1_IRQHandler                0x08000658   Section        0  stm32f4xx_it.o(i.DMA1_Stream1_IRQHandler)
    i.DMA1_Stream3_IRQHandler                0x08000664   Section        0  stm32f4xx_it.o(i.DMA1_Stream3_IRQHandler)
    i.DMA1_Stream5_IRQHandler                0x08000670   Section        0  stm32f4xx_it.o(i.DMA1_Stream5_IRQHandler)
    i.DMA1_Stream6_IRQHandler                0x0800067c   Section        0  stm32f4xx_it.o(i.DMA1_Stream6_IRQHandler)
    i.DMA2_Stream0_IRQHandler                0x08000688   Section        0  stm32f4xx_it.o(i.DMA2_Stream0_IRQHandler)
    i.DMA2_Stream2_IRQHandler                0x08000694   Section        0  stm32f4xx_it.o(i.DMA2_Stream2_IRQHandler)
    i.DMA2_Stream7_IRQHandler                0x080006a0   Section        0  stm32f4xx_it.o(i.DMA2_Stream7_IRQHandler)
    i.DMA_CalcBaseAndBitshift                0x080006ac   Section        0  stm32f4xx_hal_dma.o(i.DMA_CalcBaseAndBitshift)
    DMA_CalcBaseAndBitshift                  0x080006ad   Thumb Code    34  stm32f4xx_hal_dma.o(i.DMA_CalcBaseAndBitshift)
    i.DMA_CheckFifoParam                     0x080006d4   Section        0  stm32f4xx_hal_dma.o(i.DMA_CheckFifoParam)
    DMA_CheckFifoParam                       0x080006d5   Thumb Code    84  stm32f4xx_hal_dma.o(i.DMA_CheckFifoParam)
    i.DMA_SetConfig                          0x08000728   Section        0  stm32f4xx_hal_dma.o(i.DMA_SetConfig)
    DMA_SetConfig                            0x08000729   Thumb Code    40  stm32f4xx_hal_dma.o(i.DMA_SetConfig)
    i.DebugMon_Handler                       0x08000750   Section        0  stm32f4xx_it.o(i.DebugMon_Handler)
    i.Error_Handler                          0x08000752   Section        0  main.o(i.Error_Handler)
    i.HAL_ADC_ConfigChannel                  0x08000758   Section        0  stm32f4xx_hal_adc.o(i.HAL_ADC_ConfigChannel)
    i.HAL_ADC_ConvCpltCallback               0x080008a4   Section        0  stm32f4xx_hal_adc.o(i.HAL_ADC_ConvCpltCallback)
    i.HAL_ADC_ConvHalfCpltCallback           0x080008a6   Section        0  stm32f4xx_hal_adc.o(i.HAL_ADC_ConvHalfCpltCallback)
    i.HAL_ADC_ErrorCallback                  0x080008a8   Section        0  stm32f4xx_hal_adc.o(i.HAL_ADC_ErrorCallback)
    i.HAL_ADC_Init                           0x080008aa   Section        0  stm32f4xx_hal_adc.o(i.HAL_ADC_Init)
    i.HAL_ADC_MspInit                        0x08000900   Section        0  adc.o(i.HAL_ADC_MspInit)
    i.HAL_ADC_Start_DMA                      0x080009c4   Section        0  stm32f4xx_hal_adc.o(i.HAL_ADC_Start_DMA)
    i.HAL_DMA_IRQHandler                     0x08000b1c   Section        0  stm32f4xx_hal_dma.o(i.HAL_DMA_IRQHandler)
    i.HAL_DMA_Init                           0x08000cbc   Section        0  stm32f4xx_hal_dma.o(i.HAL_DMA_Init)
    i.HAL_DMA_Start_IT                       0x08000d90   Section        0  stm32f4xx_hal_dma.o(i.HAL_DMA_Start_IT)
    i.HAL_Delay                              0x08000e00   Section        0  stm32f4xx_hal.o(i.HAL_Delay)
    i.HAL_GPIO_Init                          0x08000e24   Section        0  stm32f4xx_hal_gpio.o(i.HAL_GPIO_Init)
    i.HAL_GPIO_WritePin                      0x08001014   Section        0  stm32f4xx_hal_gpio.o(i.HAL_GPIO_WritePin)
    i.HAL_GetTick                            0x08001020   Section        0  stm32f4xx_hal.o(i.HAL_GetTick)
    i.HAL_I2C_Init                           0x0800102c   Section        0  stm32f4xx_hal_i2c.o(i.HAL_I2C_Init)
    i.HAL_I2C_MspInit                        0x080011b4   Section        0  i2c.o(i.HAL_I2C_MspInit)
    i.HAL_IncTick                            0x08001220   Section        0  stm32f4xx_hal.o(i.HAL_IncTick)
    i.HAL_Init                               0x08001230   Section        0  stm32f4xx_hal.o(i.HAL_Init)
    i.HAL_InitTick                           0x08001264   Section        0  stm32f4xx_hal.o(i.HAL_InitTick)
    i.HAL_MspInit                            0x080012a4   Section        0  stm32f4xx_hal_msp.o(i.HAL_MspInit)
    i.HAL_NVIC_EnableIRQ                     0x080012d4   Section        0  stm32f4xx_hal_cortex.o(i.HAL_NVIC_EnableIRQ)
    i.HAL_NVIC_SetPriority                   0x080012f0   Section        0  stm32f4xx_hal_cortex.o(i.HAL_NVIC_SetPriority)
    i.HAL_NVIC_SetPriorityGrouping           0x08001330   Section        0  stm32f4xx_hal_cortex.o(i.HAL_NVIC_SetPriorityGrouping)
    i.HAL_RCC_ClockConfig                    0x08001354   Section        0  stm32f4xx_hal_rcc.o(i.HAL_RCC_ClockConfig)
    i.HAL_RCC_GetPCLK1Freq                   0x08001488   Section        0  stm32f4xx_hal_rcc.o(i.HAL_RCC_GetPCLK1Freq)
    i.HAL_RCC_GetPCLK2Freq                   0x080014a8   Section        0  stm32f4xx_hal_rcc.o(i.HAL_RCC_GetPCLK2Freq)
    i.HAL_RCC_GetSysClockFreq                0x080014c8   Section        0  stm32f4xx_hal_rcc.o(i.HAL_RCC_GetSysClockFreq)
    i.HAL_RCC_OscConfig                      0x08001528   Section        0  stm32f4xx_hal_rcc.o(i.HAL_RCC_OscConfig)
    i.HAL_SYSTICK_Config                     0x08001894   Section        0  stm32f4xx_hal_cortex.o(i.HAL_SYSTICK_Config)
    i.HAL_TIMEx_MasterConfigSynchronization  0x080018bc   Section        0  stm32f4xx_hal_tim_ex.o(i.HAL_TIMEx_MasterConfigSynchronization)
    i.HAL_TIM_Base_Init                      0x0800194c   Section        0  stm32f4xx_hal_tim.o(i.HAL_TIM_Base_Init)
    i.HAL_TIM_Base_MspInit                   0x080019a8   Section        0  tim.o(i.HAL_TIM_Base_MspInit)
    i.HAL_TIM_Base_Start_IT                  0x080019e4   Section        0  stm32f4xx_hal_tim.o(i.HAL_TIM_Base_Start_IT)
    i.HAL_TIM_ConfigClockSource              0x08001a64   Section        0  stm32f4xx_hal_tim.o(i.HAL_TIM_ConfigClockSource)
    i.HAL_TIM_MspPostInit                    0x08001b40   Section        0  tim.o(i.HAL_TIM_MspPostInit)
    i.HAL_TIM_PWM_ConfigChannel              0x08001bb8   Section        0  stm32f4xx_hal_tim.o(i.HAL_TIM_PWM_ConfigChannel)
    i.HAL_TIM_PWM_Init                       0x08001c84   Section        0  stm32f4xx_hal_tim.o(i.HAL_TIM_PWM_Init)
    i.HAL_TIM_PWM_MspInit                    0x08001ce0   Section        0  tim.o(i.HAL_TIM_PWM_MspInit)
    i.HAL_TIM_PWM_Start                      0x08001d08   Section        0  stm32f4xx_hal_tim.o(i.HAL_TIM_PWM_Start)
    i.HAL_UARTEx_ReceiveToIdle_DMA           0x08001dd0   Section        0  stm32f4xx_hal_uart.o(i.HAL_UARTEx_ReceiveToIdle_DMA)
    i.HAL_UARTEx_RxEventCallback             0x08001e1c   Section        0  main.o(i.HAL_UARTEx_RxEventCallback)
    i.HAL_UART_ErrorCallback                 0x08001ea4   Section        0  main.o(i.HAL_UART_ErrorCallback)
    i.HAL_UART_Init                          0x08001f1c   Section        0  stm32f4xx_hal_uart.o(i.HAL_UART_Init)
    i.HAL_UART_MspInit                       0x08001f80   Section        0  usart.o(i.HAL_UART_MspInit)
    i.HAL_UART_RxCpltCallback                0x0800225c   Section        0  stm32f4xx_hal_uart.o(i.HAL_UART_RxCpltCallback)
    i.HAL_UART_RxHalfCpltCallback            0x0800225e   Section        0  stm32f4xx_hal_uart.o(i.HAL_UART_RxHalfCpltCallback)
    i.HAL_UART_Transmit_DMA                  0x08002260   Section        0  stm32f4xx_hal_uart.o(i.HAL_UART_Transmit_DMA)
    i.HAL_UART_TxCpltCallback                0x080022e4   Section        0  stm32f4xx_hal_uart.o(i.HAL_UART_TxCpltCallback)
    i.HAL_UART_TxHalfCpltCallback            0x080022e6   Section        0  stm32f4xx_hal_uart.o(i.HAL_UART_TxHalfCpltCallback)
    i.HardFault_Handler                      0x080022e8   Section        0  stm32f4xx_it.o(i.HardFault_Handler)
    i.Left_Behind_Back                       0x080022ec   Section        0  motor.o(i.Left_Behind_Back)
    i.Left_Behind_Go                         0x08002310   Section        0  motor.o(i.Left_Behind_Go)
    i.Left_Behind_Stop                       0x08002330   Section        0  motor.o(i.Left_Behind_Stop)
    i.Left_Front_Back                        0x08002354   Section        0  motor.o(i.Left_Front_Back)
    i.Left_Front_Go                          0x08002378   Section        0  motor.o(i.Left_Front_Go)
    i.Left_Front_Stop                        0x08002398   Section        0  motor.o(i.Left_Front_Stop)
    i.MX_ADC1_Init                           0x080023bc   Section        0  adc.o(i.MX_ADC1_Init)
    i.MX_DMA_Init                            0x08002478   Section        0  dma.o(i.MX_DMA_Init)
    i.MX_GPIO_Init                           0x08002514   Section        0  gpio.o(i.MX_GPIO_Init)
    i.MX_I2C1_Init                           0x080025f4   Section        0  i2c.o(i.MX_I2C1_Init)
    i.MX_TIM3_Init                           0x08002634   Section        0  tim.o(i.MX_TIM3_Init)
    i.MX_TIM4_Init                           0x080026d4   Section        0  tim.o(i.MX_TIM4_Init)
    i.MX_USART1_UART_Init                    0x0800273c   Section        0  usart.o(i.MX_USART1_UART_Init)
    i.MX_USART2_UART_Init                    0x08002774   Section        0  usart.o(i.MX_USART2_UART_Init)
    i.MX_USART3_UART_Init                    0x080027ac   Section        0  usart.o(i.MX_USART3_UART_Init)
    i.MemManage_Handler                      0x080027e4   Section        0  stm32f4xx_it.o(i.MemManage_Handler)
    i.MotorControl                           0x080027e8   Section        0  motor.o(i.MotorControl)
    i.NMI_Handler                            0x08002900   Section        0  stm32f4xx_it.o(i.NMI_Handler)
    i.PendSV_Handler                         0x08002902   Section        0  stm32f4xx_it.o(i.PendSV_Handler)
    i.Right_Behind_Back                      0x08002904   Section        0  motor.o(i.Right_Behind_Back)
    i.Right_Behind_Go                        0x08002928   Section        0  motor.o(i.Right_Behind_Go)
    i.Right_Behind_Stop                      0x0800294c   Section        0  motor.o(i.Right_Behind_Stop)
    i.Right_Front_Back                       0x08002974   Section        0  motor.o(i.Right_Front_Back)
    i.Right_Front_Go                         0x08002998   Section        0  motor.o(i.Right_Front_Go)
    i.Right_Front_Stop                       0x080029bc   Section        0  motor.o(i.Right_Front_Stop)
    i.SVC_Handler                            0x080029e0   Section        0  stm32f4xx_it.o(i.SVC_Handler)
    i.SysTick_Handler                        0x080029e2   Section        0  stm32f4xx_it.o(i.SysTick_Handler)
    i.SystemClock_Config                     0x080029e8   Section        0  main.o(i.SystemClock_Config)
    i.SystemInit                             0x08002a78   Section        0  system_stm32f4xx_1.o(i.SystemInit)
    i.TIM4_IRQHandler                        0x08002a88   Section        0  stm32f4xx_it.o(i.TIM4_IRQHandler)
    i.TIM_Base_SetConfig                     0x08002a8c   Section        0  stm32f4xx_hal_tim.o(i.TIM_Base_SetConfig)
    i.TIM_CCxChannelCmd                      0x08002b5c   Section        0  stm32f4xx_hal_tim.o(i.TIM_CCxChannelCmd)
    i.TIM_ETR_SetConfig                      0x08002b76   Section        0  stm32f4xx_hal_tim.o(i.TIM_ETR_SetConfig)
    i.TIM_ITRx_SetConfig                     0x08002b8a   Section        0  stm32f4xx_hal_tim.o(i.TIM_ITRx_SetConfig)
    TIM_ITRx_SetConfig                       0x08002b8b   Thumb Code    16  stm32f4xx_hal_tim.o(i.TIM_ITRx_SetConfig)
    i.TIM_OC1_SetConfig                      0x08002b9c   Section        0  stm32f4xx_hal_tim.o(i.TIM_OC1_SetConfig)
    TIM_OC1_SetConfig                        0x08002b9d   Thumb Code    88  stm32f4xx_hal_tim.o(i.TIM_OC1_SetConfig)
    i.TIM_OC2_SetConfig                      0x08002bfc   Section        0  stm32f4xx_hal_tim.o(i.TIM_OC2_SetConfig)
    i.TIM_OC3_SetConfig                      0x08002c68   Section        0  stm32f4xx_hal_tim.o(i.TIM_OC3_SetConfig)
    TIM_OC3_SetConfig                        0x08002c69   Thumb Code    96  stm32f4xx_hal_tim.o(i.TIM_OC3_SetConfig)
    i.TIM_OC4_SetConfig                      0x08002cd0   Section        0  stm32f4xx_hal_tim.o(i.TIM_OC4_SetConfig)
    TIM_OC4_SetConfig                        0x08002cd1   Thumb Code    70  stm32f4xx_hal_tim.o(i.TIM_OC4_SetConfig)
    i.TIM_TI1_ConfigInputStage               0x08002d20   Section        0  stm32f4xx_hal_tim.o(i.TIM_TI1_ConfigInputStage)
    TIM_TI1_ConfigInputStage                 0x08002d21   Thumb Code    34  stm32f4xx_hal_tim.o(i.TIM_TI1_ConfigInputStage)
    i.TIM_TI2_ConfigInputStage               0x08002d42   Section        0  stm32f4xx_hal_tim.o(i.TIM_TI2_ConfigInputStage)
    TIM_TI2_ConfigInputStage                 0x08002d43   Thumb Code    36  stm32f4xx_hal_tim.o(i.TIM_TI2_ConfigInputStage)
    i.Track_Init                             0x08002d68   Section        0  track_1.o(i.Track_Init)
    i.Track_LineFollower                     0x08002d7c   Section        0  track_1.o(i.Track_LineFollower)
    i.UART_DMAError                          0x08002eb8   Section        0  stm32f4xx_hal_uart.o(i.UART_DMAError)
    UART_DMAError                            0x08002eb9   Thumb Code    74  stm32f4xx_hal_uart.o(i.UART_DMAError)
    i.UART_DMAReceiveCplt                    0x08002f02   Section        0  stm32f4xx_hal_uart.o(i.UART_DMAReceiveCplt)
    UART_DMAReceiveCplt                      0x08002f03   Thumb Code   134  stm32f4xx_hal_uart.o(i.UART_DMAReceiveCplt)
    i.UART_DMARxHalfCplt                     0x08002f88   Section        0  stm32f4xx_hal_uart.o(i.UART_DMARxHalfCplt)
    UART_DMARxHalfCplt                       0x08002f89   Thumb Code    30  stm32f4xx_hal_uart.o(i.UART_DMARxHalfCplt)
    i.UART_DMATransmitCplt                   0x08002fa6   Section        0  stm32f4xx_hal_uart.o(i.UART_DMATransmitCplt)
    UART_DMATransmitCplt                     0x08002fa7   Thumb Code    66  stm32f4xx_hal_uart.o(i.UART_DMATransmitCplt)
    i.UART_DMATxHalfCplt                     0x08002fe8   Section        0  stm32f4xx_hal_uart.o(i.UART_DMATxHalfCplt)
    UART_DMATxHalfCplt                       0x08002fe9   Thumb Code    10  stm32f4xx_hal_uart.o(i.UART_DMATxHalfCplt)
    i.UART_EndRxTransfer                     0x08002ff2   Section        0  stm32f4xx_hal_uart.o(i.UART_EndRxTransfer)
    UART_EndRxTransfer                       0x08002ff3   Thumb Code    78  stm32f4xx_hal_uart.o(i.UART_EndRxTransfer)
    i.UART_EndTxTransfer                     0x08003040   Section        0  stm32f4xx_hal_uart.o(i.UART_EndTxTransfer)
    UART_EndTxTransfer                       0x08003041   Thumb Code    28  stm32f4xx_hal_uart.o(i.UART_EndTxTransfer)
    i.UART_SetConfig                         0x0800305c   Section        0  stm32f4xx_hal_uart.o(i.UART_SetConfig)
    UART_SetConfig                           0x0800305d   Thumb Code   258  stm32f4xx_hal_uart.o(i.UART_SetConfig)
    i.UART_Start_Receive_DMA                 0x08003168   Section        0  stm32f4xx_hal_uart.o(i.UART_Start_Receive_DMA)
    i.USART1_InitCommunication               0x08003208   Section        0  usart.o(i.USART1_InitCommunication)
    i.USART1_ProcessReceivedData             0x08003240   Section        0  usart.o(i.USART1_ProcessReceivedData)
    i.USART1_SendString                      0x08003274   Section        0  usart.o(i.USART1_SendString)
    i.USART2_InitCommunication               0x08003294   Section        0  usart.o(i.USART2_InitCommunication)
    i.USART2_ProcessReceivedData             0x080032cc   Section        0  usart.o(i.USART2_ProcessReceivedData)
    i.USART2_SendString                      0x08003300   Section        0  usart.o(i.USART2_SendString)
    i.USART3_InitCommunication               0x08003320   Section        0  usart.o(i.USART3_InitCommunication)
    i.USART3_ProcessReceivedData             0x08003358   Section        0  usart.o(i.USART3_ProcessReceivedData)
    i.USART3_SendString                      0x0800338c   Section        0  usart.o(i.USART3_SendString)
    i.UpdateSensorStates                     0x080033ac   Section        0  track_1.o(i.UpdateSensorStates)
    UpdateSensorStates                       0x080033ad   Thumb Code    80  track_1.o(i.UpdateSensorStates)
    i.UsageFault_Handler                     0x08003404   Section        0  stm32f4xx_it.o(i.UsageFault_Handler)
    i.__NVIC_SetPriority                     0x08003406   Section        0  stm32f4xx_hal_cortex.o(i.__NVIC_SetPriority)
    __NVIC_SetPriority                       0x08003407   Thumb Code    32  stm32f4xx_hal_cortex.o(i.__NVIC_SetPriority)
    i.main                                   0x08003428   Section        0  main.o(i.main)
    i.processRaspberryPiSignal               0x080034b0   Section        0  communication.o(i.processRaspberryPiSignal)
    processRaspberryPiSignal                 0x080034b1   Thumb Code   346  communication.o(i.processRaspberryPiSignal)
    i.processUartCommands                    0x080037a8   Section        0  communication.o(i.processUartCommands)
    x$fpl$fpinit                             0x080038c0   Section       10  fpinit.o(x$fpl$fpinit)
    $v0                                      0x080038c0   Number         0  fpinit.o(x$fpl$fpinit)
    .constdata                               0x080038ca   Section        8  stm32f4xx_hal_dma.o(.constdata)
    flagBitshiftOffset                       0x080038ca   Data           8  stm32f4xx_hal_dma.o(.constdata)
    .constdata                               0x080038d2   Section       16  system_stm32f4xx_1.o(.constdata)
    .constdata                               0x080038e2   Section        8  system_stm32f4xx_1.o(.constdata)
    .data                                    0x20000000   Section       10  usart.o(.data)
    .data                                    0x2000000c   Section       12  stm32f4xx_hal.o(.data)
    .data                                    0x20000018   Section        4  system_stm32f4xx_1.o(.data)
    .data                                    0x2000001c   Section       17  track_1.o(.data)
    state                                    0x2000001c   Data           1  track_1.o(.data)
    turn_time                                0x2000001d   Data           1  track_1.o(.data)
    delay_start_time                         0x20000020   Data           4  track_1.o(.data)
    turn_start_time                          0x20000024   Data           4  track_1.o(.data)
    .bss                                     0x20000030   Section      168  adc.o(.bss)
    .bss                                     0x200000d8   Section       84  i2c.o(.bss)
    .bss                                     0x2000012c   Section      144  tim.o(.bss)
    .bss                                     0x200001bc   Section     1092  usart.o(.bss)
    .bss                                     0x20000600   Section       10  track_1.o(.bss)
    .bss                                     0x2000060c   Section       96  libspace.o(.bss)
    HEAP                                     0x20000670   Section      512  startup_stm32f407xx.o(HEAP)
    Heap_Mem                                 0x20000670   Data         512  startup_stm32f407xx.o(HEAP)
    STACK                                    0x20000870   Section     1024  startup_stm32f407xx.o(STACK)
    Stack_Mem                                0x20000870   Data        1024  startup_stm32f407xx.o(STACK)
    __initial_sp                             0x20000c70   Data           0  startup_stm32f407xx.o(STACK)

    Global Symbols

    Symbol Name                              Value     Ov Type        Size  Object(Section)

    BuildAttributes$$THM_ISAv4$E$P$D$K$B$S$7EM$VFPi3$EXTD16$VFPS$VFMA$PE$A:L22UL41UL21$X:L11$S22US41US21$IEEE1$IW$USESV6$~STKCKD$USESV7$~SHL$OSPACE$ROPI$EBA8$UX$STANDARDLIB$REQ8$PRES8$EABIv2 0x00000000   Number         0  anon$$obj.o ABSOLUTE
    __ARM_use_no_argv                        0x00000000   Number         0  main.o ABSOLUTE
    __ARM_exceptions_init                     - Undefined Weak Reference
    __alloca_initialize                       - Undefined Weak Reference
    __arm_preinit_                            - Undefined Weak Reference
    __cpp_initialize__aeabi_                  - Undefined Weak Reference
    __cxa_finalize                            - Undefined Weak Reference
    __rt_locale                               - Undefined Weak Reference
    __sigvec_lookup                           - Undefined Weak Reference
    _atexit_init                              - Undefined Weak Reference
    _call_atexit_fns                          - Undefined Weak Reference
    _clock_init                               - Undefined Weak Reference
    _fp_trap_init                             - Undefined Weak Reference
    _fp_trap_shutdown                         - Undefined Weak Reference
    _get_lc_collate                           - Undefined Weak Reference
    _get_lc_ctype                             - Undefined Weak Reference
    _get_lc_monetary                          - Undefined Weak Reference
    _get_lc_numeric                           - Undefined Weak Reference
    _get_lc_time                              - Undefined Weak Reference
    _getenv_init                              - Undefined Weak Reference
    _handle_redirection                       - Undefined Weak Reference
    _init_alloc                               - Undefined Weak Reference
    _init_user_alloc                          - Undefined Weak Reference
    _initio                                   - Undefined Weak Reference
    _rand_init                                - Undefined Weak Reference
    _signal_finish                            - Undefined Weak Reference
    _signal_init                              - Undefined Weak Reference
    _terminate_alloc                          - Undefined Weak Reference
    _terminate_user_alloc                     - Undefined Weak Reference
    _terminateio                              - Undefined Weak Reference
    __Vectors_Size                           0x00000188   Number         0  startup_stm32f407xx.o ABSOLUTE
    __Vectors                                0x08000000   Data           4  startup_stm32f407xx.o(RESET)
    __Vectors_End                            0x08000188   Data           0  startup_stm32f407xx.o(RESET)
    __main                                   0x08000189   Thumb Code     8  __main.o(!!!main)
    __scatterload                            0x08000191   Thumb Code     0  __scatter.o(!!!scatter)
    __scatterload_rt2                        0x08000191   Thumb Code    44  __scatter.o(!!!scatter)
    __scatterload_rt2_thumb_only             0x08000191   Thumb Code     0  __scatter.o(!!!scatter)
    __scatterload_null                       0x0800019f   Thumb Code     0  __scatter.o(!!!scatter)
    __scatterload_copy                       0x080001c5   Thumb Code    26  __scatter_copy.o(!!handler_copy)
    __scatterload_zeroinit                   0x080001e1   Thumb Code    28  __scatter_zi.o(!!handler_zi)
    __rt_lib_init                            0x080001fd   Thumb Code     0  libinit.o(.ARM.Collect$$libinit$$00000000)
    __rt_lib_init_fp_1                       0x080001ff   Thumb Code     0  libinit2.o(.ARM.Collect$$libinit$$00000001)
    __rt_lib_init_alloca_1                   0x08000203   Thumb Code     0  libinit2.o(.ARM.Collect$$libinit$$0000002E)
    __rt_lib_init_argv_1                     0x08000203   Thumb Code     0  libinit2.o(.ARM.Collect$$libinit$$0000002C)
    __rt_lib_init_atexit_1                   0x08000203   Thumb Code     0  libinit2.o(.ARM.Collect$$libinit$$0000001B)
    __rt_lib_init_clock_1                    0x08000203   Thumb Code     0  libinit2.o(.ARM.Collect$$libinit$$00000021)
    __rt_lib_init_cpp_1                      0x08000203   Thumb Code     0  libinit2.o(.ARM.Collect$$libinit$$00000032)
    __rt_lib_init_exceptions_1               0x08000203   Thumb Code     0  libinit2.o(.ARM.Collect$$libinit$$00000030)
    __rt_lib_init_fp_trap_1                  0x08000203   Thumb Code     0  libinit2.o(.ARM.Collect$$libinit$$0000001F)
    __rt_lib_init_getenv_1                   0x08000203   Thumb Code     0  libinit2.o(.ARM.Collect$$libinit$$00000023)
    __rt_lib_init_heap_1                     0x08000203   Thumb Code     0  libinit2.o(.ARM.Collect$$libinit$$0000000A)
    __rt_lib_init_lc_collate_1               0x08000203   Thumb Code     0  libinit2.o(.ARM.Collect$$libinit$$00000011)
    __rt_lib_init_lc_ctype_1                 0x08000203   Thumb Code     0  libinit2.o(.ARM.Collect$$libinit$$00000013)
    __rt_lib_init_lc_monetary_1              0x08000203   Thumb Code     0  libinit2.o(.ARM.Collect$$libinit$$00000015)
    __rt_lib_init_lc_numeric_1               0x08000203   Thumb Code     0  libinit2.o(.ARM.Collect$$libinit$$00000017)
    __rt_lib_init_lc_time_1                  0x08000203   Thumb Code     0  libinit2.o(.ARM.Collect$$libinit$$00000019)
    __rt_lib_init_preinit_1                  0x08000203   Thumb Code     0  libinit2.o(.ARM.Collect$$libinit$$00000004)
    __rt_lib_init_rand_1                     0x08000203   Thumb Code     0  libinit2.o(.ARM.Collect$$libinit$$0000000E)
    __rt_lib_init_return                     0x08000203   Thumb Code     0  libinit2.o(.ARM.Collect$$libinit$$00000033)
    __rt_lib_init_signal_1                   0x08000203   Thumb Code     0  libinit2.o(.ARM.Collect$$libinit$$0000001D)
    __rt_lib_init_stdio_1                    0x08000203   Thumb Code     0  libinit2.o(.ARM.Collect$$libinit$$00000025)
    __rt_lib_init_user_alloc_1               0x08000203   Thumb Code     0  libinit2.o(.ARM.Collect$$libinit$$0000000C)
    __rt_lib_shutdown                        0x08000205   Thumb Code     0  libshutdown.o(.ARM.Collect$$libshutdown$$00000000)
    __rt_lib_shutdown_cpp_1                  0x08000207   Thumb Code     0  libshutdown2.o(.ARM.Collect$$libshutdown$$00000002)
    __rt_lib_shutdown_fp_trap_1              0x08000207   Thumb Code     0  libshutdown2.o(.ARM.Collect$$libshutdown$$00000007)
    __rt_lib_shutdown_heap_1                 0x08000207   Thumb Code     0  libshutdown2.o(.ARM.Collect$$libshutdown$$0000000F)
    __rt_lib_shutdown_return                 0x08000207   Thumb Code     0  libshutdown2.o(.ARM.Collect$$libshutdown$$00000010)
    __rt_lib_shutdown_signal_1               0x08000207   Thumb Code     0  libshutdown2.o(.ARM.Collect$$libshutdown$$0000000A)
    __rt_lib_shutdown_stdio_1                0x08000207   Thumb Code     0  libshutdown2.o(.ARM.Collect$$libshutdown$$00000004)
    __rt_lib_shutdown_user_alloc_1           0x08000207   Thumb Code     0  libshutdown2.o(.ARM.Collect$$libshutdown$$0000000C)
    __rt_entry                               0x08000209   Thumb Code     0  __rtentry.o(.ARM.Collect$$rtentry$$00000000)
    __rt_entry_presh_1                       0x08000209   Thumb Code     0  __rtentry2.o(.ARM.Collect$$rtentry$$00000002)
    __rt_entry_sh                            0x08000209   Thumb Code     0  __rtentry4.o(.ARM.Collect$$rtentry$$00000004)
    __rt_entry_li                            0x0800020f   Thumb Code     0  __rtentry2.o(.ARM.Collect$$rtentry$$0000000A)
    __rt_entry_postsh_1                      0x0800020f   Thumb Code     0  __rtentry2.o(.ARM.Collect$$rtentry$$00000009)
    __rt_entry_main                          0x08000213   Thumb Code     0  __rtentry2.o(.ARM.Collect$$rtentry$$0000000D)
    __rt_entry_postli_1                      0x08000213   Thumb Code     0  __rtentry2.o(.ARM.Collect$$rtentry$$0000000C)
    __rt_exit                                0x0800021b   Thumb Code     0  rtexit.o(.ARM.Collect$$rtexit$$00000000)
    __rt_exit_ls                             0x0800021d   Thumb Code     0  rtexit2.o(.ARM.Collect$$rtexit$$00000003)
    __rt_exit_prels_1                        0x0800021d   Thumb Code     0  rtexit2.o(.ARM.Collect$$rtexit$$00000002)
    __rt_exit_exit                           0x08000221   Thumb Code     0  rtexit2.o(.ARM.Collect$$rtexit$$00000004)
    Reset_Handler                            0x08000229   Thumb Code     8  startup_stm32f407xx.o(.text)
    ADC_IRQHandler                           0x08000243   Thumb Code     0  startup_stm32f407xx.o(.text)
    CAN1_RX0_IRQHandler                      0x08000243   Thumb Code     0  startup_stm32f407xx.o(.text)
    CAN1_RX1_IRQHandler                      0x08000243   Thumb Code     0  startup_stm32f407xx.o(.text)
    CAN1_SCE_IRQHandler                      0x08000243   Thumb Code     0  startup_stm32f407xx.o(.text)
    CAN1_TX_IRQHandler                       0x08000243   Thumb Code     0  startup_stm32f407xx.o(.text)
    CAN2_RX0_IRQHandler                      0x08000243   Thumb Code     0  startup_stm32f407xx.o(.text)
    CAN2_RX1_IRQHandler                      0x08000243   Thumb Code     0  startup_stm32f407xx.o(.text)
    CAN2_SCE_IRQHandler                      0x08000243   Thumb Code     0  startup_stm32f407xx.o(.text)
    CAN2_TX_IRQHandler                       0x08000243   Thumb Code     0  startup_stm32f407xx.o(.text)
    DCMI_IRQHandler                          0x08000243   Thumb Code     0  startup_stm32f407xx.o(.text)
    DMA1_Stream0_IRQHandler                  0x08000243   Thumb Code     0  startup_stm32f407xx.o(.text)
    DMA1_Stream2_IRQHandler                  0x08000243   Thumb Code     0  startup_stm32f407xx.o(.text)
    DMA1_Stream4_IRQHandler                  0x08000243   Thumb Code     0  startup_stm32f407xx.o(.text)
    DMA1_Stream7_IRQHandler                  0x08000243   Thumb Code     0  startup_stm32f407xx.o(.text)
    DMA2_Stream1_IRQHandler                  0x08000243   Thumb Code     0  startup_stm32f407xx.o(.text)
    DMA2_Stream3_IRQHandler                  0x08000243   Thumb Code     0  startup_stm32f407xx.o(.text)
    DMA2_Stream4_IRQHandler                  0x08000243   Thumb Code     0  startup_stm32f407xx.o(.text)
    DMA2_Stream5_IRQHandler                  0x08000243   Thumb Code     0  startup_stm32f407xx.o(.text)
    DMA2_Stream6_IRQHandler                  0x08000243   Thumb Code     0  startup_stm32f407xx.o(.text)
    ETH_IRQHandler                           0x08000243   Thumb Code     0  startup_stm32f407xx.o(.text)
    ETH_WKUP_IRQHandler                      0x08000243   Thumb Code     0  startup_stm32f407xx.o(.text)
    EXTI0_IRQHandler                         0x08000243   Thumb Code     0  startup_stm32f407xx.o(.text)
    EXTI15_10_IRQHandler                     0x08000243   Thumb Code     0  startup_stm32f407xx.o(.text)
    EXTI1_IRQHandler                         0x08000243   Thumb Code     0  startup_stm32f407xx.o(.text)
    EXTI2_IRQHandler                         0x08000243   Thumb Code     0  startup_stm32f407xx.o(.text)
    EXTI3_IRQHandler                         0x08000243   Thumb Code     0  startup_stm32f407xx.o(.text)
    EXTI4_IRQHandler                         0x08000243   Thumb Code     0  startup_stm32f407xx.o(.text)
    EXTI9_5_IRQHandler                       0x08000243   Thumb Code     0  startup_stm32f407xx.o(.text)
    FLASH_IRQHandler                         0x08000243   Thumb Code     0  startup_stm32f407xx.o(.text)
    FMC_IRQHandler                           0x08000243   Thumb Code     0  startup_stm32f407xx.o(.text)
    FPU_IRQHandler                           0x08000243   Thumb Code     0  startup_stm32f407xx.o(.text)
    HASH_RNG_IRQHandler                      0x08000243   Thumb Code     0  startup_stm32f407xx.o(.text)
    I2C1_ER_IRQHandler                       0x08000243   Thumb Code     0  startup_stm32f407xx.o(.text)
    I2C1_EV_IRQHandler                       0x08000243   Thumb Code     0  startup_stm32f407xx.o(.text)
    I2C2_ER_IRQHandler                       0x08000243   Thumb Code     0  startup_stm32f407xx.o(.text)
    I2C2_EV_IRQHandler                       0x08000243   Thumb Code     0  startup_stm32f407xx.o(.text)
    I2C3_ER_IRQHandler                       0x08000243   Thumb Code     0  startup_stm32f407xx.o(.text)
    I2C3_EV_IRQHandler                       0x08000243   Thumb Code     0  startup_stm32f407xx.o(.text)
    OTG_FS_IRQHandler                        0x08000243   Thumb Code     0  startup_stm32f407xx.o(.text)
    OTG_FS_WKUP_IRQHandler                   0x08000243   Thumb Code     0  startup_stm32f407xx.o(.text)
    OTG_HS_EP1_IN_IRQHandler                 0x08000243   Thumb Code     0  startup_stm32f407xx.o(.text)
    OTG_HS_EP1_OUT_IRQHandler                0x08000243   Thumb Code     0  startup_stm32f407xx.o(.text)
    OTG_HS_IRQHandler                        0x08000243   Thumb Code     0  startup_stm32f407xx.o(.text)
    OTG_HS_WKUP_IRQHandler                   0x08000243   Thumb Code     0  startup_stm32f407xx.o(.text)
    PVD_IRQHandler                           0x08000243   Thumb Code     0  startup_stm32f407xx.o(.text)
    RCC_IRQHandler                           0x08000243   Thumb Code     0  startup_stm32f407xx.o(.text)
    RTC_Alarm_IRQHandler                     0x08000243   Thumb Code     0  startup_stm32f407xx.o(.text)
    RTC_WKUP_IRQHandler                      0x08000243   Thumb Code     0  startup_stm32f407xx.o(.text)
    SDIO_IRQHandler                          0x08000243   Thumb Code     0  startup_stm32f407xx.o(.text)
    SPI1_IRQHandler                          0x08000243   Thumb Code     0  startup_stm32f407xx.o(.text)
    SPI2_IRQHandler                          0x08000243   Thumb Code     0  startup_stm32f407xx.o(.text)
    SPI3_IRQHandler                          0x08000243   Thumb Code     0  startup_stm32f407xx.o(.text)
    TAMP_STAMP_IRQHandler                    0x08000243   Thumb Code     0  startup_stm32f407xx.o(.text)
    TIM1_BRK_TIM9_IRQHandler                 0x08000243   Thumb Code     0  startup_stm32f407xx.o(.text)
    TIM1_CC_IRQHandler                       0x08000243   Thumb Code     0  startup_stm32f407xx.o(.text)
    TIM1_TRG_COM_TIM11_IRQHandler            0x08000243   Thumb Code     0  startup_stm32f407xx.o(.text)
    TIM1_UP_TIM10_IRQHandler                 0x08000243   Thumb Code     0  startup_stm32f407xx.o(.text)
    TIM2_IRQHandler                          0x08000243   Thumb Code     0  startup_stm32f407xx.o(.text)
    TIM3_IRQHandler                          0x08000243   Thumb Code     0  startup_stm32f407xx.o(.text)
    TIM5_IRQHandler                          0x08000243   Thumb Code     0  startup_stm32f407xx.o(.text)
    TIM6_DAC_IRQHandler                      0x08000243   Thumb Code     0  startup_stm32f407xx.o(.text)
    TIM7_IRQHandler                          0x08000243   Thumb Code     0  startup_stm32f407xx.o(.text)
    TIM8_BRK_TIM12_IRQHandler                0x08000243   Thumb Code     0  startup_stm32f407xx.o(.text)
    TIM8_CC_IRQHandler                       0x08000243   Thumb Code     0  startup_stm32f407xx.o(.text)
    TIM8_TRG_COM_TIM14_IRQHandler            0x08000243   Thumb Code     0  startup_stm32f407xx.o(.text)
    TIM8_UP_TIM13_IRQHandler                 0x08000243   Thumb Code     0  startup_stm32f407xx.o(.text)
    UART4_IRQHandler                         0x08000243   Thumb Code     0  startup_stm32f407xx.o(.text)
    UART5_IRQHandler                         0x08000243   Thumb Code     0  startup_stm32f407xx.o(.text)
    USART1_IRQHandler                        0x08000243   Thumb Code     0  startup_stm32f407xx.o(.text)
    USART2_IRQHandler                        0x08000243   Thumb Code     0  startup_stm32f407xx.o(.text)
    USART3_IRQHandler                        0x08000243   Thumb Code     0  startup_stm32f407xx.o(.text)
    USART6_IRQHandler                        0x08000243   Thumb Code     0  startup_stm32f407xx.o(.text)
    WWDG_IRQHandler                          0x08000243   Thumb Code     0  startup_stm32f407xx.o(.text)
    __user_initial_stackheap                 0x08000245   Thumb Code     0  startup_stm32f407xx.o(.text)
    __aeabi_uldivmod                         0x08000269   Thumb Code     0  lludivv7m.o(.text)
    _ll_udiv                                 0x08000269   Thumb Code   238  lludivv7m.o(.text)
    strlen                                   0x08000357   Thumb Code    62  strlen.o(.text)
    __aeabi_memclr                           0x08000395   Thumb Code     0  rt_memclr.o(.text)
    __rt_memclr                              0x08000395   Thumb Code    68  rt_memclr.o(.text)
    _memset                                  0x08000399   Thumb Code     0  rt_memclr.o(.text)
    __aeabi_memclr4                          0x080003d9   Thumb Code     0  rt_memclr_w.o(.text)
    __aeabi_memclr8                          0x080003d9   Thumb Code     0  rt_memclr_w.o(.text)
    __rt_memclr_w                            0x080003d9   Thumb Code    78  rt_memclr_w.o(.text)
    _memset_w                                0x080003dd   Thumb Code     0  rt_memclr_w.o(.text)
    __use_two_region_memory                  0x08000427   Thumb Code     2  heapauxi.o(.text)
    __rt_heap_escrow$2region                 0x08000429   Thumb Code     2  heapauxi.o(.text)
    __rt_heap_expand$2region                 0x0800042b   Thumb Code     2  heapauxi.o(.text)
    __user_setup_stackheap                   0x0800042d   Thumb Code    74  sys_stackheap_outer.o(.text)
    exit                                     0x08000477   Thumb Code    18  exit.o(.text)
    __user_libspace                          0x08000489   Thumb Code     8  libspace.o(.text)
    __user_perproc_libspace                  0x08000489   Thumb Code     0  libspace.o(.text)
    __user_perthread_libspace                0x08000489   Thumb Code     0  libspace.o(.text)
    _sys_exit                                0x08000491   Thumb Code     8  sys_exit.o(.text)
    __I$use$semihosting                      0x0800049d   Thumb Code     0  use_no_semi.o(.text)
    __use_no_semihosting_swi                 0x0800049d   Thumb Code     2  use_no_semi.o(.text)
    __semihosting_library_function           0x0800049f   Thumb Code     0  indicate_semi.o(.text)
    BusFault_Handler                         0x08000655   Thumb Code     2  stm32f4xx_it.o(i.BusFault_Handler)
    DMA1_Stream1_IRQHandler                  0x08000659   Thumb Code     6  stm32f4xx_it.o(i.DMA1_Stream1_IRQHandler)
    DMA1_Stream3_IRQHandler                  0x08000665   Thumb Code     6  stm32f4xx_it.o(i.DMA1_Stream3_IRQHandler)
    DMA1_Stream5_IRQHandler                  0x08000671   Thumb Code     6  stm32f4xx_it.o(i.DMA1_Stream5_IRQHandler)
    DMA1_Stream6_IRQHandler                  0x0800067d   Thumb Code     6  stm32f4xx_it.o(i.DMA1_Stream6_IRQHandler)
    DMA2_Stream0_IRQHandler                  0x08000689   Thumb Code     6  stm32f4xx_it.o(i.DMA2_Stream0_IRQHandler)
    DMA2_Stream2_IRQHandler                  0x08000695   Thumb Code     6  stm32f4xx_it.o(i.DMA2_Stream2_IRQHandler)
    DMA2_Stream7_IRQHandler                  0x080006a1   Thumb Code     6  stm32f4xx_it.o(i.DMA2_Stream7_IRQHandler)
    DebugMon_Handler                         0x08000751   Thumb Code     2  stm32f4xx_it.o(i.DebugMon_Handler)
    Error_Handler                            0x08000753   Thumb Code     4  main.o(i.Error_Handler)
    HAL_ADC_ConfigChannel                    0x08000759   Thumb Code   316  stm32f4xx_hal_adc.o(i.HAL_ADC_ConfigChannel)
    HAL_ADC_ConvCpltCallback                 0x080008a5   Thumb Code     2  stm32f4xx_hal_adc.o(i.HAL_ADC_ConvCpltCallback)
    HAL_ADC_ConvHalfCpltCallback             0x080008a7   Thumb Code     2  stm32f4xx_hal_adc.o(i.HAL_ADC_ConvHalfCpltCallback)
    HAL_ADC_ErrorCallback                    0x080008a9   Thumb Code     2  stm32f4xx_hal_adc.o(i.HAL_ADC_ErrorCallback)
    HAL_ADC_Init                             0x080008ab   Thumb Code    84  stm32f4xx_hal_adc.o(i.HAL_ADC_Init)
    HAL_ADC_MspInit                          0x08000901   Thumb Code   172  adc.o(i.HAL_ADC_MspInit)
    HAL_ADC_Start_DMA                        0x080009c5   Thumb Code   306  stm32f4xx_hal_adc.o(i.HAL_ADC_Start_DMA)
    HAL_DMA_IRQHandler                       0x08000b1d   Thumb Code   412  stm32f4xx_hal_dma.o(i.HAL_DMA_IRQHandler)
    HAL_DMA_Init                             0x08000cbd   Thumb Code   206  stm32f4xx_hal_dma.o(i.HAL_DMA_Init)
    HAL_DMA_Start_IT                         0x08000d91   Thumb Code   110  stm32f4xx_hal_dma.o(i.HAL_DMA_Start_IT)
    HAL_Delay                                0x08000e01   Thumb Code    32  stm32f4xx_hal.o(i.HAL_Delay)
    HAL_GPIO_Init                            0x08000e25   Thumb Code   450  stm32f4xx_hal_gpio.o(i.HAL_GPIO_Init)
    HAL_GPIO_WritePin                        0x08001015   Thumb Code    10  stm32f4xx_hal_gpio.o(i.HAL_GPIO_WritePin)
    HAL_GetTick                              0x08001021   Thumb Code     6  stm32f4xx_hal.o(i.HAL_GetTick)
    HAL_I2C_Init                             0x0800102d   Thumb Code   376  stm32f4xx_hal_i2c.o(i.HAL_I2C_Init)
    HAL_I2C_MspInit                          0x080011b5   Thumb Code    94  i2c.o(i.HAL_I2C_MspInit)
    HAL_IncTick                              0x08001221   Thumb Code    12  stm32f4xx_hal.o(i.HAL_IncTick)
    HAL_Init                                 0x08001231   Thumb Code    48  stm32f4xx_hal.o(i.HAL_Init)
    HAL_InitTick                             0x08001265   Thumb Code    54  stm32f4xx_hal.o(i.HAL_InitTick)
    HAL_MspInit                              0x080012a5   Thumb Code    42  stm32f4xx_hal_msp.o(i.HAL_MspInit)
    HAL_NVIC_EnableIRQ                       0x080012d5   Thumb Code    26  stm32f4xx_hal_cortex.o(i.HAL_NVIC_EnableIRQ)
    HAL_NVIC_SetPriority                     0x080012f1   Thumb Code    60  stm32f4xx_hal_cortex.o(i.HAL_NVIC_SetPriority)
    HAL_NVIC_SetPriorityGrouping             0x08001331   Thumb Code    26  stm32f4xx_hal_cortex.o(i.HAL_NVIC_SetPriorityGrouping)
    HAL_RCC_ClockConfig                      0x08001355   Thumb Code   288  stm32f4xx_hal_rcc.o(i.HAL_RCC_ClockConfig)
    HAL_RCC_GetPCLK1Freq                     0x08001489   Thumb Code    20  stm32f4xx_hal_rcc.o(i.HAL_RCC_GetPCLK1Freq)
    HAL_RCC_GetPCLK2Freq                     0x080014a9   Thumb Code    20  stm32f4xx_hal_rcc.o(i.HAL_RCC_GetPCLK2Freq)
    HAL_RCC_GetSysClockFreq                  0x080014c9   Thumb Code    88  stm32f4xx_hal_rcc.o(i.HAL_RCC_GetSysClockFreq)
    HAL_RCC_OscConfig                        0x08001529   Thumb Code   856  stm32f4xx_hal_rcc.o(i.HAL_RCC_OscConfig)
    HAL_SYSTICK_Config                       0x08001895   Thumb Code    40  stm32f4xx_hal_cortex.o(i.HAL_SYSTICK_Config)
    HAL_TIMEx_MasterConfigSynchronization    0x080018bd   Thumb Code   116  stm32f4xx_hal_tim_ex.o(i.HAL_TIMEx_MasterConfigSynchronization)
    HAL_TIM_Base_Init                        0x0800194d   Thumb Code    90  stm32f4xx_hal_tim.o(i.HAL_TIM_Base_Init)
    HAL_TIM_Base_MspInit                     0x080019a9   Thumb Code    50  tim.o(i.HAL_TIM_Base_MspInit)
    HAL_TIM_Base_Start_IT                    0x080019e5   Thumb Code   100  stm32f4xx_hal_tim.o(i.HAL_TIM_Base_Start_IT)
    HAL_TIM_ConfigClockSource                0x08001a65   Thumb Code   220  stm32f4xx_hal_tim.o(i.HAL_TIM_ConfigClockSource)
    HAL_TIM_MspPostInit                      0x08001b41   Thumb Code   104  tim.o(i.HAL_TIM_MspPostInit)
    HAL_TIM_PWM_ConfigChannel                0x08001bb9   Thumb Code   204  stm32f4xx_hal_tim.o(i.HAL_TIM_PWM_ConfigChannel)
    HAL_TIM_PWM_Init                         0x08001c85   Thumb Code    90  stm32f4xx_hal_tim.o(i.HAL_TIM_PWM_Init)
    HAL_TIM_PWM_MspInit                      0x08001ce1   Thumb Code    30  tim.o(i.HAL_TIM_PWM_MspInit)
    HAL_TIM_PWM_Start                        0x08001d09   Thumb Code   172  stm32f4xx_hal_tim.o(i.HAL_TIM_PWM_Start)
    HAL_UARTEx_ReceiveToIdle_DMA             0x08001dd1   Thumb Code    74  stm32f4xx_hal_uart.o(i.HAL_UARTEx_ReceiveToIdle_DMA)
    HAL_UARTEx_RxEventCallback               0x08001e1d   Thumb Code    74  main.o(i.HAL_UARTEx_RxEventCallback)
    HAL_UART_ErrorCallback                   0x08001ea5   Thumb Code    84  main.o(i.HAL_UART_ErrorCallback)
    HAL_UART_Init                            0x08001f1d   Thumb Code   100  stm32f4xx_hal_uart.o(i.HAL_UART_Init)
    HAL_UART_MspInit                         0x08001f81   Thumb Code   692  usart.o(i.HAL_UART_MspInit)
    HAL_UART_RxCpltCallback                  0x0800225d   Thumb Code     2  stm32f4xx_hal_uart.o(i.HAL_UART_RxCpltCallback)
    HAL_UART_RxHalfCpltCallback              0x0800225f   Thumb Code     2  stm32f4xx_hal_uart.o(i.HAL_UART_RxHalfCpltCallback)
    HAL_UART_Transmit_DMA                    0x08002261   Thumb Code   120  stm32f4xx_hal_uart.o(i.HAL_UART_Transmit_DMA)
    HAL_UART_TxCpltCallback                  0x080022e5   Thumb Code     2  stm32f4xx_hal_uart.o(i.HAL_UART_TxCpltCallback)
    HAL_UART_TxHalfCpltCallback              0x080022e7   Thumb Code     2  stm32f4xx_hal_uart.o(i.HAL_UART_TxHalfCpltCallback)
    HardFault_Handler                        0x080022e9   Thumb Code     2  stm32f4xx_it.o(i.HardFault_Handler)
    Left_Behind_Back                         0x080022ed   Thumb Code    30  motor.o(i.Left_Behind_Back)
    Left_Behind_Go                           0x08002311   Thumb Code    28  motor.o(i.Left_Behind_Go)
    Left_Behind_Stop                         0x08002331   Thumb Code    30  motor.o(i.Left_Behind_Stop)
    Left_Front_Back                          0x08002355   Thumb Code    30  motor.o(i.Left_Front_Back)
    Left_Front_Go                            0x08002379   Thumb Code    28  motor.o(i.Left_Front_Go)
    Left_Front_Stop                          0x08002399   Thumb Code    30  motor.o(i.Left_Front_Stop)
    MX_ADC1_Init                             0x080023bd   Thumb Code   176  adc.o(i.MX_ADC1_Init)
    MX_DMA_Init                              0x08002479   Thumb Code   152  dma.o(i.MX_DMA_Init)
    MX_GPIO_Init                             0x08002515   Thumb Code   208  gpio.o(i.MX_GPIO_Init)
    MX_I2C1_Init                             0x080025f5   Thumb Code    50  i2c.o(i.MX_I2C1_Init)
    MX_TIM3_Init                             0x08002635   Thumb Code   152  tim.o(i.MX_TIM3_Init)
    MX_TIM4_Init                             0x080026d5   Thumb Code    94  tim.o(i.MX_TIM4_Init)
    MX_USART1_UART_Init                      0x0800273d   Thumb Code    48  usart.o(i.MX_USART1_UART_Init)
    MX_USART2_UART_Init                      0x08002775   Thumb Code    48  usart.o(i.MX_USART2_UART_Init)
    MX_USART3_UART_Init                      0x080027ad   Thumb Code    48  usart.o(i.MX_USART3_UART_Init)
    MemManage_Handler                        0x080027e5   Thumb Code     2  stm32f4xx_it.o(i.MemManage_Handler)
    MotorControl                             0x080027e9   Thumb Code   274  motor.o(i.MotorControl)
    NMI_Handler                              0x08002901   Thumb Code     2  stm32f4xx_it.o(i.NMI_Handler)
    PendSV_Handler                           0x08002903   Thumb Code     2  stm32f4xx_it.o(i.PendSV_Handler)
    Right_Behind_Back                        0x08002905   Thumb Code    28  motor.o(i.Right_Behind_Back)
    Right_Behind_Go                          0x08002929   Thumb Code    28  motor.o(i.Right_Behind_Go)
    Right_Behind_Stop                        0x0800294d   Thumb Code    30  motor.o(i.Right_Behind_Stop)
    Right_Front_Back                         0x08002975   Thumb Code    30  motor.o(i.Right_Front_Back)
    Right_Front_Go                           0x08002999   Thumb Code    30  motor.o(i.Right_Front_Go)
    Right_Front_Stop                         0x080029bd   Thumb Code    32  motor.o(i.Right_Front_Stop)
    SVC_Handler                              0x080029e1   Thumb Code     2  stm32f4xx_it.o(i.SVC_Handler)
    SysTick_Handler                          0x080029e3   Thumb Code     4  stm32f4xx_it.o(i.SysTick_Handler)
    SystemClock_Config                       0x080029e9   Thumb Code   134  main.o(i.SystemClock_Config)
    SystemInit                               0x08002a79   Thumb Code    12  system_stm32f4xx_1.o(i.SystemInit)
    TIM4_IRQHandler                          0x08002a89   Thumb Code     2  stm32f4xx_it.o(i.TIM4_IRQHandler)
    TIM_Base_SetConfig                       0x08002a8d   Thumb Code   164  stm32f4xx_hal_tim.o(i.TIM_Base_SetConfig)
    TIM_CCxChannelCmd                        0x08002b5d   Thumb Code    26  stm32f4xx_hal_tim.o(i.TIM_CCxChannelCmd)
    TIM_ETR_SetConfig                        0x08002b77   Thumb Code    20  stm32f4xx_hal_tim.o(i.TIM_ETR_SetConfig)
    TIM_OC2_SetConfig                        0x08002bfd   Thumb Code    98  stm32f4xx_hal_tim.o(i.TIM_OC2_SetConfig)
    Track_Init                               0x08002d69   Thumb Code    10  track_1.o(i.Track_Init)
    Track_LineFollower                       0x08002d7d   Thumb Code   310  track_1.o(i.Track_LineFollower)
    UART_Start_Receive_DMA                   0x08003169   Thumb Code   146  stm32f4xx_hal_uart.o(i.UART_Start_Receive_DMA)
    USART1_InitCommunication                 0x08003209   Thumb Code    40  usart.o(i.USART1_InitCommunication)
    USART1_ProcessReceivedData               0x08003241   Thumb Code    38  usart.o(i.USART1_ProcessReceivedData)
    USART1_SendString                        0x08003275   Thumb Code    26  usart.o(i.USART1_SendString)
    USART2_InitCommunication                 0x08003295   Thumb Code    40  usart.o(i.USART2_InitCommunication)
    USART2_ProcessReceivedData               0x080032cd   Thumb Code    38  usart.o(i.USART2_ProcessReceivedData)
    USART2_SendString                        0x08003301   Thumb Code    26  usart.o(i.USART2_SendString)
    USART3_InitCommunication                 0x08003321   Thumb Code    40  usart.o(i.USART3_InitCommunication)
    USART3_ProcessReceivedData               0x08003359   Thumb Code    38  usart.o(i.USART3_ProcessReceivedData)
    USART3_SendString                        0x0800338d   Thumb Code    26  usart.o(i.USART3_SendString)
    UsageFault_Handler                       0x08003405   Thumb Code     2  stm32f4xx_it.o(i.UsageFault_Handler)
    main                                     0x08003429   Thumb Code   128  main.o(i.main)
    processUartCommands                      0x080037a9   Thumb Code   138  communication.o(i.processUartCommands)
    _fp_init                                 0x080038c1   Thumb Code    10  fpinit.o(x$fpl$fpinit)
    __fplib_config_fpu_vfp                   0x080038c9   Thumb Code     0  fpinit.o(x$fpl$fpinit)
    __fplib_config_pureend_doubles           0x080038c9   Thumb Code     0  fpinit.o(x$fpl$fpinit)
    AHBPrescTable                            0x080038d2   Data          16  system_stm32f4xx_1.o(.constdata)
    APBPrescTable                            0x080038e2   Data           8  system_stm32f4xx_1.o(.constdata)
    Region$$Table$$Base                      0x080038ec   Number         0  anon$$obj.o(Region$$Table)
    Region$$Table$$Limit                     0x0800390c   Number         0  anon$$obj.o(Region$$Table)
    uart1_data_ready                         0x20000000   Data           1  usart.o(.data)
    uart2_data_ready                         0x20000001   Data           1  usart.o(.data)
    uart3_data_ready                         0x20000002   Data           1  usart.o(.data)
    uart1_rx_index                           0x20000004   Data           2  usart.o(.data)
    uart2_rx_index                           0x20000006   Data           2  usart.o(.data)
    uart3_rx_index                           0x20000008   Data           2  usart.o(.data)
    uwTickFreq                               0x2000000c   Data           1  stm32f4xx_hal.o(.data)
    uwTickPrio                               0x20000010   Data           4  stm32f4xx_hal.o(.data)
    uwTick                                   0x20000014   Data           4  stm32f4xx_hal.o(.data)
    SystemCoreClock                          0x20000018   Data           4  system_stm32f4xx_1.o(.data)
    sensor_states                            0x20000028   Data           5  track_1.o(.data)
    hadc1                                    0x20000030   Data          72  adc.o(.bss)
    hdma_adc1                                0x20000078   Data          96  adc.o(.bss)
    hi2c1                                    0x200000d8   Data          84  i2c.o(.bss)
    htim3                                    0x2000012c   Data          72  tim.o(.bss)
    htim4                                    0x20000174   Data          72  tim.o(.bss)
    huart1                                   0x200001bc   Data          72  usart.o(.bss)
    huart2                                   0x20000204   Data          72  usart.o(.bss)
    huart3                                   0x2000024c   Data          72  usart.o(.bss)
    hdma_usart1_rx                           0x20000294   Data          96  usart.o(.bss)
    hdma_usart1_tx                           0x200002f4   Data          96  usart.o(.bss)
    hdma_usart2_rx                           0x20000354   Data          96  usart.o(.bss)
    hdma_usart2_tx                           0x200003b4   Data          96  usart.o(.bss)
    hdma_usart3_rx                           0x20000414   Data          96  usart.o(.bss)
    hdma_usart3_tx                           0x20000474   Data          96  usart.o(.bss)
    uart1_rx_buffer                          0x200004d4   Data         100  usart.o(.bss)
    uart2_rx_buffer                          0x20000538   Data         100  usart.o(.bss)
    uart3_rx_buffer                          0x2000059c   Data         100  usart.o(.bss)
    adc_values                               0x20000600   Data          10  track_1.o(.bss)
    __libspace_start                         0x2000060c   Data          96  libspace.o(.bss)
    __temporary_stack_top$libspace           0x2000066c   Data           0  libspace.o(.bss)



==============================================================================

Memory Map of the image

  Image Entry point : 0x08000189

  Load Region LR_IROM1 (Base: 0x08000000, Size: 0x0000393c, Max: 0x00100000, ABSOLUTE)

    Execution Region ER_IROM1 (Exec base: 0x08000000, Load base: 0x08000000, Size: 0x0000390c, Max: 0x00100000, ABSOLUTE)

    Exec Addr    Load Addr    Size         Type   Attr      Idx    E Section Name        Object

    0x08000000   0x08000000   0x00000188   Data   RO            3    RESET               startup_stm32f407xx.o
    0x08000188   0x08000188   0x00000008   Code   RO         4133  * !!!main             c_w.l(__main.o)
    0x08000190   0x08000190   0x00000034   Code   RO         4300    !!!scatter          c_w.l(__scatter.o)
    0x080001c4   0x080001c4   0x0000001a   Code   RO         4302    !!handler_copy      c_w.l(__scatter_copy.o)
    0x080001de   0x080001de   0x00000002   PAD
    0x080001e0   0x080001e0   0x0000001c   Code   RO         4304    !!handler_zi        c_w.l(__scatter_zi.o)
    0x080001fc   0x080001fc   0x00000002   Code   RO         4170    .ARM.Collect$$libinit$$00000000  c_w.l(libinit.o)
    0x080001fe   0x080001fe   0x00000004   Code   RO         4182    .ARM.Collect$$libinit$$00000001  c_w.l(libinit2.o)
    0x08000202   0x08000202   0x00000000   Code   RO         4185    .ARM.Collect$$libinit$$00000004  c_w.l(libinit2.o)
    0x08000202   0x08000202   0x00000000   Code   RO         4188    .ARM.Collect$$libinit$$0000000A  c_w.l(libinit2.o)
    0x08000202   0x08000202   0x00000000   Code   RO         4190    .ARM.Collect$$libinit$$0000000C  c_w.l(libinit2.o)
    0x08000202   0x08000202   0x00000000   Code   RO         4192    .ARM.Collect$$libinit$$0000000E  c_w.l(libinit2.o)
    0x08000202   0x08000202   0x00000000   Code   RO         4195    .ARM.Collect$$libinit$$00000011  c_w.l(libinit2.o)
    0x08000202   0x08000202   0x00000000   Code   RO         4197    .ARM.Collect$$libinit$$00000013  c_w.l(libinit2.o)
    0x08000202   0x08000202   0x00000000   Code   RO         4199    .ARM.Collect$$libinit$$00000015  c_w.l(libinit2.o)
    0x08000202   0x08000202   0x00000000   Code   RO         4201    .ARM.Collect$$libinit$$00000017  c_w.l(libinit2.o)
    0x08000202   0x08000202   0x00000000   Code   RO         4203    .ARM.Collect$$libinit$$00000019  c_w.l(libinit2.o)
    0x08000202   0x08000202   0x00000000   Code   RO         4205    .ARM.Collect$$libinit$$0000001B  c_w.l(libinit2.o)
    0x08000202   0x08000202   0x00000000   Code   RO         4207    .ARM.Collect$$libinit$$0000001D  c_w.l(libinit2.o)
    0x08000202   0x08000202   0x00000000   Code   RO         4209    .ARM.Collect$$libinit$$0000001F  c_w.l(libinit2.o)
    0x08000202   0x08000202   0x00000000   Code   RO         4211    .ARM.Collect$$libinit$$00000021  c_w.l(libinit2.o)
    0x08000202   0x08000202   0x00000000   Code   RO         4213    .ARM.Collect$$libinit$$00000023  c_w.l(libinit2.o)
    0x08000202   0x08000202   0x00000000   Code   RO         4215    .ARM.Collect$$libinit$$00000025  c_w.l(libinit2.o)
    0x08000202   0x08000202   0x00000000   Code   RO         4219    .ARM.Collect$$libinit$$0000002C  c_w.l(libinit2.o)
    0x08000202   0x08000202   0x00000000   Code   RO         4221    .ARM.Collect$$libinit$$0000002E  c_w.l(libinit2.o)
    0x08000202   0x08000202   0x00000000   Code   RO         4223    .ARM.Collect$$libinit$$00000030  c_w.l(libinit2.o)
    0x08000202   0x08000202   0x00000000   Code   RO         4225    .ARM.Collect$$libinit$$00000032  c_w.l(libinit2.o)
    0x08000202   0x08000202   0x00000002   Code   RO         4226    .ARM.Collect$$libinit$$00000033  c_w.l(libinit2.o)
    0x08000204   0x08000204   0x00000002   Code   RO         4257    .ARM.Collect$$libshutdown$$00000000  c_w.l(libshutdown.o)
    0x08000206   0x08000206   0x00000000   Code   RO         4283    .ARM.Collect$$libshutdown$$00000002  c_w.l(libshutdown2.o)
    0x08000206   0x08000206   0x00000000   Code   RO         4285    .ARM.Collect$$libshutdown$$00000004  c_w.l(libshutdown2.o)
    0x08000206   0x08000206   0x00000000   Code   RO         4288    .ARM.Collect$$libshutdown$$00000007  c_w.l(libshutdown2.o)
    0x08000206   0x08000206   0x00000000   Code   RO         4291    .ARM.Collect$$libshutdown$$0000000A  c_w.l(libshutdown2.o)
    0x08000206   0x08000206   0x00000000   Code   RO         4293    .ARM.Collect$$libshutdown$$0000000C  c_w.l(libshutdown2.o)
    0x08000206   0x08000206   0x00000000   Code   RO         4296    .ARM.Collect$$libshutdown$$0000000F  c_w.l(libshutdown2.o)
    0x08000206   0x08000206   0x00000002   Code   RO         4297    .ARM.Collect$$libshutdown$$00000010  c_w.l(libshutdown2.o)
    0x08000208   0x08000208   0x00000000   Code   RO         4135    .ARM.Collect$$rtentry$$00000000  c_w.l(__rtentry.o)
    0x08000208   0x08000208   0x00000000   Code   RO         4141    .ARM.Collect$$rtentry$$00000002  c_w.l(__rtentry2.o)
    0x08000208   0x08000208   0x00000006   Code   RO         4153    .ARM.Collect$$rtentry$$00000004  c_w.l(__rtentry4.o)
    0x0800020e   0x0800020e   0x00000000   Code   RO         4143    .ARM.Collect$$rtentry$$00000009  c_w.l(__rtentry2.o)
    0x0800020e   0x0800020e   0x00000004   Code   RO         4144    .ARM.Collect$$rtentry$$0000000A  c_w.l(__rtentry2.o)
    0x08000212   0x08000212   0x00000000   Code   RO         4146    .ARM.Collect$$rtentry$$0000000C  c_w.l(__rtentry2.o)
    0x08000212   0x08000212   0x00000008   Code   RO         4147    .ARM.Collect$$rtentry$$0000000D  c_w.l(__rtentry2.o)
    0x0800021a   0x0800021a   0x00000002   Code   RO         4174    .ARM.Collect$$rtexit$$00000000  c_w.l(rtexit.o)
    0x0800021c   0x0800021c   0x00000000   Code   RO         4230    .ARM.Collect$$rtexit$$00000002  c_w.l(rtexit2.o)
    0x0800021c   0x0800021c   0x00000004   Code   RO         4231    .ARM.Collect$$rtexit$$00000003  c_w.l(rtexit2.o)
    0x08000220   0x08000220   0x00000006   Code   RO         4232    .ARM.Collect$$rtexit$$00000004  c_w.l(rtexit2.o)
    0x08000226   0x08000226   0x00000002   PAD
    0x08000228   0x08000228   0x00000040   Code   RO            4    .text               startup_stm32f407xx.o
    0x08000268   0x08000268   0x000000ee   Code   RO         4123    .text               c_w.l(lludivv7m.o)
    0x08000356   0x08000356   0x0000003e   Code   RO         4125    .text               c_w.l(strlen.o)
    0x08000394   0x08000394   0x00000044   Code   RO         4127    .text               c_w.l(rt_memclr.o)
    0x080003d8   0x080003d8   0x0000004e   Code   RO         4129    .text               c_w.l(rt_memclr_w.o)
    0x08000426   0x08000426   0x00000006   Code   RO         4131    .text               c_w.l(heapauxi.o)
    0x0800042c   0x0800042c   0x0000004a   Code   RO         4157    .text               c_w.l(sys_stackheap_outer.o)
    0x08000476   0x08000476   0x00000012   Code   RO         4159    .text               c_w.l(exit.o)
    0x08000488   0x08000488   0x00000008   Code   RO         4171    .text               c_w.l(libspace.o)
    0x08000490   0x08000490   0x0000000c   Code   RO         4227    .text               c_w.l(sys_exit.o)
    0x0800049c   0x0800049c   0x00000002   Code   RO         4246    .text               c_w.l(use_no_semi.o)
    0x0800049e   0x0800049e   0x00000000   Code   RO         4248    .text               c_w.l(indicate_semi.o)
    0x0800049e   0x0800049e   0x0000006e   Code   RO          764    i.ADC_DMAConvCplt   stm32f4xx_hal_adc.o
    0x0800050c   0x0800050c   0x00000016   Code   RO          765    i.ADC_DMAError      stm32f4xx_hal_adc.o
    0x08000522   0x08000522   0x0000000a   Code   RO          766    i.ADC_DMAHalfConvCplt  stm32f4xx_hal_adc.o
    0x0800052c   0x0800052c   0x00000128   Code   RO          767    i.ADC_Init          stm32f4xx_hal_adc.o
    0x08000654   0x08000654   0x00000002   Code   RO          616    i.BusFault_Handler  stm32f4xx_it.o
    0x08000656   0x08000656   0x00000002   PAD
    0x08000658   0x08000658   0x0000000c   Code   RO          617    i.DMA1_Stream1_IRQHandler  stm32f4xx_it.o
    0x08000664   0x08000664   0x0000000c   Code   RO          618    i.DMA1_Stream3_IRQHandler  stm32f4xx_it.o
    0x08000670   0x08000670   0x0000000c   Code   RO          619    i.DMA1_Stream5_IRQHandler  stm32f4xx_it.o
    0x0800067c   0x0800067c   0x0000000c   Code   RO          620    i.DMA1_Stream6_IRQHandler  stm32f4xx_it.o
    0x08000688   0x08000688   0x0000000c   Code   RO          621    i.DMA2_Stream0_IRQHandler  stm32f4xx_it.o
    0x08000694   0x08000694   0x0000000c   Code   RO          622    i.DMA2_Stream2_IRQHandler  stm32f4xx_it.o
    0x080006a0   0x080006a0   0x0000000c   Code   RO          623    i.DMA2_Stream7_IRQHandler  stm32f4xx_it.o
    0x080006ac   0x080006ac   0x00000028   Code   RO         1501    i.DMA_CalcBaseAndBitshift  stm32f4xx_hal_dma.o
    0x080006d4   0x080006d4   0x00000054   Code   RO         1502    i.DMA_CheckFifoParam  stm32f4xx_hal_dma.o
    0x08000728   0x08000728   0x00000028   Code   RO         1503    i.DMA_SetConfig     stm32f4xx_hal_dma.o
    0x08000750   0x08000750   0x00000002   Code   RO          624    i.DebugMon_Handler  stm32f4xx_it.o
    0x08000752   0x08000752   0x00000004   Code   RO          220    i.Error_Handler     main.o
    0x08000756   0x08000756   0x00000002   PAD
    0x08000758   0x08000758   0x0000014c   Code   RO          769    i.HAL_ADC_ConfigChannel  stm32f4xx_hal_adc.o
    0x080008a4   0x080008a4   0x00000002   Code   RO          770    i.HAL_ADC_ConvCpltCallback  stm32f4xx_hal_adc.o
    0x080008a6   0x080008a6   0x00000002   Code   RO          771    i.HAL_ADC_ConvHalfCpltCallback  stm32f4xx_hal_adc.o
    0x080008a8   0x080008a8   0x00000002   Code   RO          773    i.HAL_ADC_ErrorCallback  stm32f4xx_hal_adc.o
    0x080008aa   0x080008aa   0x00000054   Code   RO          778    i.HAL_ADC_Init      stm32f4xx_hal_adc.o
    0x080008fe   0x080008fe   0x00000002   PAD
    0x08000900   0x08000900   0x000000c4   Code   RO          333    i.HAL_ADC_MspInit   adc.o
    0x080009c4   0x080009c4   0x00000158   Code   RO          785    i.HAL_ADC_Start_DMA  stm32f4xx_hal_adc.o
    0x08000b1c   0x08000b1c   0x000001a0   Code   RO         1509    i.HAL_DMA_IRQHandler  stm32f4xx_hal_dma.o
    0x08000cbc   0x08000cbc   0x000000d4   Code   RO         1510    i.HAL_DMA_Init      stm32f4xx_hal_dma.o
    0x08000d90   0x08000d90   0x0000006e   Code   RO         1514    i.HAL_DMA_Start_IT  stm32f4xx_hal_dma.o
    0x08000dfe   0x08000dfe   0x00000002   PAD
    0x08000e00   0x08000e00   0x00000024   Code   RO         1941    i.HAL_Delay         stm32f4xx_hal.o
    0x08000e24   0x08000e24   0x000001f0   Code   RO         1397    i.HAL_GPIO_Init     stm32f4xx_hal_gpio.o
    0x08001014   0x08001014   0x0000000a   Code   RO         1401    i.HAL_GPIO_WritePin  stm32f4xx_hal_gpio.o
    0x0800101e   0x0800101e   0x00000002   PAD
    0x08001020   0x08001020   0x0000000c   Code   RO         1947    i.HAL_GetTick       stm32f4xx_hal.o
    0x0800102c   0x0800102c   0x00000188   Code   RO         2203    i.HAL_I2C_Init      stm32f4xx_hal_i2c.o
    0x080011b4   0x080011b4   0x0000006c   Code   RO          399    i.HAL_I2C_MspInit   i2c.o
    0x08001220   0x08001220   0x00000010   Code   RO         1953    i.HAL_IncTick       stm32f4xx_hal.o
    0x08001230   0x08001230   0x00000034   Code   RO         1954    i.HAL_Init          stm32f4xx_hal.o
    0x08001264   0x08001264   0x00000040   Code   RO         1955    i.HAL_InitTick      stm32f4xx_hal.o
    0x080012a4   0x080012a4   0x00000030   Code   RO          740    i.HAL_MspInit       stm32f4xx_hal_msp.o
    0x080012d4   0x080012d4   0x0000001a   Code   RO         1789    i.HAL_NVIC_EnableIRQ  stm32f4xx_hal_cortex.o
    0x080012ee   0x080012ee   0x00000002   PAD
    0x080012f0   0x080012f0   0x00000040   Code   RO         1795    i.HAL_NVIC_SetPriority  stm32f4xx_hal_cortex.o
    0x08001330   0x08001330   0x00000024   Code   RO         1796    i.HAL_NVIC_SetPriorityGrouping  stm32f4xx_hal_cortex.o
    0x08001354   0x08001354   0x00000134   Code   RO         1043    i.HAL_RCC_ClockConfig  stm32f4xx_hal_rcc.o
    0x08001488   0x08001488   0x00000020   Code   RO         1050    i.HAL_RCC_GetPCLK1Freq  stm32f4xx_hal_rcc.o
    0x080014a8   0x080014a8   0x00000020   Code   RO         1051    i.HAL_RCC_GetPCLK2Freq  stm32f4xx_hal_rcc.o
    0x080014c8   0x080014c8   0x00000060   Code   RO         1052    i.HAL_RCC_GetSysClockFreq  stm32f4xx_hal_rcc.o
    0x08001528   0x08001528   0x0000036c   Code   RO         1055    i.HAL_RCC_OscConfig  stm32f4xx_hal_rcc.o
    0x08001894   0x08001894   0x00000028   Code   RO         1800    i.HAL_SYSTICK_Config  stm32f4xx_hal_cortex.o
    0x080018bc   0x080018bc   0x00000090   Code   RO         3372    i.HAL_TIMEx_MasterConfigSynchronization  stm32f4xx_hal_tim_ex.o
    0x0800194c   0x0800194c   0x0000005a   Code   RO         2649    i.HAL_TIM_Base_Init  stm32f4xx_hal_tim.o
    0x080019a6   0x080019a6   0x00000002   PAD
    0x080019a8   0x080019a8   0x0000003c   Code   RO          441    i.HAL_TIM_Base_MspInit  tim.o
    0x080019e4   0x080019e4   0x00000080   Code   RO         2654    i.HAL_TIM_Base_Start_IT  stm32f4xx_hal_tim.o
    0x08001a64   0x08001a64   0x000000dc   Code   RO         2658    i.HAL_TIM_ConfigClockSource  stm32f4xx_hal_tim.o
    0x08001b40   0x08001b40   0x00000078   Code   RO          442    i.HAL_TIM_MspPostInit  tim.o
    0x08001bb8   0x08001bb8   0x000000cc   Code   RO         2721    i.HAL_TIM_PWM_ConfigChannel  stm32f4xx_hal_tim.o
    0x08001c84   0x08001c84   0x0000005a   Code   RO         2724    i.HAL_TIM_PWM_Init  stm32f4xx_hal_tim.o
    0x08001cde   0x08001cde   0x00000002   PAD
    0x08001ce0   0x08001ce0   0x00000028   Code   RO          444    i.HAL_TIM_PWM_MspInit  tim.o
    0x08001d08   0x08001d08   0x000000c8   Code   RO         2729    i.HAL_TIM_PWM_Start  stm32f4xx_hal_tim.o
    0x08001dd0   0x08001dd0   0x0000004a   Code   RO         3630    i.HAL_UARTEx_ReceiveToIdle_DMA  stm32f4xx_hal_uart.o
    0x08001e1a   0x08001e1a   0x00000002   PAD
    0x08001e1c   0x08001e1c   0x00000088   Code   RO          222    i.HAL_UARTEx_RxEventCallback  main.o
    0x08001ea4   0x08001ea4   0x00000078   Code   RO          223    i.HAL_UART_ErrorCallback  main.o
    0x08001f1c   0x08001f1c   0x00000064   Code   RO         3650    i.HAL_UART_Init     stm32f4xx_hal_uart.o
    0x08001f80   0x08001f80   0x000002dc   Code   RO          507    i.HAL_UART_MspInit  usart.o
    0x0800225c   0x0800225c   0x00000002   Code   RO         3656    i.HAL_UART_RxCpltCallback  stm32f4xx_hal_uart.o
    0x0800225e   0x0800225e   0x00000002   Code   RO         3657    i.HAL_UART_RxHalfCpltCallback  stm32f4xx_hal_uart.o
    0x08002260   0x08002260   0x00000084   Code   RO         3659    i.HAL_UART_Transmit_DMA  stm32f4xx_hal_uart.o
    0x080022e4   0x080022e4   0x00000002   Code   RO         3661    i.HAL_UART_TxCpltCallback  stm32f4xx_hal_uart.o
    0x080022e6   0x080022e6   0x00000002   Code   RO         3662    i.HAL_UART_TxHalfCpltCallback  stm32f4xx_hal_uart.o
    0x080022e8   0x080022e8   0x00000002   Code   RO          625    i.HardFault_Handler  stm32f4xx_it.o
    0x080022ea   0x080022ea   0x00000002   PAD
    0x080022ec   0x080022ec   0x00000024   Code   RO           13    i.Left_Behind_Back  motor.o
    0x08002310   0x08002310   0x00000020   Code   RO           14    i.Left_Behind_Go    motor.o
    0x08002330   0x08002330   0x00000024   Code   RO           15    i.Left_Behind_Stop  motor.o
    0x08002354   0x08002354   0x00000024   Code   RO           16    i.Left_Front_Back   motor.o
    0x08002378   0x08002378   0x00000020   Code   RO           17    i.Left_Front_Go     motor.o
    0x08002398   0x08002398   0x00000024   Code   RO           18    i.Left_Front_Stop   motor.o
    0x080023bc   0x080023bc   0x000000bc   Code   RO          334    i.MX_ADC1_Init      adc.o
    0x08002478   0x08002478   0x0000009c   Code   RO          374    i.MX_DMA_Init       dma.o
    0x08002514   0x08002514   0x000000e0   Code   RO          308    i.MX_GPIO_Init      gpio.o
    0x080025f4   0x080025f4   0x00000040   Code   RO          400    i.MX_I2C1_Init      i2c.o
    0x08002634   0x08002634   0x000000a0   Code   RO          445    i.MX_TIM3_Init      tim.o
    0x080026d4   0x080026d4   0x00000068   Code   RO          446    i.MX_TIM4_Init      tim.o
    0x0800273c   0x0800273c   0x00000038   Code   RO          508    i.MX_USART1_UART_Init  usart.o
    0x08002774   0x08002774   0x00000038   Code   RO          509    i.MX_USART2_UART_Init  usart.o
    0x080027ac   0x080027ac   0x00000038   Code   RO          510    i.MX_USART3_UART_Init  usart.o
    0x080027e4   0x080027e4   0x00000002   Code   RO          626    i.MemManage_Handler  stm32f4xx_it.o
    0x080027e6   0x080027e6   0x00000002   PAD
    0x080027e8   0x080027e8   0x00000118   Code   RO           19    i.MotorControl      motor.o
    0x08002900   0x08002900   0x00000002   Code   RO          627    i.NMI_Handler       stm32f4xx_it.o
    0x08002902   0x08002902   0x00000002   Code   RO          628    i.PendSV_Handler    stm32f4xx_it.o
    0x08002904   0x08002904   0x00000024   Code   RO           20    i.Right_Behind_Back  motor.o
    0x08002928   0x08002928   0x00000024   Code   RO           21    i.Right_Behind_Go   motor.o
    0x0800294c   0x0800294c   0x00000028   Code   RO           22    i.Right_Behind_Stop  motor.o
    0x08002974   0x08002974   0x00000024   Code   RO           23    i.Right_Front_Back  motor.o
    0x08002998   0x08002998   0x00000024   Code   RO           24    i.Right_Front_Go    motor.o
    0x080029bc   0x080029bc   0x00000024   Code   RO           25    i.Right_Front_Stop  motor.o
    0x080029e0   0x080029e0   0x00000002   Code   RO          629    i.SVC_Handler       stm32f4xx_it.o
    0x080029e2   0x080029e2   0x00000004   Code   RO          630    i.SysTick_Handler   stm32f4xx_it.o
    0x080029e6   0x080029e6   0x00000002   PAD
    0x080029e8   0x080029e8   0x00000090   Code   RO          224    i.SystemClock_Config  main.o
    0x08002a78   0x08002a78   0x00000010   Code   RO         3984    i.SystemInit        system_stm32f4xx_1.o
    0x08002a88   0x08002a88   0x00000002   Code   RO          631    i.TIM4_IRQHandler   stm32f4xx_it.o
    0x08002a8a   0x08002a8a   0x00000002   PAD
    0x08002a8c   0x08002a8c   0x000000d0   Code   RO         2742    i.TIM_Base_SetConfig  stm32f4xx_hal_tim.o
    0x08002b5c   0x08002b5c   0x0000001a   Code   RO         2743    i.TIM_CCxChannelCmd  stm32f4xx_hal_tim.o
    0x08002b76   0x08002b76   0x00000014   Code   RO         2753    i.TIM_ETR_SetConfig  stm32f4xx_hal_tim.o
    0x08002b8a   0x08002b8a   0x00000010   Code   RO         2754    i.TIM_ITRx_SetConfig  stm32f4xx_hal_tim.o
    0x08002b9a   0x08002b9a   0x00000002   PAD
    0x08002b9c   0x08002b9c   0x00000060   Code   RO         2755    i.TIM_OC1_SetConfig  stm32f4xx_hal_tim.o
    0x08002bfc   0x08002bfc   0x0000006c   Code   RO         2756    i.TIM_OC2_SetConfig  stm32f4xx_hal_tim.o
    0x08002c68   0x08002c68   0x00000068   Code   RO         2757    i.TIM_OC3_SetConfig  stm32f4xx_hal_tim.o
    0x08002cd0   0x08002cd0   0x00000050   Code   RO         2758    i.TIM_OC4_SetConfig  stm32f4xx_hal_tim.o
    0x08002d20   0x08002d20   0x00000022   Code   RO         2760    i.TIM_TI1_ConfigInputStage  stm32f4xx_hal_tim.o
    0x08002d42   0x08002d42   0x00000024   Code   RO         2762    i.TIM_TI2_ConfigInputStage  stm32f4xx_hal_tim.o
    0x08002d66   0x08002d66   0x00000002   PAD
    0x08002d68   0x08002d68   0x00000014   Code   RO         4021    i.Track_Init        track_1.o
    0x08002d7c   0x08002d7c   0x0000013c   Code   RO         4022    i.Track_LineFollower  track_1.o
    0x08002eb8   0x08002eb8   0x0000004a   Code   RO         3664    i.UART_DMAError     stm32f4xx_hal_uart.o
    0x08002f02   0x08002f02   0x00000086   Code   RO         3665    i.UART_DMAReceiveCplt  stm32f4xx_hal_uart.o
    0x08002f88   0x08002f88   0x0000001e   Code   RO         3667    i.UART_DMARxHalfCplt  stm32f4xx_hal_uart.o
    0x08002fa6   0x08002fa6   0x00000042   Code   RO         3669    i.UART_DMATransmitCplt  stm32f4xx_hal_uart.o
    0x08002fe8   0x08002fe8   0x0000000a   Code   RO         3671    i.UART_DMATxHalfCplt  stm32f4xx_hal_uart.o
    0x08002ff2   0x08002ff2   0x0000004e   Code   RO         3673    i.UART_EndRxTransfer  stm32f4xx_hal_uart.o
    0x08003040   0x08003040   0x0000001c   Code   RO         3674    i.UART_EndTxTransfer  stm32f4xx_hal_uart.o
    0x0800305c   0x0800305c   0x0000010c   Code   RO         3676    i.UART_SetConfig    stm32f4xx_hal_uart.o
    0x08003168   0x08003168   0x000000a0   Code   RO         3677    i.UART_Start_Receive_DMA  stm32f4xx_hal_uart.o
    0x08003208   0x08003208   0x00000038   Code   RO          511    i.USART1_InitCommunication  usart.o
    0x08003240   0x08003240   0x00000034   Code   RO          512    i.USART1_ProcessReceivedData  usart.o
    0x08003274   0x08003274   0x00000020   Code   RO          513    i.USART1_SendString  usart.o
    0x08003294   0x08003294   0x00000038   Code   RO          514    i.USART2_InitCommunication  usart.o
    0x080032cc   0x080032cc   0x00000034   Code   RO          515    i.USART2_ProcessReceivedData  usart.o
    0x08003300   0x08003300   0x00000020   Code   RO          516    i.USART2_SendString  usart.o
    0x08003320   0x08003320   0x00000038   Code   RO          517    i.USART3_InitCommunication  usart.o
    0x08003358   0x08003358   0x00000034   Code   RO          518    i.USART3_ProcessReceivedData  usart.o
    0x0800338c   0x0800338c   0x00000020   Code   RO          519    i.USART3_SendString  usart.o
    0x080033ac   0x080033ac   0x00000058   Code   RO         4023    i.UpdateSensorStates  track_1.o
    0x08003404   0x08003404   0x00000002   Code   RO          632    i.UsageFault_Handler  stm32f4xx_it.o
    0x08003406   0x08003406   0x00000020   Code   RO         1802    i.__NVIC_SetPriority  stm32f4xx_hal_cortex.o
    0x08003426   0x08003426   0x00000002   PAD
    0x08003428   0x08003428   0x00000088   Code   RO          225    i.main              main.o
    0x080034b0   0x080034b0   0x000002f8   Code   RO         4091    i.processRaspberryPiSignal  communication.o
    0x080037a8   0x080037a8   0x00000118   Code   RO         4092    i.processUartCommands  communication.o
    0x080038c0   0x080038c0   0x0000000a   Code   RO         4242    x$fpl$fpinit        fz_wm.l(fpinit.o)
    0x080038ca   0x080038ca   0x00000008   Data   RO         1516    .constdata          stm32f4xx_hal_dma.o
    0x080038d2   0x080038d2   0x00000010   Data   RO         3985    .constdata          system_stm32f4xx_1.o
    0x080038e2   0x080038e2   0x00000008   Data   RO         3986    .constdata          system_stm32f4xx_1.o
    0x080038ea   0x080038ea   0x00000002   PAD
    0x080038ec   0x080038ec   0x00000020   Data   RO         4298    Region$$Table       anon$$obj.o


    Execution Region RW_IRAM1 (Exec base: 0x20000000, Load base: 0x0800390c, Size: 0x00000c70, Max: 0x0001c000, ABSOLUTE)

    Exec Addr    Load Addr    Size         Type   Attr      Idx    E Section Name        Object

    0x20000000   0x0800390c   0x0000000a   Data   RW          524    .data               usart.o
    0x2000000a   0x08003916   0x00000002   PAD
    0x2000000c   0x08003918   0x0000000c   Data   RW         1961    .data               stm32f4xx_hal.o
    0x20000018   0x08003924   0x00000004   Data   RW         3987    .data               system_stm32f4xx_1.o
    0x2000001c   0x08003928   0x00000011   Data   RW         4025    .data               track_1.o
    0x2000002d   0x08003939   0x00000003   PAD
    0x20000030        -       0x000000a8   Zero   RW          335    .bss                adc.o
    0x200000d8        -       0x00000054   Zero   RW          401    .bss                i2c.o
    0x2000012c        -       0x00000090   Zero   RW          447    .bss                tim.o
    0x200001bc        -       0x00000444   Zero   RW          521    .bss                usart.o
    0x20000600        -       0x0000000a   Zero   RW         4024    .bss                track_1.o
    0x2000060a   0x08003939   0x00000002   PAD
    0x2000060c        -       0x00000060   Zero   RW         4172    .bss                c_w.l(libspace.o)
    0x2000066c   0x08003939   0x00000004   PAD
    0x20000670        -       0x00000200   Zero   RW            2    HEAP                startup_stm32f407xx.o
    0x20000870        -       0x00000400   Zero   RW            1    STACK               startup_stm32f407xx.o


    Execution Region RW_IRAM2 (Exec base: 0x2001c000, Load base: 0x0800393c, Size: 0x00000000, Max: 0x00004000, ABSOLUTE)

    **** No section assigned to this execution region ****


==============================================================================

Image component sizes


      Code (inc. data)   RO Data    RW Data    ZI Data      Debug   Object Name

       384         36          0          0        168       1815   adc.o
      1040        570          0          0          0       2618   communication.o
       156          4          0          0          0        810   dma.o
       224         16          0          0          0       1007   gpio.o
       172         28          0          0         84       1581   i2c.o
       540        116          0          0          0       4550   main.o
       708         96          0          0          0     719705   motor.o
        64         26        392          0       1536        820   startup_stm32f407xx.o
       180         28          0         12          0       9217   stm32f4xx_hal.o
      1204         66          0          0          0       7261   stm32f4xx_hal_adc.o
       198         14          0          0          0      33679   stm32f4xx_hal_cortex.o
       902         16          8          0          0       5635   stm32f4xx_hal_dma.o
       506         46          0          0          0       2120   stm32f4xx_hal_gpio.o
       392         16          0          0          0       3179   stm32f4xx_hal_i2c.o
        48          6          0          0          0        810   stm32f4xx_hal_msp.o
      1344         72          0          0          0       5116   stm32f4xx_hal_rcc.o
      1660        136          0          0          0      12814   stm32f4xx_hal_tim.o
       144         28          0          0          0       1328   stm32f4xx_hal_tim_ex.o
      1162         36          0          0          0      11032   stm32f4xx_hal_uart.o
       106         42          0          0          0       7570   stm32f4xx_it.o
        16          4         24          4          0       1055   system_stm32f4xx_1.o
       484         54          0          0        144       3479   tim.o
       424         24          0         17         10       2389   track_1.o
      1320        172          0         10       1092       8837   usart.o

    ----------------------------------------------------------------------
     13410       1652        458         48       3036     848427   Object Totals
         0          0         32          0          0          0   (incl. Generated)
        32          0          2          5          2          0   (incl. Padding)

    ----------------------------------------------------------------------

      Code (inc. data)   RO Data    RW Data    ZI Data      Debug   Library Member Name

         8          0          0          0          0         68   __main.o
         0          0          0          0          0          0   __rtentry.o
        12          0          0          0          0          0   __rtentry2.o
         6          0          0          0          0          0   __rtentry4.o
        52          8          0          0          0          0   __scatter.o
        26          0          0          0          0          0   __scatter_copy.o
        28          0          0          0          0          0   __scatter_zi.o
        18          0          0          0          0         80   exit.o
         6          0          0          0          0        152   heapauxi.o
         0          0          0          0          0          0   indicate_semi.o
         2          0          0          0          0          0   libinit.o
         6          0          0          0          0          0   libinit2.o
         2          0          0          0          0          0   libshutdown.o
         2          0          0          0          0          0   libshutdown2.o
         8          4          0          0         96         68   libspace.o
       238          0          0          0          0        100   lludivv7m.o
        68          0          0          0          0         68   rt_memclr.o
        78          0          0          0          0         80   rt_memclr_w.o
         2          0          0          0          0          0   rtexit.o
        10          0          0          0          0          0   rtexit2.o
        62          0          0          0          0         76   strlen.o
        12          4          0          0          0         68   sys_exit.o
        74          0          0          0          0         80   sys_stackheap_outer.o
         2          0          0          0          0         68   use_no_semi.o
        10          0          0          0          0        116   fpinit.o

    ----------------------------------------------------------------------
       736         16          0          0        100       1024   Library Totals
         4          0          0          0          4          0   (incl. Padding)

    ----------------------------------------------------------------------

      Code (inc. data)   RO Data    RW Data    ZI Data      Debug   Library Name

       722         16          0          0         96        908   c_w.l
        10          0          0          0          0        116   fz_wm.l

    ----------------------------------------------------------------------
       736         16          0          0        100       1024   Library Totals

    ----------------------------------------------------------------------

==============================================================================


      Code (inc. data)   RO Data    RW Data    ZI Data      Debug   

     14146       1668        458         48       3136     836487   Grand Totals
     14146       1668        458         48       3136     836487   ELF Image Totals
     14146       1668        458         48          0          0   ROM Totals

==============================================================================

    Total RO  Size (Code + RO Data)                14604 (  14.26kB)
    Total RW  Size (RW Data + ZI Data)              3184 (   3.11kB)
    Total ROM Size (Code + RO Data + RW Data)      14652 (  14.31kB)

==============================================================================

