<html>
<body>
<pre>
<h1>µVision Build Log</h1>
<h2>Tool Versions:</h2>
IDE-Version: ¦ÌVision V5.26.2.0
Copyright (C) 2018 ARM Ltd and ARM Germany GmbH. All rights reserved.
License Information: Tang yucheng, USTC, LIC=QF82M-XC0Y7-014P1-C6M78-WNZ00-QSANU
 
Tool Versions:
Toolchain:       MDK-ARM Plus  Version: 5.26.2.0
Toolchain Path:  C:\Program Files\Keil_v5\ARM\ARMCLANG\Bin
C Compiler:      ArmClang.exe V6.10.1
Assembler:       Armasm.exe V6.10.1
Linker/Locator:  ArmLink.exe V6.10.1
Library Manager: ArmAr.exe V6.10.1
Hex Converter:   FromElf.exe V6.10.1
CPU DLL:         SARMCM3.DLL V5.26.2.0
Dialog DLL:      DCM.DLL V1.17.2.0
Target DLL:      STLink\ST-LINKIII-KEIL_SWO.dll V3.0.5.0
Dialog DLL:      TCM.DLL V1.36.1.0
 
<h2>Project:</h2>
C:\Users\31439\Desktop\RoboGame\2024-Demo\Code\RG2024_Embedded_Demo\MDK-ARM\RG2024_Embedded_Demo.uvprojx
Project File Date:  03/17/2024

<h2>Output:</h2>
*** Using Compiler 'V6.10.1', folder: 'C:\Program Files\Keil_v5\ARM\ARMCLANG\Bin'
Rebuild target 'RG2024_Embedded_Demo'
compiling stm32f4xx_hal_msp.c...
assembling startup_stm32f407xx.s...
compiling can.c...
compiling main.c...
compiling stm32f4xx_hal_can.c...
compiling stm32f4xx_hal_flash.c...
compiling dma.c...
compiling stm32f4xx_hal_flash_ex.c...
compiling gpio.c...
compiling stm32f4xx_it.c...
compiling usart.c...
compiling tim.c...
compiling stm32f4xx_hal_flash_ramfunc.c...
compiling stm32f4xx_hal_rcc_ex.c...
compiling stm32f4xx_hal_rcc.c...
compiling stm32f4xx_hal_gpio.c...
compiling stm32f4xx_hal_dma_ex.c...
compiling stm32f4xx_hal_pwr.c...
compiling stm32f4xx_hal_dma.c...
compiling stm32f4xx_hal_pwr_ex.c...
compiling stm32f4xx_hal_cortex.c...
compiling stm32f4xx_hal.c...
compiling stm32f4xx_hal_exti.c...
compiling system_stm32f4xx.c...
compiling stm32f4xx_hal_tim_ex.c...
compiling Gear.cpp...
compiling Crc.cpp...
compiling Pid.cpp...
compiling User_Math.cpp...
compiling stm32f4xx_hal_uart.c...
compiling User_Main.cpp...
compiling Chassis.cpp...
compiling Board.cpp...
compiling IMU.cpp...
compiling Communication.cpp...
compiling Callback_Can.cpp...
compiling Callback_Uart.cpp...
compiling stm32f4xx_hal_tim.c...
compiling User_Can.cpp...
compiling Callback_Tim.cpp...
compiling Motor_DJI.cpp...
compiling Motor.cpp...
compiling User_Delay.cpp...
compiling User_Uart.cpp...
linking...
Program Size: Code=18476 RO-data=716 RW-data=576 ZI-data=4240  
FromELF: creating hex file...
"RG2024_Embedded_Demo\RG2024_Embedded_Demo.axf" - 0 Error(s), 0 Warning(s).

<h2>Software Packages used:</h2>

Package Vendor: ARM
                http://www.keil.com/pack/ARM.CMSIS.5.4.0.pack
                ARM.CMSIS.5.4.0
                CMSIS (Cortex Microcontroller Software Interface Standard)
   * Component: CORE Version: 5.1.2

Package Vendor: Keil
                http://www.keil.com/pack/Keil.STM32F4xx_DFP.2.8.0.pack
                Keil.STM32F4xx_DFP.2.8.0
                STMicroelectronics STM32F4 Series Device Support, Drivers and Examples

<h2>Collection of Component include folders:</h2>
  .\RTE\_RG2024_Embedded_Demo
  C:\Program Files\Keil_v5\ARM\PACK\ARM\CMSIS\5.4.0\CMSIS\Core\Include
  C:\Program Files\Keil_v5\ARM\PACK\Keil\STM32F4xx_DFP\2.8.0\Drivers\CMSIS\Device\ST\STM32F4xx\Include

<h2>Collection of Component Files used:</h2>

   * Component: ARM::CMSIS:CORE:5.1.2
Build Time Elapsed:  00:00:02
</pre>
</body>
</html>
