Component: ARM Compiler 6.10.1 Tool: armlink [5d142800]

==============================================================================

Section Cross References

    startup_stm32f407xx.o(STACK) refers (Special) to heapauxi.o(.text) for __use_two_region_memory
    startup_stm32f407xx.o(HEAP) refers (Special) to heapauxi.o(.text) for __use_two_region_memory
    startup_stm32f407xx.o(RESET) refers (Special) to heapauxi.o(.text) for __use_two_region_memory
    startup_stm32f407xx.o(RESET) refers to startup_stm32f407xx.o(STACK) for __initial_sp
    startup_stm32f407xx.o(RESET) refers to startup_stm32f407xx.o(.text) for Reset_Handler
    startup_stm32f407xx.o(RESET) refers to stm32f4xx_it.o(.text.NMI_Handler) for NMI_Handler
    startup_stm32f407xx.o(RESET) refers to stm32f4xx_it.o(.text.HardFault_Handler) for HardFault_Handler
    startup_stm32f407xx.o(RESET) refers to stm32f4xx_it.o(.text.MemManage_Handler) for MemManage_Handler
    startup_stm32f407xx.o(RESET) refers to stm32f4xx_it.o(.text.BusFault_Handler) for BusFault_Handler
    startup_stm32f407xx.o(RESET) refers to stm32f4xx_it.o(.text.UsageFault_Handler) for UsageFault_Handler
    startup_stm32f407xx.o(RESET) refers to stm32f4xx_it.o(.text.SVC_Handler) for SVC_Handler
    startup_stm32f407xx.o(RESET) refers to stm32f4xx_it.o(.text.DebugMon_Handler) for DebugMon_Handler
    startup_stm32f407xx.o(RESET) refers to stm32f4xx_it.o(.text.PendSV_Handler) for PendSV_Handler
    startup_stm32f407xx.o(RESET) refers to stm32f4xx_it.o(.text.SysTick_Handler) for SysTick_Handler
    startup_stm32f407xx.o(RESET) refers to stm32f4xx_it.o(.text.DMA1_Stream1_IRQHandler) for DMA1_Stream1_IRQHandler
    startup_stm32f407xx.o(RESET) refers to stm32f4xx_it.o(.text.DMA1_Stream3_IRQHandler) for DMA1_Stream3_IRQHandler
    startup_stm32f407xx.o(RESET) refers to stm32f4xx_it.o(.text.CAN1_RX0_IRQHandler) for CAN1_RX0_IRQHandler
    startup_stm32f407xx.o(RESET) refers to stm32f4xx_it.o(.text.CAN1_RX1_IRQHandler) for CAN1_RX1_IRQHandler
    startup_stm32f407xx.o(RESET) refers to stm32f4xx_it.o(.text.USART1_IRQHandler) for USART1_IRQHandler
    startup_stm32f407xx.o(RESET) refers to stm32f4xx_it.o(.text.USART3_IRQHandler) for USART3_IRQHandler
    startup_stm32f407xx.o(RESET) refers to stm32f4xx_it.o(.text.TIM6_DAC_IRQHandler) for TIM6_DAC_IRQHandler
    startup_stm32f407xx.o(RESET) refers to stm32f4xx_it.o(.text.DMA2_Stream2_IRQHandler) for DMA2_Stream2_IRQHandler
    startup_stm32f407xx.o(RESET) refers to stm32f4xx_it.o(.text.DMA2_Stream7_IRQHandler) for DMA2_Stream7_IRQHandler
    startup_stm32f407xx.o(.text) refers (Special) to heapauxi.o(.text) for __use_two_region_memory
    startup_stm32f407xx.o(.text) refers to system_stm32f4xx.o(.text.SystemInit) for SystemInit
    startup_stm32f407xx.o(.text) refers to __main.o(!!!main) for __main
    startup_stm32f407xx.o(.text) refers to startup_stm32f407xx.o(HEAP) for Heap_Mem
    startup_stm32f407xx.o(.text) refers to startup_stm32f407xx.o(STACK) for Stack_Mem
    main.o(.text.main) refers to stm32f4xx_hal.o(.text.HAL_Init) for HAL_Init
    main.o(.text.main) refers to main.o(.text.SystemClock_Config) for SystemClock_Config
    main.o(.text.main) refers to gpio.o(.text.MX_GPIO_Init) for MX_GPIO_Init
    main.o(.text.main) refers to dma.o(.text.MX_DMA_Init) for MX_DMA_Init
    main.o(.text.main) refers to tim.o(.text.MX_TIM2_Init) for MX_TIM2_Init
    main.o(.text.main) refers to tim.o(.text.MX_TIM3_Init) for MX_TIM3_Init
    main.o(.text.main) refers to tim.o(.text.MX_TIM4_Init) for MX_TIM4_Init
    main.o(.text.main) refers to tim.o(.text.MX_TIM5_Init) for MX_TIM5_Init
    main.o(.text.main) refers to tim.o(.text.MX_TIM6_Init) for MX_TIM6_Init
    main.o(.text.main) refers to tim.o(.text.MX_TIM8_Init) for MX_TIM8_Init
    main.o(.text.main) refers to usart.o(.text.MX_USART3_UART_Init) for MX_USART3_UART_Init
    main.o(.text.main) refers to usart.o(.text.MX_USART1_UART_Init) for MX_USART1_UART_Init
    main.o(.text.main) refers to can.o(.text.MX_CAN1_Init) for MX_CAN1_Init
    main.o(.text.main) refers to tim.o(.text.MX_TIM9_Init) for MX_TIM9_Init
    main.o(.text.main) refers to user_main.o(.text.User_setup) for User_setup
    main.o(.text.main) refers to user_main.o(.text.User_loop) for User_loop
    main.o(.ARM.exidx.text.main) refers to main.o(.text.main) for [Anonymous Symbol]
    main.o(.text.SystemClock_Config) refers to rt_memclr_w.o(.text) for __aeabi_memclr4
    main.o(.text.SystemClock_Config) refers to stm32f4xx_hal_rcc.o(.text.HAL_RCC_OscConfig) for HAL_RCC_OscConfig
    main.o(.text.SystemClock_Config) refers to stm32f4xx_hal_rcc.o(.text.HAL_RCC_ClockConfig) for HAL_RCC_ClockConfig
    main.o(.ARM.exidx.text.SystemClock_Config) refers to main.o(.text.SystemClock_Config) for [Anonymous Symbol]
    main.o(.ARM.exidx.text.Error_Handler) refers to main.o(.text.Error_Handler) for [Anonymous Symbol]
    gpio.o(.text.MX_GPIO_Init) refers to stm32f4xx_hal_gpio.o(.text.HAL_GPIO_WritePin) for HAL_GPIO_WritePin
[...]
    __arm_cp.2_1                             0x08003918   Number         4  motor_dji.o(.text._Z23allocate_tx_buffer_C6x0P24Struct_CAN_Manage_Object17Enum_DJI_Motor_ID)
    [Anonymous Symbol]                       0x0800391c   Section        0  communication.o(.text._Z24COM_OffCallback_LuBanCatv)
    __arm_cp.2_0                             0x0800392c   Number         4  communication.o(.text._Z24COM_OffCallback_LuBanCatv)
    [Anonymous Symbol]                       0x08003930   Section        0  user_can.o(.text._Z8CAN_InitP24Struct_CAN_Manage_Object)
    __arm_cp.0_0                             0x08003988   Number         4  user_can.o(.text._Z8CAN_InitP24Struct_CAN_Manage_Object)
    __arm_cp.0_1                             0x0800398c   Number         4  user_can.o(.text._Z8CAN_InitP24Struct_CAN_Manage_Object)
    [Anonymous Symbol]                       0x08003990   Section        0  user_uart.o(.text._Z9UART_InitP25Struct_UART_Manage_Objectt)
    [Anonymous Symbol]                       0x080039b4   Section        0  user_uart.o(.text._Z9UART_SendP25Struct_UART_Manage_ObjectPht)
    [Anonymous Symbol]                       0x080039bc   Section        0  communication.o(.text._ZN15Class_CustomCOM10AliveCheckEt)
    __arm_cp.5_0                             0x080039e4   Number         4  communication.o(.text._ZN15Class_CustomCOM10AliveCheckEt)
    [Anonymous Symbol]                       0x080039e8   Section        0  communication.o(.text._ZN15Class_CustomCOM11DataProcessEh)
    [Anonymous Symbol]                       0x08003a58   Section        0  communication.o(.text._ZN15Class_CustomCOM4InitEhhj)
    [Anonymous Symbol]                       0x08003a8e   Section        0  communication.o(.text._ZN15Class_CustomCOM8DataSendEhPv)
    [Anonymous Symbol]                       0x08003ac8   Section        0  motor.o(.text._ZN15Class_Motor_BDC4InitEP17TIM_HandleTypeDefS1_jP12GPIO_TypeDefS3_jjfftt)
    [Anonymous Symbol]                       0x08003b18   Section        0  motor.o(.text._ZN15Class_Motor_BDC7ControlEv)
    [Anonymous Symbol]                       0x08003d38   Section        0  motor.o(.text._ZN15Class_Motor_BDC8Msp_InitEv)
    __arm_cp.1_0                             0x08003e38   Number         4  motor.o(.text._ZN15Class_Motor_BDC8Msp_InitEv)
    __arm_cp.1_1                             0x08003e3c   Number         4  motor.o(.text._ZN15Class_Motor_BDC8Msp_InitEv)
    [Anonymous Symbol]                       0x08003e40   Section        0  chassis.o(.text._ZN15Class_Motor_BDCC2Ev)
    [Anonymous Symbol]                       0x08003e78   Section        0  gear.o(.text._ZN16Class_Gear_Slope4InitEf)
    [Anonymous Symbol]                       0x08003e88   Section        0  gear.o(.text._ZN16Class_Gear_Slope9CalculateEv)
    [Anonymous Symbol]                       0x08003ec0   Section        0  motor.o(.text._ZN17Class_Motor_Servo4InitEP17TIM_HandleTypeDefjfff)
    [Anonymous Symbol]                       0x08003eec   Section        0  motor.o(.text._ZN17Class_Motor_Servo8AngleSetEf)
    [Anonymous Symbol]                       0x08003f90   Section        0  chassis.o(.text._ZN20Class_Chassis_Macnum4InitEft)
    __arm_cp.1_0                             0x080040e0   Number         4  chassis.o(.text._ZN20Class_Chassis_Macnum4InitEft)
    __arm_cp.1_1                             0x080040e4   Number         4  chassis.o(.text._ZN20Class_Chassis_Macnum4InitEft)
    __arm_cp.1_2                             0x080040e8   Number         4  chassis.o(.text._ZN20Class_Chassis_Macnum4InitEft)
    __arm_cp.1_3                             0x080040ec   Number         4  chassis.o(.text._ZN20Class_Chassis_Macnum4InitEft)
    __arm_cp.1_4                             0x080040f0   Number         4  chassis.o(.text._ZN20Class_Chassis_Macnum4InitEft)
    __arm_cp.1_5                             0x080040f4   Number         4  chassis.o(.text._ZN20Class_Chassis_Macnum4InitEft)
    __arm_cp.1_6                             0x080040f8   Number         4  chassis.o(.text._ZN20Class_Chassis_Macnum4InitEft)
    [Anonymous Symbol]                       0x08004108   Section        0  chassis.o(.text._ZN20Class_Chassis_Macnum7ControlEv)
    [Anonymous Symbol]                       0x0800426c   Section        0  chassis.o(.text._ZN20Class_Chassis_MacnumC2Ev)
    __arm_cp.0_0                             0x080042a4   Number         4  chassis.o(.text._ZN20Class_Chassis_MacnumC2Ev)
    __arm_cp.0_1                             0x080042a8   Number         4  chassis.o(.text._ZN20Class_Chassis_MacnumC2Ev)
    [Anonymous Symbol]                       0x080042ac   Section        0  motor_dji.o(.text._ZN20Class_DJI_Motor_C62010AliveCheckEt)
    __arm_cp.5_0                             0x080042e0   Number         4  motor_dji.o(.text._ZN20Class_DJI_Motor_C62010AliveCheckEt)
    [Anonymous Symbol]                       0x080042e4   Section        0  motor_dji.o(.text._ZN20Class_DJI_Motor_C6204InitEP24Struct_CAN_Manage_Object17Enum_DJI_Motor_ID29Enum_DJI_Motor_Control_Methodff)
    [Anonymous Symbol]                       0x0800430c   Section        0  motor_dji.o(.text._ZN20Class_DJI_Motor_C6207ControlEv)
    [Anonymous Symbol]                       0x080043b0   Section        0  motor_dji.o(.text._ZN20Class_DJI_Motor_C6207DataGetEv)
    __arm_cp.4_0                             0x080044a0   Number         4  motor_dji.o(.text._ZN20Class_DJI_Motor_C6207DataGetEv)
    [Anonymous Symbol]                       0x080044b0   Section        0  motor_dji.o(.text._ZN20Class_DJI_Motor_C620C2Ev)
    __arm_cp.0_0                             0x08004504   Number         4  motor_dji.o(.text._ZN20Class_DJI_Motor_C620C2Ev)
    __arm_cp.0_1                             0x08004508   Number         4  motor_dji.o(.text._ZN20Class_DJI_Motor_C620C2Ev)
    [Anonymous Symbol]                       0x0800450c   Section        0  pid.o(.text._ZN9Class_PID4InitEfffffffffff16Enum_PID_D_First)
    [Anonymous Symbol]                       0x0800452c   Section        0  pid.o(.text._ZN9Class_PID9CalculateEv)
    [Anonymous Symbol]                       0x080046f0   Section        0  stm32f4xx_hal_cortex.o(.text.__NVIC_SetPriority)
    __NVIC_SetPriority                       0x080046f1   Thumb Code    36  stm32f4xx_hal_cortex.o(.text.__NVIC_SetPriority)
    __arm_cp.2_0                             0x0800470c   Number         4  stm32f4xx_hal_cortex.o(.text.__NVIC_SetPriority)
    __arm_cp.2_1                             0x08004710   Number         4  stm32f4xx_hal_cortex.o(.text.__NVIC_SetPriority)
    [Anonymous Symbol]                       0x08004714   Section        0  main.o(.text.main)
    i.__hardfp_fmodf                         0x08004758   Section        0  fmodf.o(i.__hardfp_fmodf)
    i.__mathlib_flt_invalid                  0x08004808   Section        0  funder.o(i.__mathlib_flt_invalid)
    x$fpl$fnaninf                            0x08004818   Section      140  fnaninf.o(x$fpl$fnaninf)
    $v0                                      0x08004818   Number         0  fnaninf.o(x$fpl$fnaninf)
    x$fpl$fpinit                             0x080048a4   Section       26  fpinit.o(x$fpl$fpinit)
    $v0                                      0x080048a4   Number         0  fpinit.o(x$fpl$fpinit)
    x$fpl$frem                               0x080048c0   Section      244  frem_clz.o(x$fpl$frem)
    $v0                                      0x080048c0   Number         0  frem_clz.o(x$fpl$frem)
    x$fpl$usenofp                            0x080049b4   Section        0  usenofp.o(x$fpl$usenofp)
    [Anonymous Symbol]                       0x080049cc   Section        0  crc.o(.rodata._ZL10CRC8_TABLE)
    _ZL10CRC8_TABLE                          0x080049cc   Data         256  crc.o(.rodata._ZL10CRC8_TABLE)
    .init_array                              0x08004af8   Section        0  init_aeabi.o(.init_array)
    [Anonymous Symbol]                       0x20000000   Section        0  stm32f4xx_hal.o(.data..L_MergedGlobals)
    .bss                                     0x20000240   Section       96  libspace.o(.bss)
    [Anonymous Symbol]                       0x200002a0   Section        0  usart.o(.bss..L_MergedGlobals)
    [Anonymous Symbol]                       0x20000300   Section        0  motor_dji.o(.bss..L_MergedGlobals)
    [Anonymous Symbol]                       0x20000320   Section        0  usart.o(.bss..L_MergedGlobals.1)
    [Anonymous Symbol]                       0x20000380   Section        0  usart.o(.bss..L_MergedGlobals.2)
    [Anonymous Symbol]                       0x200003e0   Section        0  usart.o(.bss..L_MergedGlobals.3)
    [Anonymous Symbol]                       0x20000814   Section        0  user_delay.o(.bss._ZL6SysClk)
    _ZL6SysClk                               0x20000814   Data           4  user_delay.o(.bss._ZL6SysClk)
    [Anonymous Symbol]                       0x20000818   Section        0  callback_tim.o(.bss._ZZ29HAL_TIM_PeriodElapsedCallbackE5count)
    HAL_TIM_PeriodElapsedCallback::count     0x20000818   Data           2  callback_tim.o(.bss._ZZ29HAL_TIM_PeriodElapsedCallbackE5count)
    [Anonymous Symbol]                       0x2000081a   Section        0  communication.o(.bss._ZZN15Class_CustomCOM10AliveCheckEtE5count)
    Class_CustomCOM::AliveCheck(unsigned short)::count 0x2000081a   Data           2  communication.o(.bss._ZZN15Class_CustomCOM10AliveCheckEtE5count)
    [Anonymous Symbol]                       0x2000081c   Section        0  motor_dji.o(.bss._ZZN20Class_DJI_Motor_C62010AliveCheckEtE5count)
    Class_DJI_Motor_C620::AliveCheck(unsigned short)::count 0x2000081c   Data           2  motor_dji.o(.bss._ZZN20Class_DJI_Motor_C62010AliveCheckEtE5count)
    HEAP                                     0x20000cd0   Section      512  startup_stm32f407xx.o(HEAP)
    Heap_Mem                                 0x20000cd0   Data         512  startup_stm32f407xx.o(HEAP)
    STACK                                    0x20000ed0   Section     1024  startup_stm32f407xx.o(STACK)
    Stack_Mem                                0x20000ed0   Data        1024  startup_stm32f407xx.o(STACK)
    __initial_sp                             0x200012d0   Data           0  startup_stm32f407xx.o(STACK)

    Global Symbols

    Symbol Name                              Value     Ov Type        Size  Object(Section)

    BuildAttributes$$THM_ISAv4$E$P$D$K$B$S$7EM$VFPi3$EXTD16$VFPS$VFMA$PE$A:L22UL41UL21$X:L11$S22US41US21$IEEE1$IW$~IW$USESV6$~STKCKD$USESV7$~SHL$OTIME$ROPI$IEEEX$EBA8$UX$STANDARDLIB$REQ8$EABIv2 0x00000000   Number         0  anon$$obj.o ABSOLUTE
    SHT$$ARM_EXIDX$$Base                      - Undefined Reference
    SHT$$ARM_EXIDX$$Limit                     - Undefined Reference
    __ARM_exceptions_init                     - Undefined Weak Reference
    __alloca_initialize                       - Undefined Weak Reference
    __arm_preinit_                            - Undefined Weak Reference
    __cxa_finalize                            - Undefined Weak Reference
    __rt_locale                               - Undefined Weak Reference
    __sigvec_lookup                           - Undefined Weak Reference
    _atexit_init                              - Undefined Weak Reference
    _call_atexit_fns                          - Undefined Weak Reference
    _clock_init                               - Undefined Weak Reference
    _fp_trap_init                             - Undefined Weak Reference
    _fp_trap_shutdown                         - Undefined Weak Reference
    _get_lc_collate                           - Undefined Weak Reference
    _get_lc_ctype                             - Undefined Weak Reference
    _get_lc_monetary                          - Undefined Weak Reference
    _get_lc_numeric                           - Undefined Weak Reference
    _get_lc_time                              - Undefined Weak Reference
    _getenv_init                              - Undefined Weak Reference
    _handle_redirection                       - Undefined Weak Reference
    _init_alloc                               - Undefined Weak Reference
    _init_user_alloc                          - Undefined Weak Reference
    _initio                                   - Undefined Weak Reference
    _rand_init                                - Undefined Weak Reference
    _signal_finish                            - Undefined Weak Reference
    _signal_init                              - Undefined Weak Reference
    _terminate_alloc                          - Undefined Weak Reference
    _terminate_user_alloc                     - Undefined Weak Reference
    _terminateio                              - Undefined Weak Reference
    __Vectors_Size                           0x00000188   Number         0  startup_stm32f407xx.o ABSOLUTE
    __Vectors                                0x08000000   Data           4  startup_stm32f407xx.o(RESET)
    __Vectors_End                            0x08000188   Data           0  startup_stm32f407xx.o(RESET)
    __main                                   0x08000189   Thumb Code     8  __main.o(!!!main)
    __scatterload                            0x08000191   Thumb Code     0  __scatter.o(!!!scatter)
    __scatterload_rt2                        0x08000191   Thumb Code    44  __scatter.o(!!!scatter)
    __scatterload_rt2_thumb_only             0x08000191   Thumb Code     0  __scatter.o(!!!scatter)
    __scatterload_null                       0x0800019f   Thumb Code     0  __scatter.o(!!!scatter)
    __decompress                             0x080001c5   Thumb Code    58  __dczerorl.o(!!dczerorl)
    __decompress0                            0x080001c5   Thumb Code     0  __dczerorl.o(!!dczerorl)
    __scatterload_zeroinit                   0x08000201   Thumb Code    28  __scatter_zi.o(!!handler_zi)
    __rt_lib_init                            0x0800021d   Thumb Code     0  libinit.o(.ARM.Collect$$libinit$$00000000)
    __rt_lib_init_fp_1                       0x0800021f   Thumb Code     0  libinit2.o(.ARM.Collect$$libinit$$00000001)
    __rt_lib_init_alloca_1                   0x08000223   Thumb Code     0  libinit2.o(.ARM.Collect$$libinit$$0000002E)
    __rt_lib_init_argv_1                     0x08000223   Thumb Code     0  libinit2.o(.ARM.Collect$$libinit$$0000002C)
    __rt_lib_init_atexit_1                   0x08000223   Thumb Code     0  libinit2.o(.ARM.Collect$$libinit$$0000001B)
    __rt_lib_init_clock_1                    0x08000223   Thumb Code     0  libinit2.o(.ARM.Collect$$libinit$$00000021)
    __rt_lib_init_cpp_2                      0x08000223   Thumb Code     0  libinit2.o(.ARM.Collect$$libinit$$00000031)
    __rt_lib_init_exceptions_1               0x08000223   Thumb Code     0  libinit2.o(.ARM.Collect$$libinit$$00000030)
    __rt_lib_init_fp_trap_1                  0x08000223   Thumb Code     0  libinit2.o(.ARM.Collect$$libinit$$0000001F)
    __rt_lib_init_getenv_1                   0x08000223   Thumb Code     0  libinit2.o(.ARM.Collect$$libinit$$00000023)
    __rt_lib_init_heap_1                     0x08000223   Thumb Code     0  libinit2.o(.ARM.Collect$$libinit$$0000000A)
    __rt_lib_init_lc_collate_1               0x08000223   Thumb Code     0  libinit2.o(.ARM.Collect$$libinit$$00000011)
    __rt_lib_init_lc_ctype_1                 0x08000223   Thumb Code     0  libinit2.o(.ARM.Collect$$libinit$$00000013)
    __rt_lib_init_lc_monetary_1              0x08000223   Thumb Code     0  libinit2.o(.ARM.Collect$$libinit$$00000015)
    __rt_lib_init_lc_numeric_1               0x08000223   Thumb Code     0  libinit2.o(.ARM.Collect$$libinit$$00000017)
    __rt_lib_init_lc_time_1                  0x08000223   Thumb Code     0  libinit2.o(.ARM.Collect$$libinit$$00000019)
    __rt_lib_init_preinit_1                  0x08000223   Thumb Code     0  libinit2.o(.ARM.Collect$$libinit$$00000004)
    __rt_lib_init_rand_1                     0x08000223   Thumb Code     0  libinit2.o(.ARM.Collect$$libinit$$0000000E)
    __rt_lib_init_signal_1                   0x08000223   Thumb Code     0  libinit2.o(.ARM.Collect$$libinit$$0000001D)
    __rt_lib_init_stdio_1                    0x08000223   Thumb Code     0  libinit2.o(.ARM.Collect$$libinit$$00000025)
    __rt_lib_init_user_alloc_1               0x08000223   Thumb Code     0  libinit2.o(.ARM.Collect$$libinit$$0000000C)
    __rt_lib_init_cpp_1                      0x08000227   Thumb Code     0  libinit2.o(.ARM.Collect$$libinit$$00000032)
    __rt_lib_init_return                     0x08000227   Thumb Code     0  libinit2.o(.ARM.Collect$$libinit$$00000033)
    __rt_lib_shutdown                        0x08000229   Thumb Code     0  libshutdown.o(.ARM.Collect$$libshutdown$$00000000)
    __rt_lib_shutdown_cpp_1                  0x0800022b   Thumb Code     0  libshutdown2.o(.ARM.Collect$$libshutdown$$00000002)
    __rt_lib_shutdown_fp_trap_1              0x0800022b   Thumb Code     0  libshutdown2.o(.ARM.Collect$$libshutdown$$00000007)
    __rt_lib_shutdown_heap_1                 0x0800022b   Thumb Code     0  libshutdown2.o(.ARM.Collect$$libshutdown$$0000000F)
    __rt_lib_shutdown_return                 0x0800022b   Thumb Code     0  libshutdown2.o(.ARM.Collect$$libshutdown$$00000010)
    __rt_lib_shutdown_signal_1               0x0800022b   Thumb Code     0  libshutdown2.o(.ARM.Collect$$libshutdown$$0000000A)
    __rt_lib_shutdown_stdio_1                0x0800022b   Thumb Code     0  libshutdown2.o(.ARM.Collect$$libshutdown$$00000004)
    __rt_lib_shutdown_user_alloc_1           0x0800022b   Thumb Code     0  libshutdown2.o(.ARM.Collect$$libshutdown$$0000000C)
    __rt_entry                               0x0800022d   Thumb Code     0  __rtentry.o(.ARM.Collect$$rtentry$$00000000)
    __rt_entry_presh_1                       0x0800022d   Thumb Code     0  __rtentry2.o(.ARM.Collect$$rtentry$$00000002)
    __rt_entry_sh                            0x0800022d   Thumb Code     0  __rtentry4.o(.ARM.Collect$$rtentry$$00000004)
    __rt_entry_li                            0x08000233   Thumb Code     0  __rtentry2.o(.ARM.Collect$$rtentry$$0000000A)
    __rt_entry_postsh_1                      0x08000233   Thumb Code     0  __rtentry2.o(.ARM.Collect$$rtentry$$00000009)
    __rt_entry_main                          0x08000237   Thumb Code     0  __rtentry2.o(.ARM.Collect$$rtentry$$0000000D)
    __rt_entry_postli_1                      0x08000237   Thumb Code     0  __rtentry2.o(.ARM.Collect$$rtentry$$0000000C)
    __rt_exit                                0x0800023f   Thumb Code     0  rtexit.o(.ARM.Collect$$rtexit$$00000000)
    __rt_exit_ls                             0x08000241   Thumb Code     0  rtexit2.o(.ARM.Collect$$rtexit$$00000003)
    __rt_exit_prels_1                        0x08000241   Thumb Code     0  rtexit2.o(.ARM.Collect$$rtexit$$00000002)
    __rt_exit_exit                           0x08000245   Thumb Code     0  rtexit2.o(.ARM.Collect$$rtexit$$00000004)
    Reset_Handler                            0x0800024d   Thumb Code     8  startup_stm32f407xx.o(.text)
    ADC_IRQHandler                           0x08000267   Thumb Code     0  startup_stm32f407xx.o(.text)
    CAN1_SCE_IRQHandler                      0x08000267   Thumb Code     0  startup_stm32f407xx.o(.text)
    CAN1_TX_IRQHandler                       0x08000267   Thumb Code     0  startup_stm32f407xx.o(.text)
    CAN2_RX0_IRQHandler                      0x08000267   Thumb Code     0  startup_stm32f407xx.o(.text)
    CAN2_RX1_IRQHandler                      0x08000267   Thumb Code     0  startup_stm32f407xx.o(.text)
    CAN2_SCE_IRQHandler                      0x08000267   Thumb Code     0  startup_stm32f407xx.o(.text)
    CAN2_TX_IRQHandler                       0x08000267   Thumb Code     0  startup_stm32f407xx.o(.text)
    DCMI_IRQHandler                          0x08000267   Thumb Code     0  startup_stm32f407xx.o(.text)
    DMA1_Stream0_IRQHandler                  0x08000267   Thumb Code     0  startup_stm32f407xx.o(.text)
    DMA1_Stream2_IRQHandler                  0x08000267   Thumb Code     0  startup_stm32f407xx.o(.text)
    DMA1_Stream4_IRQHandler                  0x08000267   Thumb Code     0  startup_stm32f407xx.o(.text)
    DMA1_Stream5_IRQHandler                  0x08000267   Thumb Code     0  startup_stm32f407xx.o(.text)
    DMA1_Stream6_IRQHandler                  0x08000267   Thumb Code     0  startup_stm32f407xx.o(.text)
    DMA1_Stream7_IRQHandler                  0x08000267   Thumb Code     0  startup_stm32f407xx.o(.text)
    DMA2_Stream0_IRQHandler                  0x08000267   Thumb Code     0  startup_stm32f407xx.o(.text)
    DMA2_Stream1_IRQHandler                  0x08000267   Thumb Code     0  startup_stm32f407xx.o(.text)
    DMA2_Stream3_IRQHandler                  0x08000267   Thumb Code     0  startup_stm32f407xx.o(.text)
    DMA2_Stream4_IRQHandler                  0x08000267   Thumb Code     0  startup_stm32f407xx.o(.text)
    DMA2_Stream5_IRQHandler                  0x08000267   Thumb Code     0  startup_stm32f407xx.o(.text)
    DMA2_Stream6_IRQHandler                  0x08000267   Thumb Code     0  startup_stm32f407xx.o(.text)
    ETH_IRQHandler                           0x08000267   Thumb Code     0  startup_stm32f407xx.o(.text)
    ETH_WKUP_IRQHandler                      0x08000267   Thumb Code     0  startup_stm32f407xx.o(.text)
    EXTI0_IRQHandler                         0x08000267   Thumb Code     0  startup_stm32f407xx.o(.text)
    EXTI15_10_IRQHandler                     0x08000267   Thumb Code     0  startup_stm32f407xx.o(.text)
    EXTI1_IRQHandler                         0x08000267   Thumb Code     0  startup_stm32f407xx.o(.text)
    EXTI2_IRQHandler                         0x08000267   Thumb Code     0  startup_stm32f407xx.o(.text)
    EXTI3_IRQHandler                         0x08000267   Thumb Code     0  startup_stm32f407xx.o(.text)
    EXTI4_IRQHandler                         0x08000267   Thumb Code     0  startup_stm32f407xx.o(.text)
    EXTI9_5_IRQHandler                       0x08000267   Thumb Code     0  startup_stm32f407xx.o(.text)
    FLASH_IRQHandler                         0x08000267   Thumb Code     0  startup_stm32f407xx.o(.text)
    FMC_IRQHandler                           0x08000267   Thumb Code     0  startup_stm32f407xx.o(.text)
    FPU_IRQHandler                           0x08000267   Thumb Code     0  startup_stm32f407xx.o(.text)
    HASH_RNG_IRQHandler                      0x08000267   Thumb Code     0  startup_stm32f407xx.o(.text)
    I2C1_ER_IRQHandler                       0x08000267   Thumb Code     0  startup_stm32f407xx.o(.text)
    I2C1_EV_IRQHandler                       0x08000267   Thumb Code     0  startup_stm32f407xx.o(.text)
    I2C2_ER_IRQHandler                       0x08000267   Thumb Code     0  startup_stm32f407xx.o(.text)
    I2C2_EV_IRQHandler                       0x08000267   Thumb Code     0  startup_stm32f407xx.o(.text)
    I2C3_ER_IRQHandler                       0x08000267   Thumb Code     0  startup_stm32f407xx.o(.text)
    I2C3_EV_IRQHandler                       0x08000267   Thumb Code     0  startup_stm32f407xx.o(.text)
    OTG_FS_IRQHandler                        0x08000267   Thumb Code     0  startup_stm32f407xx.o(.text)
    OTG_FS_WKUP_IRQHandler                   0x08000267   Thumb Code     0  startup_stm32f407xx.o(.text)
    OTG_HS_EP1_IN_IRQHandler                 0x08000267   Thumb Code     0  startup_stm32f407xx.o(.text)
    OTG_HS_EP1_OUT_IRQHandler                0x08000267   Thumb Code     0  startup_stm32f407xx.o(.text)
    OTG_HS_IRQHandler                        0x08000267   Thumb Code     0  startup_stm32f407xx.o(.text)
    OTG_HS_WKUP_IRQHandler                   0x08000267   Thumb Code     0  startup_stm32f407xx.o(.text)
    PVD_IRQHandler                           0x08000267   Thumb Code     0  startup_stm32f407xx.o(.text)
    RCC_IRQHandler                           0x08000267   Thumb Code     0  startup_stm32f407xx.o(.text)
    RTC_Alarm_IRQHandler                     0x08000267   Thumb Code     0  startup_stm32f407xx.o(.text)
    RTC_WKUP_IRQHandler                      0x08000267   Thumb Code     0  startup_stm32f407xx.o(.text)
    SDIO_IRQHandler                          0x08000267   Thumb Code     0  startup_stm32f407xx.o(.text)
    SPI1_IRQHandler                          0x08000267   Thumb Code     0  startup_stm32f407xx.o(.text)
    SPI2_IRQHandler                          0x08000267   Thumb Code     0  startup_stm32f407xx.o(.text)
    SPI3_IRQHandler                          0x08000267   Thumb Code     0  startup_stm32f407xx.o(.text)
    TAMP_STAMP_IRQHandler                    0x08000267   Thumb Code     0  startup_stm32f407xx.o(.text)
    TIM1_BRK_TIM9_IRQHandler                 0x08000267   Thumb Code     0  startup_stm32f407xx.o(.text)
    TIM1_CC_IRQHandler                       0x08000267   Thumb Code     0  startup_stm32f407xx.o(.text)
    TIM1_TRG_COM_TIM11_IRQHandler            0x08000267   Thumb Code     0  startup_stm32f407xx.o(.text)
    TIM1_UP_TIM10_IRQHandler                 0x08000267   Thumb Code     0  startup_stm32f407xx.o(.text)
    TIM2_IRQHandler                          0x08000267   Thumb Code     0  startup_stm32f407xx.o(.text)
    TIM3_IRQHandler                          0x08000267   Thumb Code     0  startup_stm32f407xx.o(.text)
    TIM4_IRQHandler                          0x08000267   Thumb Code     0  startup_stm32f407xx.o(.text)
    TIM5_IRQHandler                          0x08000267   Thumb Code     0  startup_stm32f407xx.o(.text)
    TIM7_IRQHandler                          0x08000267   Thumb Code     0  startup_stm32f407xx.o(.text)
    TIM8_BRK_TIM12_IRQHandler                0x08000267   Thumb Code     0  startup_stm32f407xx.o(.text)
    TIM8_CC_IRQHandler                       0x08000267   Thumb Code     0  startup_stm32f407xx.o(.text)
    TIM8_TRG_COM_TIM14_IRQHandler            0x08000267   Thumb Code     0  startup_stm32f407xx.o(.text)
    TIM8_UP_TIM13_IRQHandler                 0x08000267   Thumb Code     0  startup_stm32f407xx.o(.text)
    UART4_IRQHandler                         0x08000267   Thumb Code     0  startup_stm32f407xx.o(.text)
    UART5_IRQHandler                         0x08000267   Thumb Code     0  startup_stm32f407xx.o(.text)
    USART2_IRQHandler                        0x08000267   Thumb Code     0  startup_stm32f407xx.o(.text)
    USART6_IRQHandler                        0x08000267   Thumb Code     0  startup_stm32f407xx.o(.text)
    WWDG_IRQHandler                          0x08000267   Thumb Code     0  startup_stm32f407xx.o(.text)
    __user_initial_stackheap                 0x08000269   Thumb Code     0  startup_stm32f407xx.o(.text)
    __aeabi_uldivmod                         0x0800028d   Thumb Code     0  lludivv7m.o(.text)
    _ll_udiv                                 0x0800028d   Thumb Code   238  lludivv7m.o(.text)
    __aeabi_memcpy4                          0x0800037b   Thumb Code     0  rt_memcpy_w.o(.text)
    __aeabi_memcpy8                          0x0800037b   Thumb Code     0  rt_memcpy_w.o(.text)
    __rt_memcpy_w                            0x0800037b   Thumb Code   100  rt_memcpy_w.o(.text)
    _memcpy_lastbytes_aligned                0x080003c3   Thumb Code     0  rt_memcpy_w.o(.text)
    __aeabi_memclr4                          0x080003df   Thumb Code     0  rt_memclr_w.o(.text)
    __aeabi_memclr8                          0x080003df   Thumb Code     0  rt_memclr_w.o(.text)
    __rt_memclr_w                            0x080003df   Thumb Code    78  rt_memclr_w.o(.text)
    _memset_w                                0x080003e3   Thumb Code     0  rt_memclr_w.o(.text)
    __use_two_region_memory                  0x0800042d   Thumb Code     2  heapauxi.o(.text)
    __rt_heap_escrow$2region                 0x0800042f   Thumb Code     2  heapauxi.o(.text)
    __rt_heap_expand$2region                 0x08000431   Thumb Code     2  heapauxi.o(.text)
    __cpp_initialize__aeabi_                 0x08000435   Thumb Code    26  init_aeabi.o(.text)
    __read_errno                             0x08000459   Thumb Code    10  _rserrno.o(.text)
    __set_errno                              0x08000463   Thumb Code    12  _rserrno.o(.text)
    _sys_exit                                0x08000471   Thumb Code     8  sys_exit.o(.text)
    __aeabi_errno_addr                       0x0800047d   Thumb Code     8  rt_errno_addr_intlibspace.o(.text)
    __errno$intlibspace                      0x0800047d   Thumb Code     0  rt_errno_addr_intlibspace.o(.text)
    __rt_errno_addr$intlibspace              0x0800047d   Thumb Code     0  rt_errno_addr_intlibspace.o(.text)
    __user_libspace                          0x08000485   Thumb Code     8  libspace.o(.text)
    __user_perproc_libspace                  0x08000485   Thumb Code     0  libspace.o(.text)
    __user_perthread_libspace                0x08000485   Thumb Code     0  libspace.o(.text)
    __I$use$semihosting                      0x0800048d   Thumb Code     0  use_no_semi.o(.text)
    __use_no_semihosting_swi                 0x0800048d   Thumb Code     2  use_no_semi.o(.text)
    __semihosting_library_function           0x0800048f   Thumb Code     0  indicate_semi.o(.text)
    __user_setup_stackheap                   0x0800048f   Thumb Code    74  sys_stackheap_outer.o(.text)
    exit                                     0x080004d9   Thumb Code    18  exit.o(.text)
    BusFault_Handler                         0x080004eb   Thumb Code     2  stm32f4xx_it.o(.text.BusFault_Handler)
    CAN1_RX0_IRQHandler                      0x080004ed   Thumb Code    12  stm32f4xx_it.o(.text.CAN1_RX0_IRQHandler)
    CAN1_RX1_IRQHandler                      0x080004f5   Thumb Code    12  stm32f4xx_it.o(.text.CAN1_RX1_IRQHandler)
    DMA1_Stream1_IRQHandler                  0x08000501   Thumb Code    12  stm32f4xx_it.o(.text.DMA1_Stream1_IRQHandler)
    DMA1_Stream3_IRQHandler                  0x0800050d   Thumb Code    12  stm32f4xx_it.o(.text.DMA1_Stream3_IRQHandler)
    DMA2_Stream2_IRQHandler                  0x08000519   Thumb Code    12  stm32f4xx_it.o(.text.DMA2_Stream2_IRQHandler)
    DMA2_Stream7_IRQHandler                  0x08000525   Thumb Code    12  stm32f4xx_it.o(.text.DMA2_Stream7_IRQHandler)
    DebugMon_Handler                         0x08000593   Thumb Code     2  stm32f4xx_it.o(.text.DebugMon_Handler)
    Error_Handler                            0x08000595   Thumb Code     8  main.o(.text.Error_Handler)
    HAL_CAN_AddTxMessage                     0x0800059d   Thumb Code   162  stm32f4xx_hal_can.o(.text.HAL_CAN_AddTxMessage)
    HAL_CAN_ConfigFilter                     0x08000641   Thumb Code   224  stm32f4xx_hal_can.o(.text.HAL_CAN_ConfigFilter)
    HAL_CAN_ErrorCallback                    0x08000721   Thumb Code     2  stm32f4xx_hal_can.o(.text.HAL_CAN_ErrorCallback)
    HAL_CAN_GetRxMessage                     0x08000723   Thumb Code   274  stm32f4xx_hal_can.o(.text.HAL_CAN_GetRxMessage)
    HAL_CAN_IRQHandler                       0x08000835   Thumb Code   520  stm32f4xx_hal_can.o(.text.HAL_CAN_IRQHandler)
    HAL_CAN_Init                             0x08000a3d   Thumb Code   252  stm32f4xx_hal_can.o(.text.HAL_CAN_Init)
    HAL_CAN_MspInit                          0x08000b39   Thumb Code   140  can.o(.text.HAL_CAN_MspInit)
    HAL_CAN_RxFifo0FullCallback              0x08000bc1   Thumb Code     2  stm32f4xx_hal_can.o(.text.HAL_CAN_RxFifo0FullCallback)
    HAL_CAN_RxFifo0MsgPendingCallback        0x08000bc5   Thumb Code    76  callback_can.o(.text.HAL_CAN_RxFifo0MsgPendingCallback)
    HAL_CAN_RxFifo1FullCallback              0x08000c05   Thumb Code     2  stm32f4xx_hal_can.o(.text.HAL_CAN_RxFifo1FullCallback)
    HAL_CAN_RxFifo1MsgPendingCallback        0x08000c09   Thumb Code    76  callback_can.o(.text.HAL_CAN_RxFifo1MsgPendingCallback)
    HAL_CAN_SleepCallback                    0x08000c55   Thumb Code     2  stm32f4xx_hal_can.o(.text.HAL_CAN_SleepCallback)
    HAL_CAN_Start                            0x08000c57   Thumb Code    88  stm32f4xx_hal_can.o(.text.HAL_CAN_Start)
    HAL_CAN_TxMailbox0AbortCallback          0x08000caf   Thumb Code     2  stm32f4xx_hal_can.o(.text.HAL_CAN_TxMailbox0AbortCallback)
    HAL_CAN_TxMailbox0CompleteCallback       0x08000cb1   Thumb Code     2  stm32f4xx_hal_can.o(.text.HAL_CAN_TxMailbox0CompleteCallback)
    HAL_CAN_TxMailbox1AbortCallback          0x08000cb3   Thumb Code     2  stm32f4xx_hal_can.o(.text.HAL_CAN_TxMailbox1AbortCallback)
    HAL_CAN_TxMailbox1CompleteCallback       0x08000cb5   Thumb Code     2  stm32f4xx_hal_can.o(.text.HAL_CAN_TxMailbox1CompleteCallback)
    HAL_CAN_TxMailbox2AbortCallback          0x08000cb7   Thumb Code     2  stm32f4xx_hal_can.o(.text.HAL_CAN_TxMailbox2AbortCallback)
    HAL_CAN_TxMailbox2CompleteCallback       0x08000cb9   Thumb Code     2  stm32f4xx_hal_can.o(.text.HAL_CAN_TxMailbox2CompleteCallback)
    HAL_CAN_WakeUpFromRxMsgCallback          0x08000cbb   Thumb Code     2  stm32f4xx_hal_can.o(.text.HAL_CAN_WakeUpFromRxMsgCallback)
    HAL_DMA_Abort                            0x08000cbd   Thumb Code   132  stm32f4xx_hal_dma.o(.text.HAL_DMA_Abort)
    HAL_DMA_Abort_IT                         0x08000d41   Thumb Code    36  stm32f4xx_hal_dma.o(.text.HAL_DMA_Abort_IT)
    HAL_DMA_IRQHandler                       0x08000d65   Thumb Code   384  stm32f4xx_hal_dma.o(.text.HAL_DMA_IRQHandler)
    HAL_DMA_Init                             0x08000ee5   Thumb Code   300  stm32f4xx_hal_dma.o(.text.HAL_DMA_Init)
    HAL_DMA_Start_IT                         0x08001011   Thumb Code   100  stm32f4xx_hal_dma.o(.text.HAL_DMA_Start_IT)
    HAL_GPIO_Init                            0x08001075   Thumb Code   416  stm32f4xx_hal_gpio.o(.text.HAL_GPIO_Init)
    HAL_GPIO_WritePin                        0x08001215   Thumb Code    10  stm32f4xx_hal_gpio.o(.text.HAL_GPIO_WritePin)
    HAL_GetTick                              0x08001221   Thumb Code    12  stm32f4xx_hal.o(.text.HAL_GetTick)
    HAL_IncTick                              0x08001229   Thumb Code    16  stm32f4xx_hal.o(.text.HAL_IncTick)
    HAL_Init                                 0x08001235   Thumb Code    52  stm32f4xx_hal.o(.text.HAL_Init)
    HAL_InitTick                             0x08001269   Thumb Code    64  stm32f4xx_hal.o(.text.HAL_InitTick)
    HAL_MspInit                              0x080012a5   Thumb Code    56  stm32f4xx_hal_msp.o(.text.HAL_MspInit)
    HAL_NVIC_EnableIRQ                       0x080012dd   Thumb Code    28  stm32f4xx_hal_cortex.o(.text.HAL_NVIC_EnableIRQ)
    HAL_NVIC_SetPriority                     0x080012f9   Thumb Code    72  stm32f4xx_hal_cortex.o(.text.HAL_NVIC_SetPriority)
    HAL_NVIC_SetPriorityGrouping             0x0800133d   Thumb Code    32  stm32f4xx_hal_cortex.o(.text.HAL_NVIC_SetPriorityGrouping)
    HAL_RCC_ClockConfig                      0x0800135d   Thumb Code   308  stm32f4xx_hal_rcc.o(.text.HAL_RCC_ClockConfig)
    HAL_RCC_GetPCLK1Freq                     0x0800148d   Thumb Code    32  stm32f4xx_hal_rcc.o(.text.HAL_RCC_GetPCLK1Freq)
    HAL_RCC_GetPCLK2Freq                     0x080014a1   Thumb Code    32  stm32f4xx_hal_rcc.o(.text.HAL_RCC_GetPCLK2Freq)
    HAL_RCC_GetSysClockFreq                  0x080014c1   Thumb Code    96  stm32f4xx_hal_rcc.o(.text.HAL_RCC_GetSysClockFreq)
    HAL_RCC_OscConfig                        0x0800151d   Thumb Code   896  stm32f4xx_hal_rcc.o(.text.HAL_RCC_OscConfig)
    HAL_SYSTICK_Config                       0x0800189d   Thumb Code    40  stm32f4xx_hal_cortex.o(.text.HAL_SYSTICK_Config)
    HAL_TIMEx_BreakCallback                  0x080018c5   Thumb Code     2  stm32f4xx_hal_tim_ex.o(.text.HAL_TIMEx_BreakCallback)
    HAL_TIMEx_CommutCallback                 0x080018c7   Thumb Code     2  stm32f4xx_hal_tim_ex.o(.text.HAL_TIMEx_CommutCallback)
    HAL_TIMEx_ConfigBreakDeadTime            0x080018c9   Thumb Code    80  stm32f4xx_hal_tim_ex.o(.text.HAL_TIMEx_ConfigBreakDeadTime)
    HAL_TIMEx_MasterConfigSynchronization    0x08001919   Thumb Code   152  stm32f4xx_hal_tim_ex.o(.text.HAL_TIMEx_MasterConfigSynchronization)
    HAL_TIM_Base_Init                        0x08001995   Thumb Code    88  stm32f4xx_hal_tim.o(.text.HAL_TIM_Base_Init)
    HAL_TIM_Base_MspInit                     0x080019ed   Thumb Code   100  tim.o(.text.HAL_TIM_Base_MspInit)
    HAL_TIM_Base_Start_IT                    0x08001a4d   Thumb Code   128  stm32f4xx_hal_tim.o(.text.HAL_TIM_Base_Start_IT)
    HAL_TIM_ConfigClockSource                0x08001acd   Thumb Code   248  stm32f4xx_hal_tim.o(.text.HAL_TIM_ConfigClockSource)
    HAL_TIM_Encoder_Init                     0x08001bc5   Thumb Code   176  stm32f4xx_hal_tim.o(.text.HAL_TIM_Encoder_Init)
    HAL_TIM_Encoder_MspInit                  0x08001c75   Thumb Code   344  tim.o(.text.HAL_TIM_Encoder_MspInit)
    HAL_TIM_Encoder_Start                    0x08001dc9   Thumb Code   156  stm32f4xx_hal_tim.o(.text.HAL_TIM_Encoder_Start)
    HAL_TIM_IC_CaptureCallback               0x08001e65   Thumb Code     2  stm32f4xx_hal_tim.o(.text.HAL_TIM_IC_CaptureCallback)
    HAL_TIM_IRQHandler                       0x08001e67   Thumb Code   372  stm32f4xx_hal_tim.o(.text.HAL_TIM_IRQHandler)
    HAL_TIM_MspPostInit                      0x08001fdd   Thumb Code   148  tim.o(.text.HAL_TIM_MspPostInit)
    HAL_TIM_OC_DelayElapsedCallback          0x08002069   Thumb Code     2  stm32f4xx_hal_tim.o(.text.HAL_TIM_OC_DelayElapsedCallback)
    HAL_TIM_PWM_ConfigChannel                0x0800206d   Thumb Code   154  stm32f4xx_hal_tim.o(.text.HAL_TIM_PWM_ConfigChannel)
    HAL_TIM_PWM_Init                         0x08002107   Thumb Code    88  stm32f4xx_hal_tim.o(.text.HAL_TIM_PWM_Init)
    HAL_TIM_PWM_MspInit                      0x08002161   Thumb Code    48  tim.o(.text.HAL_TIM_PWM_MspInit)
    HAL_TIM_PWM_PulseFinishedCallback        0x0800218d   Thumb Code     2  stm32f4xx_hal_tim.o(.text.HAL_TIM_PWM_PulseFinishedCallback)
    HAL_TIM_PWM_Start                        0x08002191   Thumb Code   232  stm32f4xx_hal_tim.o(.text.HAL_TIM_PWM_Start)
    HAL_TIM_PeriodElapsedCallback            0x08002279   Thumb Code   148  callback_tim.o(.text.HAL_TIM_PeriodElapsedCallback)
    HAL_TIM_TriggerCallback                  0x08002309   Thumb Code     2  stm32f4xx_hal_tim.o(.text.HAL_TIM_TriggerCallback)
    HAL_UARTEx_ReceiveToIdle_DMA             0x0800230b   Thumb Code    96  stm32f4xx_hal_uart.o(.text.HAL_UARTEx_ReceiveToIdle_DMA)
    HAL_UARTEx_RxEventCallback               0x0800236d   Thumb Code    48  callback_uart.o(.text.HAL_UARTEx_RxEventCallback)
    HAL_UART_ErrorCallback                   0x08002395   Thumb Code    96  callback_uart.o(.text.HAL_UART_ErrorCallback)
    HAL_UART_GetError                        0x080023f5   Thumb Code     4  stm32f4xx_hal_uart.o(.text.HAL_UART_GetError)
    HAL_UART_IRQHandler                      0x080023f9   Thumb Code   668  stm32f4xx_hal_uart.o(.text.HAL_UART_IRQHandler)
    HAL_UART_Init                            0x08002695   Thumb Code    92  stm32f4xx_hal_uart.o(.text.HAL_UART_Init)
    HAL_UART_MspInit                         0x080026f1   Thumb Code   448  usart.o(.text.HAL_UART_MspInit)
    HAL_UART_RxCpltCallback                  0x080028ad   Thumb Code     2  stm32f4xx_hal_uart.o(.text.HAL_UART_RxCpltCallback)
    HAL_UART_RxHalfCpltCallback              0x080028af   Thumb Code     2  stm32f4xx_hal_uart.o(.text.HAL_UART_RxHalfCpltCallback)
    HAL_UART_Transmit_DMA                    0x080028b1   Thumb Code   136  stm32f4xx_hal_uart.o(.text.HAL_UART_Transmit_DMA)
    HAL_UART_TxCpltCallback                  0x08002939   Thumb Code     2  stm32f4xx_hal_uart.o(.text.HAL_UART_TxCpltCallback)
    HAL_UART_TxHalfCpltCallback              0x0800293b   Thumb Code     2  stm32f4xx_hal_uart.o(.text.HAL_UART_TxHalfCpltCallback)
    HardFault_Handler                        0x0800293d   Thumb Code     2  stm32f4xx_it.o(.text.HardFault_Handler)
    MX_CAN1_Init                             0x08002941   Thumb Code    68  can.o(.text.MX_CAN1_Init)
    MX_DMA_Init                              0x08002985   Thumb Code   116  dma.o(.text.MX_DMA_Init)
    MX_GPIO_Init                             0x080029f5   Thumb Code   180  gpio.o(.text.MX_GPIO_Init)
    MX_TIM2_Init                             0x08002aa9   Thumb Code    92  tim.o(.text.MX_TIM2_Init)
    MX_TIM3_Init                             0x08002b05   Thumb Code    96  tim.o(.text.MX_TIM3_Init)
    MX_TIM4_Init                             0x08002b65   Thumb Code    96  tim.o(.text.MX_TIM4_Init)
    MX_TIM5_Init                             0x08002bc5   Thumb Code    96  tim.o(.text.MX_TIM5_Init)
    MX_TIM6_Init                             0x08002c21   Thumb Code    64  tim.o(.text.MX_TIM6_Init)
    MX_TIM8_Init                             0x08002c5d   Thumb Code   248  tim.o(.text.MX_TIM8_Init)
    MX_TIM9_Init                             0x08002d51   Thumb Code    88  tim.o(.text.MX_TIM9_Init)
    MX_USART1_UART_Init                      0x08002da5   Thumb Code    60  usart.o(.text.MX_USART1_UART_Init)
    MX_USART3_UART_Init                      0x08002de1   Thumb Code    60  usart.o(.text.MX_USART3_UART_Init)
    MemManage_Handler                        0x08002e1d   Thumb Code     2  stm32f4xx_it.o(.text.MemManage_Handler)
    NMI_Handler                              0x08002e1f   Thumb Code     2  stm32f4xx_it.o(.text.NMI_Handler)
    PendSV_Handler                           0x08002e21   Thumb Code     2  stm32f4xx_it.o(.text.PendSV_Handler)
    SVC_Handler                              0x08002e23   Thumb Code     2  stm32f4xx_it.o(.text.SVC_Handler)
    SysTick_Handler                          0x08002e25   Thumb Code     4  stm32f4xx_it.o(.text.SysTick_Handler)
    SystemClock_Config                       0x08002e29   Thumb Code   164  main.o(.text.SystemClock_Config)
    SystemInit                               0x08002ecd   Thumb Code    16  system_stm32f4xx.o(.text.SystemInit)
    TIM6_DAC_IRQHandler                      0x08002edd   Thumb Code    12  stm32f4xx_it.o(.text.TIM6_DAC_IRQHandler)
    TIM_Base_SetConfig                       0x08002ee9   Thumb Code   208  stm32f4xx_hal_tim.o(.text.TIM_Base_SetConfig)
    TIM_CCxChannelCmd                        0x08002fb5   Thumb Code    30  stm32f4xx_hal_tim.o(.text.TIM_CCxChannelCmd)
    TIM_OC2_SetConfig                        0x08003035   Thumb Code   104  stm32f4xx_hal_tim.o(.text.TIM_OC2_SetConfig)
    UART_Start_Receive_DMA                   0x080034cd   Thumb Code   152  stm32f4xx_hal_uart.o(.text.UART_Start_Receive_DMA)
    USART1_IRQHandler                        0x08003565   Thumb Code    12  stm32f4xx_it.o(.text.USART1_IRQHandler)
    USART3_IRQHandler                        0x08003571   Thumb Code    12  stm32f4xx_it.o(.text.USART3_IRQHandler)
    UsageFault_Handler                       0x0800357d   Thumb Code     2  stm32f4xx_it.o(.text.UsageFault_Handler)
    User_loop                                0x0800357f   Thumb Code     2  user_main.o(.text.User_loop)
    User_setup                               0x08003581   Thumb Code   320  user_main.o(.text.User_setup)
    Delay_Init(unsigned short)               0x08003711   Thumb Code    12  user_delay.o(.text._Z10Delay_Initt)
    CAN_Send_Data(Struct_CAN_Manage_Object*, unsigned short, unsigned char*, unsigned short) 0x0800371d   Thumb Code    32  user_can.o(.text._Z13CAN_Send_DataP24Struct_CAN_Manage_ObjecttPht)
    Calculate_CRC8(unsigned char*, unsigned) 0x0800373d   Thumb Code    36  crc.o(.text._Z14Calculate_CRC8Phj)
    CAN_ConfigFilter(__CAN_HandleTypeDef*, unsigned char, unsigned, unsigned) 0x08003761   Thumb Code    80  user_can.o(.text._Z16CAN_ConfigFilterP19__CAN_HandleTypeDefhjj)
    CAN_Receive_Data(Struct_CAN_Manage_Object*, unsigned) 0x080037b1   Thumb Code    12  user_can.o(.text._Z16CAN_Receive_DataP24Struct_CAN_Manage_Objectj)
    DJI_CAN_SendData()                       0x080037bd   Thumb Code    48  motor_dji.o(.text._Z16DJI_CAN_SendDatav)
    Math_Endian_Reverse_16(void*, void*)     0x080037e9   Thumb Code    10  user_math.o(.text._Z22Math_Endian_Reverse_16PvS_)
    UART_ReceiveToIdle_DMA(Struct_UART_Manage_Object*) 0x080037f3   Thumb Code    34  user_uart.o(.text._Z22UART_ReceiveToIdle_DMAP25Struct_UART_Manage_Object)
    COM_RxCallback_LuBanCat(void*, unsigned char) 0x08003815   Thumb Code    84  communication.o(.text._Z23COM_RxCallback_LuBanCatPvh)
    COM_TxCallback_LuBanCat(unsigned char, void*, void*) 0x08003865   Thumb Code    32  communication.o(.text._Z23COM_TxCallback_LuBanCathPvS_)
    allocate_tx_buffer_C6x0(Struct_CAN_Manage_Object*, Enum_DJI_Motor_ID) 0x08003881   Thumb Code   156  motor_dji.o(.text._Z23allocate_tx_buffer_C6x0P24Struct_CAN_Manage_Object17Enum_DJI_Motor_ID)
    COM_OffCallback_LuBanCat()               0x0800391d   Thumb Code    20  communication.o(.text._Z24COM_OffCallback_LuBanCatv)
    CAN_Init(Struct_CAN_Manage_Object*)      0x08003931   Thumb Code    96  user_can.o(.text._Z8CAN_InitP24Struct_CAN_Manage_Object)
    UART_Init(Struct_UART_Manage_Object*, unsigned short) 0x08003991   Thumb Code    36  user_uart.o(.text._Z9UART_InitP25Struct_UART_Manage_Objectt)
    UART_Send(Struct_UART_Manage_Object*, unsigned char*, unsigned short) 0x080039b5   Thumb Code     6  user_uart.o(.text._Z9UART_SendP25Struct_UART_Manage_ObjectPht)
    Class_CustomCOM::AliveCheck(unsigned short) 0x080039bd   Thumb Code    44  communication.o(.text._ZN15Class_CustomCOM10AliveCheckEt)
    Class_CustomCOM::DataProcess(unsigned char) 0x080039e9   Thumb Code   112  communication.o(.text._ZN15Class_CustomCOM11DataProcessEh)
    Class_CustomCOM::Init(unsigned char, unsigned char, unsigned) 0x08003a59   Thumb Code    54  communication.o(.text._ZN15Class_CustomCOM4InitEhhj)
    Class_CustomCOM::DataSend(unsigned char, void*) 0x08003a8f   Thumb Code    58  communication.o(.text._ZN15Class_CustomCOM8DataSendEhPv)
    Class_Motor_BDC::Init(TIM_HandleTypeDef*, TIM_HandleTypeDef*, unsigned, GPIO_TypeDef*, GPIO_TypeDef*, unsigned, unsigned, float, float, unsigned short, unsigned short) 0x08003ac9   Thumb Code    78  motor.o(.text._ZN15Class_Motor_BDC4InitEP17TIM_HandleTypeDefS1_jP12GPIO_TypeDefS3_jjfftt)
    Class_Motor_BDC::Control()               0x08003b19   Thumb Code   544  motor.o(.text._ZN15Class_Motor_BDC7ControlEv)
    Class_Motor_BDC::Msp_Init()              0x08003d39   Thumb Code   264  motor.o(.text._ZN15Class_Motor_BDC8Msp_InitEv)
    Class_Motor_BDC::Class_Motor_BDC__sub_object() 0x08003e41   Thumb Code    56  chassis.o(.text._ZN15Class_Motor_BDCC2Ev)
    Class_Gear_Slope::Init(float)            0x08003e79   Thumb Code    16  gear.o(.text._ZN16Class_Gear_Slope4InitEf)
    Class_Gear_Slope::Calculate()            0x08003e89   Thumb Code    54  gear.o(.text._ZN16Class_Gear_Slope9CalculateEv)
    Class_Motor_Servo::Init(TIM_HandleTypeDef*, unsigned, float, float, float) 0x08003ec1   Thumb Code    44  motor.o(.text._ZN17Class_Motor_Servo4InitEP17TIM_HandleTypeDefjfff)
    Class_Motor_Servo::AngleSet(float)       0x08003eed   Thumb Code   164  motor.o(.text._ZN17Class_Motor_Servo8AngleSetEf)
    Class_Chassis_Macnum::Init(float, unsigned short) 0x08003f91   Thumb Code   376  chassis.o(.text._ZN20Class_Chassis_Macnum4InitEft)
    Class_Chassis_Macnum::Control()          0x08004109   Thumb Code   356  chassis.o(.text._ZN20Class_Chassis_Macnum7ControlEv)
    Class_Chassis_Macnum::Class_Chassis_Macnum__sub_object() 0x0800426d   Thumb Code    64  chassis.o(.text._ZN20Class_Chassis_MacnumC2Ev)
    Class_DJI_Motor_C620::AliveCheck(unsigned short) 0x080042ad   Thumb Code    56  motor_dji.o(.text._ZN20Class_DJI_Motor_C62010AliveCheckEt)
    Class_DJI_Motor_C620::Init(Struct_CAN_Manage_Object*, Enum_DJI_Motor_ID, Enum_DJI_Motor_Control_Method, float, float) 0x080042e5   Thumb Code    38  motor_dji.o(.text._ZN20Class_DJI_Motor_C6204InitEP24Struct_CAN_Manage_Object17Enum_DJI_Motor_ID29Enum_DJI_Motor_Control_Methodff)
    Class_DJI_Motor_C620::Control()          0x0800430d   Thumb Code   164  motor_dji.o(.text._ZN20Class_DJI_Motor_C6207ControlEv)
    Class_DJI_Motor_C620::DataGet()          0x080043b1   Thumb Code   256  motor_dji.o(.text._ZN20Class_DJI_Motor_C6207DataGetEv)
    Class_DJI_Motor_C620::Class_DJI_Motor_C620__sub_object() 0x080044b1   Thumb Code    92  motor_dji.o(.text._ZN20Class_DJI_Motor_C620C2Ev)
    Class_PID::Init(float, float, float, float, float, float, float, float, float, float, float, Enum_PID_D_First) 0x0800450d   Thumb Code    30  pid.o(.text._ZN9Class_PID4InitEfffffffffff16Enum_PID_D_First)
    Class_PID::Calculate()                   0x0800452d   Thumb Code   452  pid.o(.text._ZN9Class_PID9CalculateEv)
    main                                     0x08004715   Thumb Code    68  main.o(.text.main)
    __hardfp_fmodf                           0x08004759   Thumb Code   176  fmodf.o(i.__hardfp_fmodf)
    __mathlib_flt_invalid                    0x08004809   Thumb Code    10  funder.o(i.__mathlib_flt_invalid)
    __fpl_fnaninf                            0x08004819   Thumb Code   140  fnaninf.o(x$fpl$fnaninf)
    _fp_init                                 0x080048a5   Thumb Code    26  fpinit.o(x$fpl$fpinit)
    __fplib_config_fpu_vfp                   0x080048bd   Thumb Code     0  fpinit.o(x$fpl$fpinit)
    __fplib_config_pureend_doubles           0x080048bd   Thumb Code     0  fpinit.o(x$fpl$fpinit)
    _frem                                    0x080048c1   Thumb Code   240  frem_clz.o(x$fpl$frem)
    AHBPrescTable                            0x080049b4   Data          16  system_stm32f4xx.o(.rodata.AHBPrescTable)
    __I$use$fp                               0x080049b4   Number         0  usenofp.o(x$fpl$usenofp)
    APBPrescTable                            0x080049c4   Data           8  system_stm32f4xx.o(.rodata.APBPrescTable)
    Region$$Table$$Base                      0x08004acc   Number         0  anon$$obj.o(Region$$Table)
    Region$$Table$$Limit                     0x08004aec   Number         0  anon$$obj.o(Region$$Table)
    SHT$$INIT_ARRAY$$Base                    0x08004aec   Number         0  chassis.o(.init_array)
    SHT$$INIT_ARRAY$$Limit                   0x08004af8   Number         0  init_aeabi.o(.init_array)
    uwTickFreq                               0x20000000   Data           1  stm32f4xx_hal.o(.data..L_MergedGlobals)
    uwTickPrio                               0x20000004   Data           4  stm32f4xx_hal.o(.data..L_MergedGlobals)
    uwTick                                   0x20000008   Data           4  stm32f4xx_hal.o(.data..L_MergedGlobals)
    CAN1_Manage_Object                       0x2000000c   Data          40  user_can.o(.data.CAN1_Manage_Object)
    SystemCoreClock                          0x20000034   Data           4  system_stm32f4xx.o(.data.SystemCoreClock)
    UART3_Manage_Object                      0x20000038   Data         520  user_uart.o(.data.UART3_Manage_Object)
    __libspace_start                         0x20000240   Data          96  libspace.o(.bss)
    __temporary_stack_top$libspace           0x200002a0   Data           0  libspace.o(.bss)
    hdma_usart1_rx                           0x200002a0   Data          96  usart.o(.bss..L_MergedGlobals)
    DJI_0x1FF_CAN1_Tx_Data                   0x20000300   Data           8  motor_dji.o(.bss..L_MergedGlobals)
    DJI_0x1FF_CAN2_Tx_Data                   0x20000308   Data           8  motor_dji.o(.bss..L_MergedGlobals)
    DJI_0x200_CAN1_Tx_Data                   0x20000310   Data           8  motor_dji.o(.bss..L_MergedGlobals)
    DJI_0x200_CAN2_Tx_Data                   0x20000318   Data           8  motor_dji.o(.bss..L_MergedGlobals)
    hdma_usart1_tx                           0x20000320   Data          96  usart.o(.bss..L_MergedGlobals.1)
    hdma_usart3_rx                           0x20000380   Data          96  usart.o(.bss..L_MergedGlobals.2)
    hdma_usart3_tx                           0x200003e0   Data          96  usart.o(.bss..L_MergedGlobals.3)
    COM_LuBanCat                             0x20000440   Data         296  communication.o(.bss.COM_LuBanCat)
    Committee_Chariot                        0x20000568   Data         660  chassis.o(.bss.Committee_Chariot)
    Motor_Test_Servo                         0x200007fc   Data          24  motor.o(.bss.Motor_Test_Servo)
    frictiongear                             0x20000820   Data         520  motor_dji.o(.bss.frictiongear)
    hcan1                                    0x20000a28   Data          40  can.o(.bss.hcan1)
    htim2                                    0x20000a50   Data          72  tim.o(.bss.htim2)
    htim3                                    0x20000a98   Data          72  tim.o(.bss.htim3)
    htim4                                    0x20000ae0   Data          72  tim.o(.bss.htim4)
    htim5                                    0x20000b28   Data          72  tim.o(.bss.htim5)
    htim6                                    0x20000b70   Data          72  tim.o(.bss.htim6)
    htim8                                    0x20000bb8   Data          72  tim.o(.bss.htim8)
    htim9                                    0x20000c00   Data          72  tim.o(.bss.htim9)
    huart1                                   0x20000c48   Data          68  usart.o(.bss.huart1)
    huart3                                   0x20000c8c   Data          68  usart.o(.bss.huart3)



==============================================================================

Memory Map of the image

  Image Entry point : 0x08000189

  Load Region LR_IROM1 (Base: 0x08000000, Size: 0x00004d40, Max: 0x00080000, ABSOLUTE, COMPRESSED[0x00004b20])

    Execution Region ER_IROM1 (Exec base: 0x08000000, Load base: 0x08000000, Size: 0x00004af8, Max: 0x00080000, ABSOLUTE)

    Exec Addr    Load Addr    Size         Type   Attr      Idx    E Section Name        Object

    0x08000000   0x08000000   0x00000188   Data   RO            3    RESET               startup_stm32f407xx.o
    0x08000188   0x08000188   0x00000008   Code   RO         1544  * !!!main             c_w.l(__main.o)
    0x08000190   0x08000190   0x00000034   Code   RO         1925    !!!scatter          c_w.l(__scatter.o)
    0x080001c4   0x080001c4   0x0000003a   Code   RO         1923    !!dczerorl          c_w.l(__dczerorl.o)
    0x080001fe   0x080001fe   0x00000002   PAD
    0x08000200   0x08000200   0x0000001c   Code   RO         1927    !!handler_zi        c_w.l(__scatter_zi.o)
    0x0800021c   0x0800021c   0x00000002   Code   RO         1856    .ARM.Collect$$libinit$$00000000  c_w.l(libinit.o)
    0x0800021e   0x0800021e   0x00000004   Code   RO         1641    .ARM.Collect$$libinit$$00000001  c_w.l(libinit2.o)
    0x08000222   0x08000222   0x00000000   Code   RO         1644    .ARM.Collect$$libinit$$00000004  c_w.l(libinit2.o)
    0x08000222   0x08000222   0x00000000   Code   RO         1647    .ARM.Collect$$libinit$$0000000A  c_w.l(libinit2.o)
    0x08000222   0x08000222   0x00000000   Code   RO         1649    .ARM.Collect$$libinit$$0000000C  c_w.l(libinit2.o)
    0x08000222   0x08000222   0x00000000   Code   RO         1651    .ARM.Collect$$libinit$$0000000E  c_w.l(libinit2.o)
    0x08000222   0x08000222   0x00000000   Code   RO         1654    .ARM.Collect$$libinit$$00000011  c_w.l(libinit2.o)
    0x08000222   0x08000222   0x00000000   Code   RO         1656    .ARM.Collect$$libinit$$00000013  c_w.l(libinit2.o)
    0x08000222   0x08000222   0x00000000   Code   RO         1658    .ARM.Collect$$libinit$$00000015  c_w.l(libinit2.o)
    0x08000222   0x08000222   0x00000000   Code   RO         1660    .ARM.Collect$$libinit$$00000017  c_w.l(libinit2.o)
    0x08000222   0x08000222   0x00000000   Code   RO         1662    .ARM.Collect$$libinit$$00000019  c_w.l(libinit2.o)
    0x08000222   0x08000222   0x00000000   Code   RO         1664    .ARM.Collect$$libinit$$0000001B  c_w.l(libinit2.o)
    0x08000222   0x08000222   0x00000000   Code   RO         1666    .ARM.Collect$$libinit$$0000001D  c_w.l(libinit2.o)
    0x08000222   0x08000222   0x00000000   Code   RO         1668    .ARM.Collect$$libinit$$0000001F  c_w.l(libinit2.o)
    0x08000222   0x08000222   0x00000000   Code   RO         1670    .ARM.Collect$$libinit$$00000021  c_w.l(libinit2.o)
    0x08000222   0x08000222   0x00000000   Code   RO         1672    .ARM.Collect$$libinit$$00000023  c_w.l(libinit2.o)
    0x08000222   0x08000222   0x00000000   Code   RO         1674    .ARM.Collect$$libinit$$00000025  c_w.l(libinit2.o)
    0x08000222   0x08000222   0x00000000   Code   RO         1678    .ARM.Collect$$libinit$$0000002C  c_w.l(libinit2.o)
    0x08000222   0x08000222   0x00000000   Code   RO         1680    .ARM.Collect$$libinit$$0000002E  c_w.l(libinit2.o)
    0x08000222   0x08000222   0x00000000   Code   RO         1682    .ARM.Collect$$libinit$$00000030  c_w.l(libinit2.o)
    0x08000222   0x08000222   0x00000004   Code   RO         1683    .ARM.Collect$$libinit$$00000031  c_w.l(libinit2.o)
    0x08000226   0x08000226   0x00000000   Code   RO         1684    .ARM.Collect$$libinit$$00000032  c_w.l(libinit2.o)
    0x08000226   0x08000226   0x00000002   Code   RO         1685    .ARM.Collect$$libinit$$00000033  c_w.l(libinit2.o)
    0x08000228   0x08000228   0x00000002   Code   RO         1904    .ARM.Collect$$libshutdown$$00000000  c_w.l(libshutdown.o)
    0x0800022a   0x0800022a   0x00000000   Code   RO         1906    .ARM.Collect$$libshutdown$$00000002  c_w.l(libshutdown2.o)
    0x0800022a   0x0800022a   0x00000000   Code   RO         1908    .ARM.Collect$$libshutdown$$00000004  c_w.l(libshutdown2.o)
    0x0800022a   0x0800022a   0x00000000   Code   RO         1911    .ARM.Collect$$libshutdown$$00000007  c_w.l(libshutdown2.o)
    0x0800022a   0x0800022a   0x00000000   Code   RO         1914    .ARM.Collect$$libshutdown$$0000000A  c_w.l(libshutdown2.o)
    0x0800022a   0x0800022a   0x00000000   Code   RO         1916    .ARM.Collect$$libshutdown$$0000000C  c_w.l(libshutdown2.o)
    0x0800022a   0x0800022a   0x00000000   Code   RO         1919    .ARM.Collect$$libshutdown$$0000000F  c_w.l(libshutdown2.o)
    0x0800022a   0x0800022a   0x00000002   Code   RO         1920    .ARM.Collect$$libshutdown$$00000010  c_w.l(libshutdown2.o)
    0x0800022c   0x0800022c   0x00000000   Code   RO         1632    .ARM.Collect$$rtentry$$00000000  c_w.l(__rtentry.o)
    0x0800022c   0x0800022c   0x00000000   Code   RO         1795    .ARM.Collect$$rtentry$$00000002  c_w.l(__rtentry2.o)
    0x0800022c   0x0800022c   0x00000006   Code   RO         1807    .ARM.Collect$$rtentry$$00000004  c_w.l(__rtentry4.o)
    0x08000232   0x08000232   0x00000000   Code   RO         1797    .ARM.Collect$$rtentry$$00000009  c_w.l(__rtentry2.o)
    0x08000232   0x08000232   0x00000004   Code   RO         1798    .ARM.Collect$$rtentry$$0000000A  c_w.l(__rtentry2.o)
    0x08000236   0x08000236   0x00000000   Code   RO         1800    .ARM.Collect$$rtentry$$0000000C  c_w.l(__rtentry2.o)
    0x08000236   0x08000236   0x00000008   Code   RO         1801    .ARM.Collect$$rtentry$$0000000D  c_w.l(__rtentry2.o)
    0x0800023e   0x0800023e   0x00000002   Code   RO         1861    .ARM.Collect$$rtexit$$00000000  c_w.l(rtexit.o)
    0x08000240   0x08000240   0x00000000   Code   RO         1880    .ARM.Collect$$rtexit$$00000002  c_w.l(rtexit2.o)
    0x08000240   0x08000240   0x00000004   Code   RO         1881    .ARM.Collect$$rtexit$$00000003  c_w.l(rtexit2.o)
    0x08000244   0x08000244   0x00000006   Code   RO         1882    .ARM.Collect$$rtexit$$00000004  c_w.l(rtexit2.o)
    0x0800024a   0x0800024a   0x00000002   PAD
    0x0800024c   0x0800024c   0x00000040   Code   RO            4    .text               startup_stm32f407xx.o
    0x0800028c   0x0800028c   0x000000ee   Code   RO         1536    .text               c_w.l(lludivv7m.o)
    0x0800037a   0x0800037a   0x00000064   Code   RO         1538    .text               c_w.l(rt_memcpy_w.o)
    0x080003de   0x080003de   0x0000004e   Code   RO         1540    .text               c_w.l(rt_memclr_w.o)
    0x0800042c   0x0800042c   0x00000006   Code   RO         1542    .text               c_w.l(heapauxi.o)
    0x08000432   0x08000432   0x00000002   PAD
    0x08000434   0x08000434   0x00000024   Code   RO         1549    .text               c_w.l(init_aeabi.o)
    0x08000458   0x08000458   0x00000016   Code   RO         1637    .text               c_w.l(_rserrno.o)
    0x0800046e   0x0800046e   0x00000002   PAD
    0x08000470   0x08000470   0x0000000c   Code   RO         1790    .text               c_w.l(sys_exit.o)
    0x0800047c   0x0800047c   0x00000008   Code   RO         1814    .text               c_w.l(rt_errno_addr_intlibspace.o)
    0x08000484   0x08000484   0x00000008   Code   RO         1827    .text               c_w.l(libspace.o)
    0x0800048c   0x0800048c   0x00000002   Code   RO         1830    .text               c_w.l(use_no_semi.o)
    0x0800048e   0x0800048e   0x00000000   Code   RO         1832    .text               c_w.l(indicate_semi.o)
    0x0800048e   0x0800048e   0x0000004a   Code   RO         1833    .text               c_w.l(sys_stackheap_outer.o)
    0x080004d8   0x080004d8   0x00000012   Code   RO         1837    .text               c_w.l(exit.o)
    0x080004ea   0x080004ea   0x00000002   Code   RO          150    .text.BusFault_Handler  stm32f4xx_it.o
    0x080004ec   0x080004ec   0x00000008   Code   RO          166    .text.CAN1_RX0_IRQHandler  stm32f4xx_it.o
    0x080004f4   0x080004f4   0x0000000c   Code   RO          168    .text.CAN1_RX1_IRQHandler  stm32f4xx_it.o
    0x08000500   0x08000500   0x0000000c   Code   RO          162    .text.DMA1_Stream1_IRQHandler  stm32f4xx_it.o
    0x0800050c   0x0800050c   0x0000000c   Code   RO          164    .text.DMA1_Stream3_IRQHandler  stm32f4xx_it.o
    0x08000518   0x08000518   0x0000000c   Code   RO          176    .text.DMA2_Stream2_IRQHandler  stm32f4xx_it.o
    0x08000524   0x08000524   0x0000000c   Code   RO          178    .text.DMA2_Stream7_IRQHandler  stm32f4xx_it.o
    0x08000530   0x08000530   0x00000034   Code   RO          466    .text.DMA_CalcBaseAndBitshift  stm32f4xx_hal_dma.o
    0x08000564   0x08000564   0x0000002e   Code   RO          472    .text.DMA_SetConfig  stm32f4xx_hal_dma.o
    0x08000592   0x08000592   0x00000002   Code   RO          156    .text.DebugMon_Handler  stm32f4xx_it.o
    0x08000594   0x08000594   0x00000008   Code   RO           15    .text.Error_Handler  main.o
    0x0800059c   0x0800059c   0x000000a2   Code   RO          223    .text.HAL_CAN_AddTxMessage  stm32f4xx_hal_can.o
    0x0800063e   0x0800063e   0x00000002   PAD
    0x08000640   0x08000640   0x000000e0   Code   RO          213    .text.HAL_CAN_ConfigFilter  stm32f4xx_hal_can.o
    0x08000720   0x08000720   0x00000002   Code   RO          267    .text.HAL_CAN_ErrorCallback  stm32f4xx_hal_can.o
    0x08000722   0x08000722   0x00000112   Code   RO          233    .text.HAL_CAN_GetRxMessage  stm32f4xx_hal_can.o
    0x08000834   0x08000834   0x00000208   Code   RO          241    .text.HAL_CAN_IRQHandler  stm32f4xx_hal_can.o
    0x08000a3c   0x08000a3c   0x000000fc   Code   RO          203    .text.HAL_CAN_Init  stm32f4xx_hal_can.o
    0x08000b38   0x08000b38   0x00000088   Code   RO           44    .text.HAL_CAN_MspInit  can.o
    0x08000bc0   0x08000bc0   0x00000002   Code   RO          255    .text.HAL_CAN_RxFifo0FullCallback  stm32f4xx_hal_can.o
    0x08000bc2   0x08000bc2   0x00000002   PAD
    0x08000bc4   0x08000bc4   0x00000040   Code   RO         1282    .text.HAL_CAN_RxFifo0MsgPendingCallback  callback_can.o
    0x08000c04   0x08000c04   0x00000002   Code   RO          259    .text.HAL_CAN_RxFifo1FullCallback  stm32f4xx_hal_can.o
    0x08000c06   0x08000c06   0x00000002   PAD
    0x08000c08   0x08000c08   0x0000004c   Code   RO         1284    .text.HAL_CAN_RxFifo1MsgPendingCallback  callback_can.o
    0x08000c54   0x08000c54   0x00000002   Code   RO          263    .text.HAL_CAN_SleepCallback  stm32f4xx_hal_can.o
    0x08000c56   0x08000c56   0x00000058   Code   RO          215    .text.HAL_CAN_Start  stm32f4xx_hal_can.o
    0x08000cae   0x08000cae   0x00000002   Code   RO          245    .text.HAL_CAN_TxMailbox0AbortCallback  stm32f4xx_hal_can.o
    0x08000cb0   0x08000cb0   0x00000002   Code   RO          243    .text.HAL_CAN_TxMailbox0CompleteCallback  stm32f4xx_hal_can.o
    0x08000cb2   0x08000cb2   0x00000002   Code   RO          249    .text.HAL_CAN_TxMailbox1AbortCallback  stm32f4xx_hal_can.o
    0x08000cb4   0x08000cb4   0x00000002   Code   RO          247    .text.HAL_CAN_TxMailbox1CompleteCallback  stm32f4xx_hal_can.o
    0x08000cb6   0x08000cb6   0x00000002   Code   RO          253    .text.HAL_CAN_TxMailbox2AbortCallback  stm32f4xx_hal_can.o
    0x08000cb8   0x08000cb8   0x00000002   Code   RO          251    .text.HAL_CAN_TxMailbox2CompleteCallback  stm32f4xx_hal_can.o
    0x08000cba   0x08000cba   0x00000002   Code   RO          265    .text.HAL_CAN_WakeUpFromRxMsgCallback  stm32f4xx_hal_can.o
    0x08000cbc   0x08000cbc   0x00000084   Code   RO          476    .text.HAL_DMA_Abort  stm32f4xx_hal_dma.o
    0x08000d40   0x08000d40   0x00000024   Code   RO          478    .text.HAL_DMA_Abort_IT  stm32f4xx_hal_dma.o
    0x08000d64   0x08000d64   0x00000180   Code   RO          482    .text.HAL_DMA_IRQHandler  stm32f4xx_hal_dma.o
    0x08000ee4   0x08000ee4   0x0000012c   Code   RO          464    .text.HAL_DMA_Init  stm32f4xx_hal_dma.o
    0x08001010   0x08001010   0x00000064   Code   RO          474    .text.HAL_DMA_Start_IT  stm32f4xx_hal_dma.o
    0x08001074   0x08001074   0x000001a0   Code   RO          420    .text.HAL_GPIO_Init  stm32f4xx_hal_gpio.o
    0x08001214   0x08001214   0x0000000a   Code   RO          426    .text.HAL_GPIO_WritePin  stm32f4xx_hal_gpio.o
    0x0800121e   0x0800121e   0x00000002   PAD
    0x08001220   0x08001220   0x00000008   Code   RO          634    .text.HAL_GetTick   stm32f4xx_hal.o
    0x08001228   0x08001228   0x0000000c   Code   RO          632    .text.HAL_IncTick   stm32f4xx_hal.o
    0x08001234   0x08001234   0x00000034   Code   RO          622    .text.HAL_Init      stm32f4xx_hal.o
    0x08001268   0x08001268   0x0000003c   Code   RO          624    .text.HAL_InitTick  stm32f4xx_hal.o
    0x080012a4   0x080012a4   0x00000038   Code   RO          190    .text.HAL_MspInit   stm32f4xx_hal_msp.o
    0x080012dc   0x080012dc   0x0000001c   Code   RO          577    .text.HAL_NVIC_EnableIRQ  stm32f4xx_hal_cortex.o
    0x080012f8   0x080012f8   0x00000044   Code   RO          573    .text.HAL_NVIC_SetPriority  stm32f4xx_hal_cortex.o
    0x0800133c   0x0800133c   0x00000020   Code   RO          571    .text.HAL_NVIC_SetPriorityGrouping  stm32f4xx_hal_cortex.o
    0x0800135c   0x0800135c   0x00000130   Code   RO          290    .text.HAL_RCC_ClockConfig  stm32f4xx_hal_rcc.o
    0x0800148c   0x0800148c   0x00000014   Code   RO          302    .text.HAL_RCC_GetPCLK1Freq  stm32f4xx_hal_rcc.o
    0x080014a0   0x080014a0   0x00000020   Code   RO          304    .text.HAL_RCC_GetPCLK2Freq  stm32f4xx_hal_rcc.o
    0x080014c0   0x080014c0   0x0000005c   Code   RO          292    .text.HAL_RCC_GetSysClockFreq  stm32f4xx_hal_rcc.o
    0x0800151c   0x0800151c   0x00000380   Code   RO          288    .text.HAL_RCC_OscConfig  stm32f4xx_hal_rcc.o
    0x0800189c   0x0800189c   0x00000028   Code   RO          585    .text.HAL_SYSTICK_Config  stm32f4xx_hal_cortex.o
    0x080018c4   0x080018c4   0x00000002   Code   RO         1039    .text.HAL_TIMEx_BreakCallback  stm32f4xx_hal_tim_ex.o
    0x080018c6   0x080018c6   0x00000002   Code   RO         1035    .text.HAL_TIMEx_CommutCallback  stm32f4xx_hal_tim_ex.o
    0x080018c8   0x080018c8   0x00000050   Code   RO         1031    .text.HAL_TIMEx_ConfigBreakDeadTime  stm32f4xx_hal_tim_ex.o
    0x08001918   0x08001918   0x0000007c   Code   RO         1029    .text.HAL_TIMEx_MasterConfigSynchronization  stm32f4xx_hal_tim_ex.o
    0x08001994   0x08001994   0x00000058   Code   RO          717    .text.HAL_TIM_Base_Init  stm32f4xx_hal_tim.o
    0x080019ec   0x080019ec   0x00000060   Code   RO           91    .text.HAL_TIM_Base_MspInit  tim.o
    0x08001a4c   0x08001a4c   0x00000080   Code   RO          731    .text.HAL_TIM_Base_Start_IT  stm32f4xx_hal_tim.o
    0x08001acc   0x08001acc   0x000000f8   Code   RO          905    .text.HAL_TIM_ConfigClockSource  stm32f4xx_hal_tim.o
    0x08001bc4   0x08001bc4   0x000000b0   Code   RO          831    .text.HAL_TIM_Encoder_Init  stm32f4xx_hal_tim.o
    0x08001c74   0x08001c74   0x00000154   Code   RO           89    .text.HAL_TIM_Encoder_MspInit  tim.o
    0x08001dc8   0x08001dc8   0x0000009c   Code   RO          839    .text.HAL_TIM_Encoder_Start  stm32f4xx_hal_tim.o
    0x08001e64   0x08001e64   0x00000002   Code   RO          853    .text.HAL_TIM_IC_CaptureCallback  stm32f4xx_hal_tim.o
    0x08001e66   0x08001e66   0x00000174   Code   RO          851    .text.HAL_TIM_IRQHandler  stm32f4xx_hal_tim.o
    0x08001fda   0x08001fda   0x00000002   PAD
    0x08001fdc   0x08001fdc   0x0000008c   Code   RO           85    .text.HAL_TIM_MspPostInit  tim.o
    0x08002068   0x08002068   0x00000002   Code   RO          855    .text.HAL_TIM_OC_DelayElapsedCallback  stm32f4xx_hal_tim.o
    0x0800206a   0x0800206a   0x00000002   PAD
    0x0800206c   0x0800206c   0x0000009a   Code   RO          879    .text.HAL_TIM_PWM_ConfigChannel  stm32f4xx_hal_tim.o
    0x08002106   0x08002106   0x00000058   Code   RO          771    .text.HAL_TIM_PWM_Init  stm32f4xx_hal_tim.o
    0x0800215e   0x0800215e   0x00000002   PAD
    0x08002160   0x08002160   0x0000002c   Code   RO           93    .text.HAL_TIM_PWM_MspInit  tim.o
    0x0800218c   0x0800218c   0x00000002   Code   RO          857    .text.HAL_TIM_PWM_PulseFinishedCallback  stm32f4xx_hal_tim.o
    0x0800218e   0x0800218e   0x00000002   PAD
    0x08002190   0x08002190   0x000000e8   Code   RO          779    .text.HAL_TIM_PWM_Start  stm32f4xx_hal_tim.o
    0x08002278   0x08002278   0x00000090   Code   RO         1297    .text.HAL_TIM_PeriodElapsedCallback  callback_tim.o
    0x08002308   0x08002308   0x00000002   Code   RO          861    .text.HAL_TIM_TriggerCallback  stm32f4xx_hal_tim.o
    0x0800230a   0x0800230a   0x00000060   Code   RO         1110    .text.HAL_UARTEx_ReceiveToIdle_DMA  stm32f4xx_hal_uart.o
    0x0800236a   0x0800236a   0x00000002   PAD
    0x0800236c   0x0800236c   0x00000028   Code   RO         1311    .text.HAL_UARTEx_RxEventCallback  callback_uart.o
    0x08002394   0x08002394   0x00000060   Code   RO         1313    .text.HAL_UART_ErrorCallback  callback_uart.o
    0x080023f4   0x080023f4   0x00000004   Code   RO         1168    .text.HAL_UART_GetError  stm32f4xx_hal_uart.o
    0x080023f8   0x080023f8   0x0000029c   Code   RO         1138    .text.HAL_UART_IRQHandler  stm32f4xx_hal_uart.o
    0x08002694   0x08002694   0x0000005c   Code   RO         1056    .text.HAL_UART_Init  stm32f4xx_hal_uart.o
    0x080026f0   0x080026f0   0x000001bc   Code   RO          123    .text.HAL_UART_MspInit  usart.o
    0x080028ac   0x080028ac   0x00000002   Code   RO         1152    .text.HAL_UART_RxCpltCallback  stm32f4xx_hal_uart.o
    0x080028ae   0x080028ae   0x00000002   Code   RO         1154    .text.HAL_UART_RxHalfCpltCallback  stm32f4xx_hal_uart.o
    0x080028b0   0x080028b0   0x00000088   Code   RO         1084    .text.HAL_UART_Transmit_DMA  stm32f4xx_hal_uart.o
    0x08002938   0x08002938   0x00000002   Code   RO         1148    .text.HAL_UART_TxCpltCallback  stm32f4xx_hal_uart.o
    0x0800293a   0x0800293a   0x00000002   Code   RO         1150    .text.HAL_UART_TxHalfCpltCallback  stm32f4xx_hal_uart.o
    0x0800293c   0x0800293c   0x00000002   Code   RO          146    .text.HardFault_Handler  stm32f4xx_it.o
    0x0800293e   0x0800293e   0x00000002   PAD
    0x08002940   0x08002940   0x00000044   Code   RO           42    .text.MX_CAN1_Init  can.o
    0x08002984   0x08002984   0x00000070   Code   RO           60    .text.MX_DMA_Init   dma.o
    0x080029f4   0x080029f4   0x000000b4   Code   RO           29    .text.MX_GPIO_Init  gpio.o
    0x08002aa8   0x08002aa8   0x0000005c   Code   RO           73    .text.MX_TIM2_Init  tim.o
    0x08002b04   0x08002b04   0x00000060   Code   RO           75    .text.MX_TIM3_Init  tim.o
    0x08002b64   0x08002b64   0x00000060   Code   RO           77    .text.MX_TIM4_Init  tim.o
    0x08002bc4   0x08002bc4   0x0000005c   Code   RO           79    .text.MX_TIM5_Init  tim.o
    0x08002c20   0x08002c20   0x0000003c   Code   RO           81    .text.MX_TIM6_Init  tim.o
    0x08002c5c   0x08002c5c   0x000000f4   Code   RO           83    .text.MX_TIM8_Init  tim.o
    0x08002d50   0x08002d50   0x00000054   Code   RO           87    .text.MX_TIM9_Init  tim.o
    0x08002da4   0x08002da4   0x0000003c   Code   RO          119    .text.MX_USART1_UART_Init  usart.o
    0x08002de0   0x08002de0   0x0000003c   Code   RO          121    .text.MX_USART3_UART_Init  usart.o
    0x08002e1c   0x08002e1c   0x00000002   Code   RO          148    .text.MemManage_Handler  stm32f4xx_it.o
    0x08002e1e   0x08002e1e   0x00000002   Code   RO          144    .text.NMI_Handler   stm32f4xx_it.o
    0x08002e20   0x08002e20   0x00000002   Code   RO          158    .text.PendSV_Handler  stm32f4xx_it.o
    0x08002e22   0x08002e22   0x00000002   Code   RO          154    .text.SVC_Handler   stm32f4xx_it.o
    0x08002e24   0x08002e24   0x00000004   Code   RO          160    .text.SysTick_Handler  stm32f4xx_it.o
    0x08002e28   0x08002e28   0x000000a4   Code   RO           13    .text.SystemClock_Config  main.o
    0x08002ecc   0x08002ecc   0x00000010   Code   RO         1185    .text.SystemInit    system_stm32f4xx.o
    0x08002edc   0x08002edc   0x0000000c   Code   RO          174    .text.TIM6_DAC_IRQHandler  stm32f4xx_it.o
    0x08002ee8   0x08002ee8   0x000000cc   Code   RO          721    .text.TIM_Base_SetConfig  stm32f4xx_hal_tim.o
    0x08002fb4   0x08002fb4   0x0000001e   Code   RO          755    .text.TIM_CCxChannelCmd  stm32f4xx_hal_tim.o
    0x08002fd2   0x08002fd2   0x00000002   PAD
    0x08002fd4   0x08002fd4   0x00000060   Code   RO          865    .text.TIM_OC1_SetConfig  stm32f4xx_hal_tim.o
    0x08003034   0x08003034   0x00000064   Code   RO          867    .text.TIM_OC2_SetConfig  stm32f4xx_hal_tim.o
    0x08003098   0x08003098   0x00000064   Code   RO          869    .text.TIM_OC3_SetConfig  stm32f4xx_hal_tim.o
    0x080030fc   0x080030fc   0x00000050   Code   RO          871    .text.TIM_OC4_SetConfig  stm32f4xx_hal_tim.o
    0x0800314c   0x0800314c   0x00000022   Code   RO          907    .text.TIM_TI1_ConfigInputStage  stm32f4xx_hal_tim.o
    0x0800316e   0x0800316e   0x00000022   Code   RO          909    .text.TIM_TI2_ConfigInputStage  stm32f4xx_hal_tim.o
    0x08003190   0x08003190   0x0000000c   Code   RO         1142    .text.UART_DMAAbortOnError  stm32f4xx_hal_uart.o
    0x0800319c   0x0800319c   0x00000052   Code   RO         1090    .text.UART_DMAError  stm32f4xx_hal_uart.o
    0x080031ee   0x080031ee   0x00000088   Code   RO         1170    .text.UART_DMAReceiveCplt  stm32f4xx_hal_uart.o
    0x08003276   0x08003276   0x00000014   Code   RO         1172    .text.UART_DMARxHalfCplt  stm32f4xx_hal_uart.o
    0x0800328a   0x0800328a   0x0000003e   Code   RO         1086    .text.UART_DMATransmitCplt  stm32f4xx_hal_uart.o
    0x080032c8   0x080032c8   0x00000006   Code   RO         1088    .text.UART_DMATxHalfCplt  stm32f4xx_hal_uart.o
    0x080032ce   0x080032ce   0x0000004e   Code   RO         1104    .text.UART_EndRxTransfer  stm32f4xx_hal_uart.o
    0x0800331c   0x0800331c   0x0000001c   Code   RO         1102    .text.UART_EndTxTransfer  stm32f4xx_hal_uart.o
    0x08003338   0x08003338   0x000000c6   Code   RO         1140    .text.UART_Receive_IT  stm32f4xx_hal_uart.o
    0x080033fe   0x080033fe   0x00000002   PAD
    0x08003400   0x08003400   0x000000cc   Code   RO         1060    .text.UART_SetConfig  stm32f4xx_hal_uart.o
    0x080034cc   0x080034cc   0x00000098   Code   RO         1094    .text.UART_Start_Receive_DMA  stm32f4xx_hal_uart.o
    0x08003564   0x08003564   0x0000000c   Code   RO          170    .text.USART1_IRQHandler  stm32f4xx_it.o
    0x08003570   0x08003570   0x0000000c   Code   RO          172    .text.USART3_IRQHandler  stm32f4xx_it.o
    0x0800357c   0x0800357c   0x00000002   Code   RO          152    .text.UsageFault_Handler  stm32f4xx_it.o
    0x0800357e   0x0800357e   0x00000002   Code   RO         1329    .text.User_loop     user_main.o
    0x08003580   0x08003580   0x00000138   Code   RO         1326    .text.User_setup    user_main.o
    0x080036b8   0x080036b8   0x00000008   Code   RO         1346    .text._GLOBAL__sub_I_Chassis.cpp  chassis.o
    0x080036c0   0x080036c0   0x00000034   Code   RO         1381    .text._GLOBAL__sub_I_Communication.cpp  communication.o
    0x080036f4   0x080036f4   0x0000001c   Code   RO         1457    .text._GLOBAL__sub_I_Motor_DJI.cpp  motor_dji.o
    0x08003710   0x08003710   0x0000000c   Code   RO         1515    .text._Z10Delay_Initt  user_delay.o
    0x0800371c   0x0800371c   0x00000020   Code   RO         1480    .text._Z13CAN_Send_DataP24Struct_CAN_Manage_ObjecttPht  user_can.o
    0x0800373c   0x0800373c   0x00000024   Code   RO         1203    .text._Z14Calculate_CRC8Phj  crc.o
    0x08003760   0x08003760   0x00000050   Code   RO         1478    .text._Z16CAN_ConfigFilterP19__CAN_HandleTypeDefhjj  user_can.o
    0x080037b0   0x080037b0   0x0000000c   Code   RO         1482    .text._Z16CAN_Receive_DataP24Struct_CAN_Manage_Objectj  user_can.o
    0x080037bc   0x080037bc   0x0000002c   Code   RO         1445    .text._Z16DJI_CAN_SendDatav  motor_dji.o
    0x080037e8   0x080037e8   0x0000000a   Code   RO         1249    .text._Z22Math_Endian_Reverse_16PvS_  user_math.o
    0x080037f2   0x080037f2   0x00000022   Code   RO         1500    .text._Z22UART_ReceiveToIdle_DMAP25Struct_UART_Manage_Object  user_uart.o
    0x08003814   0x08003814   0x00000050   Code   RO         1367    .text._Z23COM_RxCallback_LuBanCatPvh  communication.o
    0x08003864   0x08003864   0x0000001c   Code   RO         1365    .text._Z23COM_TxCallback_LuBanCathPvS_  communication.o
    0x08003880   0x08003880   0x0000009c   Code   RO         1447    .text._Z23allocate_tx_buffer_C6x0P24Struct_CAN_Manage_Object17Enum_DJI_Motor_ID  motor_dji.o
    0x0800391c   0x0800391c   0x00000014   Code   RO         1369    .text._Z24COM_OffCallback_LuBanCatv  communication.o
    0x08003930   0x08003930   0x00000060   Code   RO         1476    .text._Z8CAN_InitP24Struct_CAN_Manage_Object  user_can.o
    0x08003990   0x08003990   0x00000024   Code   RO         1496    .text._Z9UART_InitP25Struct_UART_Manage_Objectt  user_uart.o
    0x080039b4   0x080039b4   0x00000006   Code   RO         1498    .text._Z9UART_SendP25Struct_UART_Manage_ObjectPht  user_uart.o
    0x080039ba   0x080039ba   0x00000002   PAD
    0x080039bc   0x080039bc   0x0000002c   Code   RO         1375    .text._ZN15Class_CustomCOM10AliveCheckEt  communication.o
    0x080039e8   0x080039e8   0x00000070   Code   RO         1379    .text._ZN15Class_CustomCOM11DataProcessEh  communication.o
    0x08003a58   0x08003a58   0x00000036   Code   RO         1373    .text._ZN15Class_CustomCOM4InitEhhj  communication.o
    0x08003a8e   0x08003a8e   0x0000003a   Code   RO         1377    .text._ZN15Class_CustomCOM8DataSendEhPv  communication.o
    0x08003ac8   0x08003ac8   0x0000004e   Code   RO         1407    .text._ZN15Class_Motor_BDC4InitEP17TIM_HandleTypeDefS1_jP12GPIO_TypeDefS3_jjfftt  motor.o
    0x08003b16   0x08003b16   0x00000002   PAD
    0x08003b18   0x08003b18   0x00000220   Code   RO         1409    .text._ZN15Class_Motor_BDC7ControlEv  motor.o
    0x08003d38   0x08003d38   0x00000108   Code   RO         1440    .text._ZN15Class_Motor_BDC8Msp_InitEv  motor.o
    0x08003e40   0x08003e40   0x00000038   Code   RO         1362    .text._ZN15Class_Motor_BDCC2Ev  chassis.o
    0x08003e78   0x08003e78   0x00000010   Code   RO         1217    .text._ZN16Class_Gear_Slope4InitEf  gear.o
    0x08003e88   0x08003e88   0x00000036   Code   RO         1219    .text._ZN16Class_Gear_Slope9CalculateEv  gear.o
    0x08003ebe   0x08003ebe   0x00000002   PAD
    0x08003ec0   0x08003ec0   0x0000002c   Code   RO         1425    .text._ZN17Class_Motor_Servo4InitEP17TIM_HandleTypeDefjfff  motor.o
    0x08003eec   0x08003eec   0x000000a4   Code   RO         1427    .text._ZN17Class_Motor_Servo8AngleSetEf  motor.o
    0x08003f90   0x08003f90   0x00000178   Code   RO         1341    .text._ZN20Class_Chassis_Macnum4InitEft  chassis.o
    0x08004108   0x08004108   0x00000164   Code   RO         1344    .text._ZN20Class_Chassis_Macnum7ControlEv  chassis.o
    0x0800426c   0x0800426c   0x00000040   Code   RO         1360    .text._ZN20Class_Chassis_MacnumC2Ev  chassis.o
    0x080042ac   0x080042ac   0x00000038   Code   RO         1453    .text._ZN20Class_DJI_Motor_C62010AliveCheckEt  motor_dji.o
    0x080042e4   0x080042e4   0x00000026   Code   RO         1449    .text._ZN20Class_DJI_Motor_C6204InitEP24Struct_CAN_Manage_Object17Enum_DJI_Motor_ID29Enum_DJI_Motor_Control_Methodff  motor_dji.o
    0x0800430a   0x0800430a   0x00000002   PAD
    0x0800430c   0x0800430c   0x000000a4   Code   RO         1455    .text._ZN20Class_DJI_Motor_C6207ControlEv  motor_dji.o
    0x080043b0   0x080043b0   0x00000100   Code   RO         1451    .text._ZN20Class_DJI_Motor_C6207DataGetEv  motor_dji.o
    0x080044b0   0x080044b0   0x0000005c   Code   RO         1473    .text._ZN20Class_DJI_Motor_C620C2Ev  motor_dji.o
    0x0800450c   0x0800450c   0x0000001e   Code   RO         1232    .text._ZN9Class_PID4InitEfffffffffff16Enum_PID_D_First  pid.o
    0x0800452a   0x0800452a   0x00000002   PAD
    0x0800452c   0x0800452c   0x000001c4   Code   RO         1234    .text._ZN9Class_PID9CalculateEv  pid.o
    0x080046f0   0x080046f0   0x00000024   Code   RO          575    .text.__NVIC_SetPriority  stm32f4xx_hal_cortex.o
    0x08004714   0x08004714   0x00000044   Code   RO           11    .text.main          main.o
    0x08004758   0x08004758   0x000000b0   Code   RO         1608    i.__hardfp_fmodf    m_wm.l(fmodf.o)
    0x08004808   0x08004808   0x00000010   Code   RO         1776    i.__mathlib_flt_invalid  m_wm.l(funder.o)
    0x08004818   0x08004818   0x0000008c   Code   RO         1690    x$fpl$fnaninf       fz_wm.l(fnaninf.o)
    0x080048a4   0x080048a4   0x0000001a   Code   RO         1824    x$fpl$fpinit        fz_wm.l(fpinit.o)
    0x080048be   0x080048be   0x00000002   PAD
    0x080048c0   0x080048c0   0x000000f4   Code   RO         1692    x$fpl$frem          fz_wm.l(frem_clz.o)
    0x080049b4   0x080049b4   0x00000000   Code   RO         1696    x$fpl$usenofp       fz_wm.l(usenofp.o)
    0x080049b4   0x080049b4   0x00000010   Data   RO         1190    .rodata.AHBPrescTable  system_stm32f4xx.o
    0x080049c4   0x080049c4   0x00000008   Data   RO         1191    .rodata.APBPrescTable  system_stm32f4xx.o
    0x080049cc   0x080049cc   0x00000100   Data   RO         1205    .rodata._ZL10CRC8_TABLE  crc.o
    0x08004acc   0x08004acc   0x00000020   Data   RO         1921    Region$$Table       anon$$obj.o
    0x08004aec   0x08004aec   0x00000004   Data   RO         1349    .init_array         chassis.o
    0x08004af0   0x08004aec   0x00000004   Data   RO         1385    .init_array         communication.o
    0x08004af4   0x08004aec   0x00000004   Data   RO         1461    .init_array         motor_dji.o
    0x08004af8   0x08004aec   0x00000000   Data   RO         1547    .init_array         c_w.l(init_aeabi.o)


    Execution Region RW_IRAM1 (Exec base: 0x20000000, Load base: 0x08004b00, Size: 0x000012d0, Max: 0x0001c000, ABSOLUTE, COMPRESSED[0x00000020])

    Exec Addr    Load Addr    Size         Type   Attr      Idx    E Section Name        Object

    0x20000000   COMPRESSED   0x0000000c   Data   RW          676    .data..L_MergedGlobals  stm32f4xx_hal.o
    0x2000000c   COMPRESSED   0x00000028   Data   RW         1484    .data.CAN1_Manage_Object  user_can.o
    0x20000034   COMPRESSED   0x00000004   Data   RW         1189    .data.SystemCoreClock  system_stm32f4xx.o
    0x20000038   COMPRESSED   0x00000208   Data   RW         1503    .data.UART3_Manage_Object  user_uart.o
    0x20000240        -       0x00000060   Zero   RW         1828    .bss                c_w.l(libspace.o)
    0x200002a0        -       0x00000060   Zero   RW          129    .bss..L_MergedGlobals  usart.o
    0x20000300        -       0x00000020   Zero   RW         1462    .bss..L_MergedGlobals  motor_dji.o
    0x20000320        -       0x00000060   Zero   RW          130    .bss..L_MergedGlobals.1  usart.o
    0x20000380        -       0x00000060   Zero   RW          131    .bss..L_MergedGlobals.2  usart.o
    0x200003e0        -       0x00000060   Zero   RW          132    .bss..L_MergedGlobals.3  usart.o
    0x20000440        -       0x00000128   Zero   RW         1383    .bss.COM_LuBanCat   communication.o
    0x20000568        -       0x00000294   Zero   RW         1348    .bss.Committee_Chariot  chassis.o
    0x200007fc        -       0x00000018   Zero   RW         1429    .bss.Motor_Test_Servo  motor.o
    0x20000814        -       0x00000004   Zero   RW         1523    .bss._ZL6SysClk     user_delay.o
    0x20000818        -       0x00000002   Zero   RW         1299    .bss._ZZ29HAL_TIM_PeriodElapsedCallbackE5count  callback_tim.o
    0x2000081a        -       0x00000002   Zero   RW         1384    .bss._ZZN15Class_CustomCOM10AliveCheckEtE5count  communication.o
    0x2000081c        -       0x00000002   Zero   RW         1460    .bss._ZZN20Class_DJI_Motor_C62010AliveCheckEtE5count  motor_dji.o
    0x2000081e   COMPRESSED   0x00000002   PAD
    0x20000820        -       0x00000208   Zero   RW         1459    .bss.frictiongear   motor_dji.o
    0x20000a28        -       0x00000028   Zero   RW           48    .bss.hcan1          can.o
    0x20000a50        -       0x00000048   Zero   RW          101    .bss.htim2          tim.o
    0x20000a98        -       0x00000048   Zero   RW          102    .bss.htim3          tim.o
    0x20000ae0        -       0x00000048   Zero   RW          103    .bss.htim4          tim.o
    0x20000b28        -       0x00000048   Zero   RW          104    .bss.htim5          tim.o
    0x20000b70        -       0x00000048   Zero   RW          105    .bss.htim6          tim.o
    0x20000bb8        -       0x00000048   Zero   RW          106    .bss.htim8          tim.o
    0x20000c00        -       0x00000048   Zero   RW          107    .bss.htim9          tim.o
    0x20000c48        -       0x00000044   Zero   RW          127    .bss.huart1         usart.o
    0x20000c8c        -       0x00000044   Zero   RW          128    .bss.huart3         usart.o
    0x20000cd0        -       0x00000200   Zero   RW            2    HEAP                startup_stm32f407xx.o
    0x20000ed0        -       0x00000400   Zero   RW            1    STACK               startup_stm32f407xx.o


    Execution Region RW_IRAM2 (Exec base: 0x2001c000, Load base: 0x08004b20, Size: 0x00000000, Max: 0x00004000, ABSOLUTE)

    **** No section assigned to this execution region ****


==============================================================================

Image component sizes


      Code (inc. data)   RO Data    RW Data    ZI Data      Debug   Object Name

       140         12          0          0          0      13730   callback_can.o
       144         20          0          0          2      14319   callback_tim.o
       136         12          0          0          0      14256   callback_uart.o
       204         12          0          0         40       6591   can.o
       860         52          4          0        660      20189   chassis.o
       448         28          4          0        298      22441   communication.o
        36          4        256          0          0      12500   crc.o
       112          8          0          0          0       3536   dma.o
        70          0          0          0          0      13050   gear.o
       180          8          0          0          0       2626   gpio.o
       240          8          0          0          0       3175   main.o
      1094         36          0          0         24      27697   motor.o
       834         68          4          0        554      23400   motor_dji.o
       482          4          0          0          0      15878   pid.o
        64         26        392          0       1536        856   startup_stm32f407xx.o
       132          8          0         12          0       8213   stm32f4xx_hal.o
      1542         10          0          0          0      13081   stm32f4xx_hal_can.o
       204         28          0          0          0      10982   stm32f4xx_hal_cortex.o
      1050         20          0          0          0       8752   stm32f4xx_hal_dma.o
       426         28          0          0          0       5524   stm32f4xx_hal_gpio.o
        56          4          0          0          0       1635   stm32f4xx_hal_msp.o
      1344         48          0          0          0       7980   stm32f4xx_hal_rcc.o
      2328        108          0          0          0      43019   stm32f4xx_hal_tim.o
       208          0          0          0          0      18500   stm32f4xx_hal_tim_ex.o
      1982         32          0          0          0      23996   stm32f4xx_hal_uart.o
       124         32          0          0          0       2312   stm32f4xx_it.o
        16          4         24          4          0       2799   system_stm32f4xx.o
      1384         64          0          0        504      12837   tim.o
       564         48          0          0        520       8136   usart.o
       220          8          0         40          0       7048   user_can.o
        12          4          0          0          4       3636   user_delay.o
       314         48          0          0          0      13036   user_main.o
        10          0          0          0          0      16280   user_math.o
        76          0          0        520          0      16123   user_uart.o

    ----------------------------------------------------------------------
     17070        792        716        576       4144     418133   Object Totals
         0          0         32          0          0          0   (incl. Generated)
        34          0          0          0          2          0   (incl. Padding)

    ----------------------------------------------------------------------

      Code (inc. data)   RO Data    RW Data    ZI Data      Debug   Library Member Name

        58          0          0          0          0          0   __dczerorl.o
         8          0          0          0          0         68   __main.o
         0          0          0          0          0          0   __rtentry.o
        12          0          0          0          0          0   __rtentry2.o
         6          0          0          0          0          0   __rtentry4.o
        52          8          0          0          0          0   __scatter.o
        28          0          0          0          0          0   __scatter_zi.o
        22          0          0          0          0        100   _rserrno.o
        18          0          0          0          0         80   exit.o
         6          0          0          0          0        152   heapauxi.o
         0          0          0          0          0          0   indicate_semi.o
        36         10          0          0          0         80   init_aeabi.o
         2          0          0          0          0          0   libinit.o
        10          0          0          0          0          0   libinit2.o
         2          0          0          0          0          0   libshutdown.o
         2          0          0          0          0          0   libshutdown2.o
         8          4          0          0         96         68   libspace.o
       238          0          0          0          0        100   lludivv7m.o
         8          4          0          0          0         68   rt_errno_addr_intlibspace.o
        78          0          0          0          0         80   rt_memclr_w.o
       100          0          0          0          0         80   rt_memcpy_w.o
         2          0          0          0          0          0   rtexit.o
        10          0          0          0          0          0   rtexit2.o
        12          4          0          0          0         68   sys_exit.o
        74          0          0          0          0         80   sys_stackheap_outer.o
         2          0          0          0          0         68   use_no_semi.o
       140          4          0          0          0        132   fnaninf.o
        26          0          0          0          0        116   fpinit.o
       244          8          0          0          0        132   frem_clz.o
         0          0          0          0          0          0   usenofp.o
       176          0          0          0          0        168   fmodf.o
        16          6          0          0          0        116   funder.o

    ----------------------------------------------------------------------
      1406         48          0          0         96       1756   Library Totals
        10          0          0          0          0          0   (incl. Padding)

    ----------------------------------------------------------------------

      Code (inc. data)   RO Data    RW Data    ZI Data      Debug   Library Name

       794         30          0          0         96       1092   c_w.l
       410         12          0          0          0        380   fz_wm.l
       192          6          0          0          0        284   m_wm.l

    ----------------------------------------------------------------------
      1406         48          0          0         96       1756   Library Totals

    ----------------------------------------------------------------------

==============================================================================


      Code (inc. data)   RO Data    RW Data    ZI Data      Debug   

     18476        840        716        576       4240     418609   Grand Totals
     18476        840        716         32       4240     418609   ELF Image Totals (compressed)
     18476        840        716         32          0          0   ROM Totals

==============================================================================

    Total RO  Size (Code + RO Data)                19192 (  18.74kB)
    Total RW  Size (RW Data + ZI Data)              4816 (   4.70kB)
    Total ROM Size (Code + RO Data + RW Data)      19224 (  18.77kB)

==============================================================================

